###############################################################################
#
# IAR ELF Linker V8.50.9.278/W32 for ARM                  11/Feb/2021  18:09:27
# Copyright 2007-2020 IAR Systems AB.
#
#    Output file  =
#        D:\Projects\MainLDrv20\Lamp_drv\SDK_2.0_TWR-KV58F220M2\boards\twrkv58f220m\demo_apps\lwip\lwip_udpecho\freertos\iar\release\lwip_udpecho_freertos.out
#    Map file     =
#        D:\Projects\MainLDrv20\Lamp_drv\SDK_2.0_TWR-KV58F220M2\boards\twrkv58f220m\demo_apps\lwip\lwip_udpecho\freertos\iar\release\list\lwip_udpecho_freertos.map
#    Command line =
#        -f C:\Users\ivanov\AppData\Local\Temp\EWA83D.tmp
#        (D:\Projects\MainLDrv20\Lamp_drv\SDK_2.0_TWR-KV58F220M2\boards\twrkv58f220m\demo_apps\lwip\lwip_udpecho\freertos\iar\release\obj\api_lib.o
#        D:\Projects\MainLDrv20\Lamp_drv\SDK_2.0_TWR-KV58F220M2\boards\twrkv58f220m\demo_apps\lwip\lwip_udpecho\freertos\iar\release\obj\api_msg.o
#        D:\Projects\MainLDrv20\Lamp_drv\SDK_2.0_TWR-KV58F220M2\boards\twrkv58f220m\demo_apps\lwip\lwip_udpecho\freertos\iar\release\obj\app.o
#        D:\Projects\MainLDrv20\Lamp_drv\SDK_2.0_TWR-KV58F220M2\boards\twrkv58f220m\demo_apps\lwip\lwip_udpecho\freertos\iar\release\obj\auth.o
#        D:\Projects\MainLDrv20\Lamp_drv\SDK_2.0_TWR-KV58F220M2\boards\twrkv58f220m\demo_apps\lwip\lwip_udpecho\freertos\iar\release\obj\autoip.o
#        D:\Projects\MainLDrv20\Lamp_drv\SDK_2.0_TWR-KV58F220M2\boards\twrkv58f220m\demo_apps\lwip\lwip_udpecho\freertos\iar\release\obj\base64.o
#        D:\Projects\MainLDrv20\Lamp_drv\SDK_2.0_TWR-KV58F220M2\boards\twrkv58f220m\demo_apps\lwip\lwip_udpecho\freertos\iar\release\obj\board.o
#        D:\Projects\MainLDrv20\Lamp_drv\SDK_2.0_TWR-KV58F220M2\boards\twrkv58f220m\demo_apps\lwip\lwip_udpecho\freertos\iar\release\obj\ccp.o
#        D:\Projects\MainLDrv20\Lamp_drv\SDK_2.0_TWR-KV58F220M2\boards\twrkv58f220m\demo_apps\lwip\lwip_udpecho\freertos\iar\release\obj\chap-md5.o
#        D:\Projects\MainLDrv20\Lamp_drv\SDK_2.0_TWR-KV58F220M2\boards\twrkv58f220m\demo_apps\lwip\lwip_udpecho\freertos\iar\release\obj\chap-new.o
#        D:\Projects\MainLDrv20\Lamp_drv\SDK_2.0_TWR-KV58F220M2\boards\twrkv58f220m\demo_apps\lwip\lwip_udpecho\freertos\iar\release\obj\chap_ms.o
#        D:\Projects\MainLDrv20\Lamp_drv\SDK_2.0_TWR-KV58F220M2\boards\twrkv58f220m\demo_apps\lwip\lwip_udpecho\freertos\iar\release\obj\clock_config.o
#        D:\Projects\MainLDrv20\Lamp_drv\SDK_2.0_TWR-KV58F220M2\boards\twrkv58f220m\demo_apps\lwip\lwip_udpecho\freertos\iar\release\obj\croutine.o
#        D:\Projects\MainLDrv20\Lamp_drv\SDK_2.0_TWR-KV58F220M2\boards\twrkv58f220m\demo_apps\lwip\lwip_udpecho\freertos\iar\release\obj\def.o
#        D:\Projects\MainLDrv20\Lamp_drv\SDK_2.0_TWR-KV58F220M2\boards\twrkv58f220m\demo_apps\lwip\lwip_udpecho\freertos\iar\release\obj\demand.o
#        D:\Projects\MainLDrv20\Lamp_drv\SDK_2.0_TWR-KV58F220M2\boards\twrkv58f220m\demo_apps\lwip\lwip_udpecho\freertos\iar\release\obj\dhcp.o
#        D:\Projects\MainLDrv20\Lamp_drv\SDK_2.0_TWR-KV58F220M2\boards\twrkv58f220m\demo_apps\lwip\lwip_udpecho\freertos\iar\release\obj\dhcp6.o
#        D:\Projects\MainLDrv20\Lamp_drv\SDK_2.0_TWR-KV58F220M2\boards\twrkv58f220m\demo_apps\lwip\lwip_udpecho\freertos\iar\release\obj\dns.o
#        D:\Projects\MainLDrv20\Lamp_drv\SDK_2.0_TWR-KV58F220M2\boards\twrkv58f220m\demo_apps\lwip\lwip_udpecho\freertos\iar\release\obj\eap.o
#        D:\Projects\MainLDrv20\Lamp_drv\SDK_2.0_TWR-KV58F220M2\boards\twrkv58f220m\demo_apps\lwip\lwip_udpecho\freertos\iar\release\obj\err.o
#        D:\Projects\MainLDrv20\Lamp_drv\SDK_2.0_TWR-KV58F220M2\boards\twrkv58f220m\demo_apps\lwip\lwip_udpecho\freertos\iar\release\obj\etharp.o
#        D:\Projects\MainLDrv20\Lamp_drv\SDK_2.0_TWR-KV58F220M2\boards\twrkv58f220m\demo_apps\lwip\lwip_udpecho\freertos\iar\release\obj\ethernet.o
#        D:\Projects\MainLDrv20\Lamp_drv\SDK_2.0_TWR-KV58F220M2\boards\twrkv58f220m\demo_apps\lwip\lwip_udpecho\freertos\iar\release\obj\ethernetif.o
#        D:\Projects\MainLDrv20\Lamp_drv\SDK_2.0_TWR-KV58F220M2\boards\twrkv58f220m\demo_apps\lwip\lwip_udpecho\freertos\iar\release\obj\ethip6.o
#        D:\Projects\MainLDrv20\Lamp_drv\SDK_2.0_TWR-KV58F220M2\boards\twrkv58f220m\demo_apps\lwip\lwip_udpecho\freertos\iar\release\obj\eui64.o
#        D:\Projects\MainLDrv20\Lamp_drv\SDK_2.0_TWR-KV58F220M2\boards\twrkv58f220m\demo_apps\lwip\lwip_udpecho\freertos\iar\release\obj\event_groups.o
#        D:\Projects\MainLDrv20\Lamp_drv\SDK_2.0_TWR-KV58F220M2\boards\twrkv58f220m\demo_apps\lwip\lwip_udpecho\freertos\iar\release\obj\fonts.o
#        D:\Projects\MainLDrv20\Lamp_drv\SDK_2.0_TWR-KV58F220M2\boards\twrkv58f220m\demo_apps\lwip\lwip_udpecho\freertos\iar\release\obj\frame_decod.o
#        D:\Projects\MainLDrv20\Lamp_drv\SDK_2.0_TWR-KV58F220M2\boards\twrkv58f220m\demo_apps\lwip\lwip_udpecho\freertos\iar\release\obj\fs.o
#        D:\Projects\MainLDrv20\Lamp_drv\SDK_2.0_TWR-KV58F220M2\boards\twrkv58f220m\demo_apps\lwip\lwip_udpecho\freertos\iar\release\obj\fsl_adc16.o
#        D:\Projects\MainLDrv20\Lamp_drv\SDK_2.0_TWR-KV58F220M2\boards\twrkv58f220m\demo_apps\lwip\lwip_udpecho\freertos\iar\release\obj\fsl_clock.o
#        D:\Projects\MainLDrv20\Lamp_drv\SDK_2.0_TWR-KV58F220M2\boards\twrkv58f220m\demo_apps\lwip\lwip_udpecho\freertos\iar\release\obj\fsl_cmp.o
#        D:\Projects\MainLDrv20\Lamp_drv\SDK_2.0_TWR-KV58F220M2\boards\twrkv58f220m\demo_apps\lwip\lwip_udpecho\freertos\iar\release\obj\fsl_common.o
#        D:\Projects\MainLDrv20\Lamp_drv\SDK_2.0_TWR-KV58F220M2\boards\twrkv58f220m\demo_apps\lwip\lwip_udpecho\freertos\iar\release\obj\fsl_crc.o
#        D:\Projects\MainLDrv20\Lamp_drv\SDK_2.0_TWR-KV58F220M2\boards\twrkv58f220m\demo_apps\lwip\lwip_udpecho\freertos\iar\release\obj\fsl_debug_console.o
#        D:\Projects\MainLDrv20\Lamp_drv\SDK_2.0_TWR-KV58F220M2\boards\twrkv58f220m\demo_apps\lwip\lwip_udpecho\freertos\iar\release\obj\fsl_dma_manager.o
#        D:\Projects\MainLDrv20\Lamp_drv\SDK_2.0_TWR-KV58F220M2\boards\twrkv58f220m\demo_apps\lwip\lwip_udpecho\freertos\iar\release\obj\fsl_dmamux.o
#        D:\Projects\MainLDrv20\Lamp_drv\SDK_2.0_TWR-KV58F220M2\boards\twrkv58f220m\demo_apps\lwip\lwip_udpecho\freertos\iar\release\obj\fsl_dspi.o
#        D:\Projects\MainLDrv20\Lamp_drv\SDK_2.0_TWR-KV58F220M2\boards\twrkv58f220m\demo_apps\lwip\lwip_udpecho\freertos\iar\release\obj\fsl_dspi_edma.o
#        D:\Projects\MainLDrv20\Lamp_drv\SDK_2.0_TWR-KV58F220M2\boards\twrkv58f220m\demo_apps\lwip\lwip_udpecho\freertos\iar\release\obj\fsl_edma.o
#        D:\Projects\MainLDrv20\Lamp_drv\SDK_2.0_TWR-KV58F220M2\boards\twrkv58f220m\demo_apps\lwip\lwip_udpecho\freertos\iar\release\obj\fsl_enet.o
#        D:\Projects\MainLDrv20\Lamp_drv\SDK_2.0_TWR-KV58F220M2\boards\twrkv58f220m\demo_apps\lwip\lwip_udpecho\freertos\iar\release\obj\fsl_flexcan.o
#        D:\Projects\MainLDrv20\Lamp_drv\SDK_2.0_TWR-KV58F220M2\boards\twrkv58f220m\demo_apps\lwip\lwip_udpecho\freertos\iar\release\obj\fsl_flexcan_edma.o
#        D:\Projects\MainLDrv20\Lamp_drv\SDK_2.0_TWR-KV58F220M2\boards\twrkv58f220m\demo_apps\lwip\lwip_udpecho\freertos\iar\release\obj\fsl_ftfx_cache.o
#        D:\Projects\MainLDrv20\Lamp_drv\SDK_2.0_TWR-KV58F220M2\boards\twrkv58f220m\demo_apps\lwip\lwip_udpecho\freertos\iar\release\obj\fsl_ftfx_controller.o
#        D:\Projects\MainLDrv20\Lamp_drv\SDK_2.0_TWR-KV58F220M2\boards\twrkv58f220m\demo_apps\lwip\lwip_udpecho\freertos\iar\release\obj\fsl_ftfx_flash.o
#        D:\Projects\MainLDrv20\Lamp_drv\SDK_2.0_TWR-KV58F220M2\boards\twrkv58f220m\demo_apps\lwip\lwip_udpecho\freertos\iar\release\obj\fsl_ftfx_flexnvm.o
#        D:\Projects\MainLDrv20\Lamp_drv\SDK_2.0_TWR-KV58F220M2\boards\twrkv58f220m\demo_apps\lwip\lwip_udpecho\freertos\iar\release\obj\fsl_ftm.o
#        D:\Projects\MainLDrv20\Lamp_drv\SDK_2.0_TWR-KV58F220M2\boards\twrkv58f220m\demo_apps\lwip\lwip_udpecho\freertos\iar\release\obj\fsl_gpio.o
#        D:\Projects\MainLDrv20\Lamp_drv\SDK_2.0_TWR-KV58F220M2\boards\twrkv58f220m\demo_apps\lwip\lwip_udpecho\freertos\iar\release\obj\fsl_hsadc.o
#        D:\Projects\MainLDrv20\Lamp_drv\SDK_2.0_TWR-KV58F220M2\boards\twrkv58f220m\demo_apps\lwip\lwip_udpecho\freertos\iar\release\obj\fsl_i2c.o
#        D:\Projects\MainLDrv20\Lamp_drv\SDK_2.0_TWR-KV58F220M2\boards\twrkv58f220m\demo_apps\lwip\lwip_udpecho\freertos\iar\release\obj\fsl_i2c_edma.o
#        D:\Projects\MainLDrv20\Lamp_drv\SDK_2.0_TWR-KV58F220M2\boards\twrkv58f220m\demo_apps\lwip\lwip_udpecho\freertos\iar\release\obj\fsl_phy.o
#        D:\Projects\MainLDrv20\Lamp_drv\SDK_2.0_TWR-KV58F220M2\boards\twrkv58f220m\demo_apps\lwip\lwip_udpecho\freertos\iar\release\obj\fsl_pwm.o
#        D:\Projects\MainLDrv20\Lamp_drv\SDK_2.0_TWR-KV58F220M2\boards\twrkv58f220m\demo_apps\lwip\lwip_udpecho\freertos\iar\release\obj\fsl_sim.o
#        D:\Projects\MainLDrv20\Lamp_drv\SDK_2.0_TWR-KV58F220M2\boards\twrkv58f220m\demo_apps\lwip\lwip_udpecho\freertos\iar\release\obj\fsl_smc.o
#        D:\Projects\MainLDrv20\Lamp_drv\SDK_2.0_TWR-KV58F220M2\boards\twrkv58f220m\demo_apps\lwip\lwip_udpecho\freertos\iar\release\obj\fsl_uart.o
#        D:\Projects\MainLDrv20\Lamp_drv\SDK_2.0_TWR-KV58F220M2\boards\twrkv58f220m\demo_apps\lwip\lwip_udpecho\freertos\iar\release\obj\fsl_uart_edma.o
#        D:\Projects\MainLDrv20\Lamp_drv\SDK_2.0_TWR-KV58F220M2\boards\twrkv58f220m\demo_apps\lwip\lwip_udpecho\freertos\iar\release\obj\fsl_xbara.o
#        D:\Projects\MainLDrv20\Lamp_drv\SDK_2.0_TWR-KV58F220M2\boards\twrkv58f220m\demo_apps\lwip\lwip_udpecho\freertos\iar\release\obj\fsl_xbarb.o
#        D:\Projects\MainLDrv20\Lamp_drv\SDK_2.0_TWR-KV58F220M2\boards\twrkv58f220m\demo_apps\lwip\lwip_udpecho\freertos\iar\release\obj\fsm.o
#        D:\Projects\MainLDrv20\Lamp_drv\SDK_2.0_TWR-KV58F220M2\boards\twrkv58f220m\demo_apps\lwip\lwip_udpecho\freertos\iar\release\obj\hard_init.o
#        D:\Projects\MainLDrv20\Lamp_drv\SDK_2.0_TWR-KV58F220M2\boards\twrkv58f220m\demo_apps\lwip\lwip_udpecho\freertos\iar\release\obj\heap_3.o
#        D:\Projects\MainLDrv20\Lamp_drv\SDK_2.0_TWR-KV58F220M2\boards\twrkv58f220m\demo_apps\lwip\lwip_udpecho\freertos\iar\release\obj\html_page.o
#        D:\Projects\MainLDrv20\Lamp_drv\SDK_2.0_TWR-KV58F220M2\boards\twrkv58f220m\demo_apps\lwip\lwip_udpecho\freertos\iar\release\obj\httpd.o
#        D:\Projects\MainLDrv20\Lamp_drv\SDK_2.0_TWR-KV58F220M2\boards\twrkv58f220m\demo_apps\lwip\lwip_udpecho\freertos\iar\release\obj\httpserver-netconn.o
#        D:\Projects\MainLDrv20\Lamp_drv\SDK_2.0_TWR-KV58F220M2\boards\twrkv58f220m\demo_apps\lwip\lwip_udpecho\freertos\iar\release\obj\icmp.o
#        D:\Projects\MainLDrv20\Lamp_drv\SDK_2.0_TWR-KV58F220M2\boards\twrkv58f220m\demo_apps\lwip\lwip_udpecho\freertos\iar\release\obj\icmp6.o
#        D:\Projects\MainLDrv20\Lamp_drv\SDK_2.0_TWR-KV58F220M2\boards\twrkv58f220m\demo_apps\lwip\lwip_udpecho\freertos\iar\release\obj\igmp.o
#        D:\Projects\MainLDrv20\Lamp_drv\SDK_2.0_TWR-KV58F220M2\boards\twrkv58f220m\demo_apps\lwip\lwip_udpecho\freertos\iar\release\obj\inet6.o
#        D:\Projects\MainLDrv20\Lamp_drv\SDK_2.0_TWR-KV58F220M2\boards\twrkv58f220m\demo_apps\lwip\lwip_udpecho\freertos\iar\release\obj\inet_chksum.o
#        D:\Projects\MainLDrv20\Lamp_drv\SDK_2.0_TWR-KV58F220M2\boards\twrkv58f220m\demo_apps\lwip\lwip_udpecho\freertos\iar\release\obj\init.o
#        D:\Projects\MainLDrv20\Lamp_drv\SDK_2.0_TWR-KV58F220M2\boards\twrkv58f220m\demo_apps\lwip\lwip_udpecho\freertos\iar\release\obj\ip.o
#        D:\Projects\MainLDrv20\Lamp_drv\SDK_2.0_TWR-KV58F220M2\boards\twrkv58f220m\demo_apps\lwip\lwip_udpecho\freertos\iar\release\obj\ip4.o
#        D:\Projects\MainLDrv20\Lamp_drv\SDK_2.0_TWR-KV58F220M2\boards\twrkv58f220m\demo_apps\lwip\lwip_udpecho\freertos\iar\release\obj\ip4_addr.o
#        D:\Projects\MainLDrv20\Lamp_drv\SDK_2.0_TWR-KV58F220M2\boards\twrkv58f220m\demo_apps\lwip\lwip_udpecho\freertos\iar\release\obj\ip6.o
#        D:\Projects\MainLDrv20\Lamp_drv\SDK_2.0_TWR-KV58F220M2\boards\twrkv58f220m\demo_apps\lwip\lwip_udpecho\freertos\iar\release\obj\ip6_addr.o
#        D:\Projects\MainLDrv20\Lamp_drv\SDK_2.0_TWR-KV58F220M2\boards\twrkv58f220m\demo_apps\lwip\lwip_udpecho\freertos\iar\release\obj\ip6_frag.o
#        D:\Projects\MainLDrv20\Lamp_drv\SDK_2.0_TWR-KV58F220M2\boards\twrkv58f220m\demo_apps\lwip\lwip_udpecho\freertos\iar\release\obj\ip_frag.o
#        D:\Projects\MainLDrv20\Lamp_drv\SDK_2.0_TWR-KV58F220M2\boards\twrkv58f220m\demo_apps\lwip\lwip_udpecho\freertos\iar\release\obj\ipcp.o
#        D:\Projects\MainLDrv20\Lamp_drv\SDK_2.0_TWR-KV58F220M2\boards\twrkv58f220m\demo_apps\lwip\lwip_udpecho\freertos\iar\release\obj\ipv6cp.o
#        D:\Projects\MainLDrv20\Lamp_drv\SDK_2.0_TWR-KV58F220M2\boards\twrkv58f220m\demo_apps\lwip\lwip_udpecho\freertos\iar\release\obj\lcp.o
#        D:\Projects\MainLDrv20\Lamp_drv\SDK_2.0_TWR-KV58F220M2\boards\twrkv58f220m\demo_apps\lwip\lwip_udpecho\freertos\iar\release\obj\list.o
#        D:\Projects\MainLDrv20\Lamp_drv\SDK_2.0_TWR-KV58F220M2\boards\twrkv58f220m\demo_apps\lwip\lwip_udpecho\freertos\iar\release\obj\lowpan6.o
#        D:\Projects\MainLDrv20\Lamp_drv\SDK_2.0_TWR-KV58F220M2\boards\twrkv58f220m\demo_apps\lwip\lwip_udpecho\freertos\iar\release\obj\lwip_ecp.o
#        D:\Projects\MainLDrv20\Lamp_drv\SDK_2.0_TWR-KV58F220M2\boards\twrkv58f220m\demo_apps\lwip\lwip_udpecho\freertos\iar\release\obj\lwip_timers.o
#        D:\Projects\MainLDrv20\Lamp_drv\SDK_2.0_TWR-KV58F220M2\boards\twrkv58f220m\demo_apps\lwip\lwip_udpecho\freertos\iar\release\obj\lwip_udpecho_freertos.o
#        D:\Projects\MainLDrv20\Lamp_drv\SDK_2.0_TWR-KV58F220M2\boards\twrkv58f220m\demo_apps\lwip\lwip_udpecho\freertos\iar\release\obj\magic.o
#        D:\Projects\MainLDrv20\Lamp_drv\SDK_2.0_TWR-KV58F220M2\boards\twrkv58f220m\demo_apps\lwip\lwip_udpecho\freertos\iar\release\obj\mem.o
#        D:\Projects\MainLDrv20\Lamp_drv\SDK_2.0_TWR-KV58F220M2\boards\twrkv58f220m\demo_apps\lwip\lwip_udpecho\freertos\iar\release\obj\memp.o
#        D:\Projects\MainLDrv20\Lamp_drv\SDK_2.0_TWR-KV58F220M2\boards\twrkv58f220m\demo_apps\lwip\lwip_udpecho\freertos\iar\release\obj\mld6.o
#        D:\Projects\MainLDrv20\Lamp_drv\SDK_2.0_TWR-KV58F220M2\boards\twrkv58f220m\demo_apps\lwip\lwip_udpecho\freertos\iar\release\obj\mppe.o
#        D:\Projects\MainLDrv20\Lamp_drv\SDK_2.0_TWR-KV58F220M2\boards\twrkv58f220m\demo_apps\lwip\lwip_udpecho\freertos\iar\release\obj\multilink.o
#        D:\Projects\MainLDrv20\Lamp_drv\SDK_2.0_TWR-KV58F220M2\boards\twrkv58f220m\demo_apps\lwip\lwip_udpecho\freertos\iar\release\obj\nd6.o
#        D:\Projects\MainLDrv20\Lamp_drv\SDK_2.0_TWR-KV58F220M2\boards\twrkv58f220m\demo_apps\lwip\lwip_udpecho\freertos\iar\release\obj\netbuf.o
#        D:\Projects\MainLDrv20\Lamp_drv\SDK_2.0_TWR-KV58F220M2\boards\twrkv58f220m\demo_apps\lwip\lwip_udpecho\freertos\iar\release\obj\netdb.o
#        D:\Projects\MainLDrv20\Lamp_drv\SDK_2.0_TWR-KV58F220M2\boards\twrkv58f220m\demo_apps\lwip\lwip_udpecho\freertos\iar\release\obj\netif.o
#        D:\Projects\MainLDrv20\Lamp_drv\SDK_2.0_TWR-KV58F220M2\boards\twrkv58f220m\demo_apps\lwip\lwip_udpecho\freertos\iar\release\obj\netifapi.o
#        D:\Projects\MainLDrv20\Lamp_drv\SDK_2.0_TWR-KV58F220M2\boards\twrkv58f220m\demo_apps\lwip\lwip_udpecho\freertos\iar\release\obj\pbuf.o
#        D:\Projects\MainLDrv20\Lamp_drv\SDK_2.0_TWR-KV58F220M2\boards\twrkv58f220m\demo_apps\lwip\lwip_udpecho\freertos\iar\release\obj\pflash.o
#        D:\Projects\MainLDrv20\Lamp_drv\SDK_2.0_TWR-KV58F220M2\boards\twrkv58f220m\demo_apps\lwip\lwip_udpecho\freertos\iar\release\obj\pin_mux.o
#        D:\Projects\MainLDrv20\Lamp_drv\SDK_2.0_TWR-KV58F220M2\boards\twrkv58f220m\demo_apps\lwip\lwip_udpecho\freertos\iar\release\obj\port.o
#        D:\Projects\MainLDrv20\Lamp_drv\SDK_2.0_TWR-KV58F220M2\boards\twrkv58f220m\demo_apps\lwip\lwip_udpecho\freertos\iar\release\obj\portasm.o
#        D:\Projects\MainLDrv20\Lamp_drv\SDK_2.0_TWR-KV58F220M2\boards\twrkv58f220m\demo_apps\lwip\lwip_udpecho\freertos\iar\release\obj\ppp.o
#        D:\Projects\MainLDrv20\Lamp_drv\SDK_2.0_TWR-KV58F220M2\boards\twrkv58f220m\demo_apps\lwip\lwip_udpecho\freertos\iar\release\obj\pppapi.o
#        D:\Projects\MainLDrv20\Lamp_drv\SDK_2.0_TWR-KV58F220M2\boards\twrkv58f220m\demo_apps\lwip\lwip_udpecho\freertos\iar\release\obj\pppcrypt.o
#        D:\Projects\MainLDrv20\Lamp_drv\SDK_2.0_TWR-KV58F220M2\boards\twrkv58f220m\demo_apps\lwip\lwip_udpecho\freertos\iar\release\obj\pppoe.o
#        D:\Projects\MainLDrv20\Lamp_drv\SDK_2.0_TWR-KV58F220M2\boards\twrkv58f220m\demo_apps\lwip\lwip_udpecho\freertos\iar\release\obj\pppol2tp.o
#        D:\Projects\MainLDrv20\Lamp_drv\SDK_2.0_TWR-KV58F220M2\boards\twrkv58f220m\demo_apps\lwip\lwip_udpecho\freertos\iar\release\obj\pppos.o
#        D:\Projects\MainLDrv20\Lamp_drv\SDK_2.0_TWR-KV58F220M2\boards\twrkv58f220m\demo_apps\lwip\lwip_udpecho\freertos\iar\release\obj\queue.o
#        D:\Projects\MainLDrv20\Lamp_drv\SDK_2.0_TWR-KV58F220M2\boards\twrkv58f220m\demo_apps\lwip\lwip_udpecho\freertos\iar\release\obj\raw.o
#        D:\Projects\MainLDrv20\Lamp_drv\SDK_2.0_TWR-KV58F220M2\boards\twrkv58f220m\demo_apps\lwip\lwip_udpecho\freertos\iar\release\obj\slipif.o
#        D:\Projects\MainLDrv20\Lamp_drv\SDK_2.0_TWR-KV58F220M2\boards\twrkv58f220m\demo_apps\lwip\lwip_udpecho\freertos\iar\release\obj\sockets.o
#        D:\Projects\MainLDrv20\Lamp_drv\SDK_2.0_TWR-KV58F220M2\boards\twrkv58f220m\demo_apps\lwip\lwip_udpecho\freertos\iar\release\obj\ssd1306.o
#        D:\Projects\MainLDrv20\Lamp_drv\SDK_2.0_TWR-KV58F220M2\boards\twrkv58f220m\demo_apps\lwip\lwip_udpecho\freertos\iar\release\obj\ssd1306_i2c.o
#        D:\Projects\MainLDrv20\Lamp_drv\SDK_2.0_TWR-KV58F220M2\boards\twrkv58f220m\demo_apps\lwip\lwip_udpecho\freertos\iar\release\obj\startup_MKV58F24.o
#        D:\Projects\MainLDrv20\Lamp_drv\SDK_2.0_TWR-KV58F220M2\boards\twrkv58f220m\demo_apps\lwip\lwip_udpecho\freertos\iar\release\obj\stats.o
#        D:\Projects\MainLDrv20\Lamp_drv\SDK_2.0_TWR-KV58F220M2\boards\twrkv58f220m\demo_apps\lwip\lwip_udpecho\freertos\iar\release\obj\sys.o
#        D:\Projects\MainLDrv20\Lamp_drv\SDK_2.0_TWR-KV58F220M2\boards\twrkv58f220m\demo_apps\lwip\lwip_udpecho\freertos\iar\release\obj\sys_arch.o
#        D:\Projects\MainLDrv20\Lamp_drv\SDK_2.0_TWR-KV58F220M2\boards\twrkv58f220m\demo_apps\lwip\lwip_udpecho\freertos\iar\release\obj\system_MKV58F24.o
#        D:\Projects\MainLDrv20\Lamp_drv\SDK_2.0_TWR-KV58F220M2\boards\twrkv58f220m\demo_apps\lwip\lwip_udpecho\freertos\iar\release\obj\tasks.o
#        D:\Projects\MainLDrv20\Lamp_drv\SDK_2.0_TWR-KV58F220M2\boards\twrkv58f220m\demo_apps\lwip\lwip_udpecho\freertos\iar\release\obj\tcp.o
#        D:\Projects\MainLDrv20\Lamp_drv\SDK_2.0_TWR-KV58F220M2\boards\twrkv58f220m\demo_apps\lwip\lwip_udpecho\freertos\iar\release\obj\tcp_in.o
#        D:\Projects\MainLDrv20\Lamp_drv\SDK_2.0_TWR-KV58F220M2\boards\twrkv58f220m\demo_apps\lwip\lwip_udpecho\freertos\iar\release\obj\tcp_out.o
#        D:\Projects\MainLDrv20\Lamp_drv\SDK_2.0_TWR-KV58F220M2\boards\twrkv58f220m\demo_apps\lwip\lwip_udpecho\freertos\iar\release\obj\tcpecho.o
#        D:\Projects\MainLDrv20\Lamp_drv\SDK_2.0_TWR-KV58F220M2\boards\twrkv58f220m\demo_apps\lwip\lwip_udpecho\freertos\iar\release\obj\tcpip.o
#        D:\Projects\MainLDrv20\Lamp_drv\SDK_2.0_TWR-KV58F220M2\boards\twrkv58f220m\demo_apps\lwip\lwip_udpecho\freertos\iar\release\obj\timers.o
#        D:\Projects\MainLDrv20\Lamp_drv\SDK_2.0_TWR-KV58F220M2\boards\twrkv58f220m\demo_apps\lwip\lwip_udpecho\freertos\iar\release\obj\udp.o
#        D:\Projects\MainLDrv20\Lamp_drv\SDK_2.0_TWR-KV58F220M2\boards\twrkv58f220m\demo_apps\lwip\lwip_udpecho\freertos\iar\release\obj\udpecho.o
#        D:\Projects\MainLDrv20\Lamp_drv\SDK_2.0_TWR-KV58F220M2\boards\twrkv58f220m\demo_apps\lwip\lwip_udpecho\freertos\iar\release\obj\upap.o
#        D:\Projects\MainLDrv20\Lamp_drv\SDK_2.0_TWR-KV58F220M2\boards\twrkv58f220m\demo_apps\lwip\lwip_udpecho\freertos\iar\release\obj\utils.o
#        D:\Projects\MainLDrv20\Lamp_drv\SDK_2.0_TWR-KV58F220M2\boards\twrkv58f220m\demo_apps\lwip\lwip_udpecho\freertos\iar\release\obj\vj.o
#        --redirect _Printf=_PrintfSmallNoMb --redirect _Scanf=_ScanfSmallNoMb
#        --no_out_extension -o
#        D:\Projects\MainLDrv20\Lamp_drv\SDK_2.0_TWR-KV58F220M2\boards\twrkv58f220m\demo_apps\lwip\lwip_udpecho\freertos\iar\release\lwip_udpecho_freertos.out
#        --map
#        D:\Projects\MainLDrv20\Lamp_drv\SDK_2.0_TWR-KV58F220M2\boards\twrkv58f220m\demo_apps\lwip\lwip_udpecho\freertos\iar\release\list\lwip_udpecho_freertos.map
#        --config
#        D:\Projects\MainLDrv20\Lamp_drv\SDK_2.0_TWR-KV58F220M2\boards\twrkv58f220m\demo_apps\lwip\lwip_udpecho\freertos\iar\MKV58F1M0xxx24_app_remap_to_0x10040000.icf
#        --semihosting --entry __iar_program_start --inline --vfe --text_out
#        locale --advanced_heap)
#
###############################################################################

*******************************************************************************
*** RUNTIME MODEL ATTRIBUTES
***

CppFlavor       = *
__Heap_Handler  = DLMalloc
__SystemLibrary = DLib
__dlib_version  = 6


*******************************************************************************
*** HEAP SELECTION
***

The advanced heap was selected because of --advanced_heap.


*******************************************************************************
*** PLACEMENT SUMMARY
***

"A0":  place at address 0x1004'0000 { ro section .intvec };
"P1":  place in [from 0x1004'0000 to 0x1004'03ff] |
                [from 0x1004'0410 to 0x1009'ffff] { ro };
define block CSTACK with size = 8K, alignment = 8 { };
define block HEAP with size = 64K, alignment = 8 { };
"P4":  place in [from 0x0 to 0xffff] |
                [from 0x2000'0000 to 0x2001'ffff] |
                [from 0x2f00'0000 to 0x2f00'ffff] {
          rw, block CSTACK, block HEAP };
initialize by copy { rw };

No sections matched the following patterns:

  ro section application_specific_ro  in "P3|P5"
  rw section application_specific_rw  in "P3|P5"
  section .textrw                     in "P2"


  Section            Kind         Address      Size  Object
  -------            ----         -------      ----  ------
"A0":                                         0x400
  .intvec            ro code  0x1004'0000     0x400  startup_MKV58F24.o [1]
                            - 0x1004'0400     0x400

Absolute sections, part 1 of 5:                0x20
  .rodata            const    0x1004'0430      0x20  frame_decod.o [1]
                            - 0x1004'0450      0x20

"P1":                                      0x2'34a4
  .rodata            const    0x1004'0450    0x6020  fs.o [1]
  .text              ro code  0x1004'6470    0x157c  tcp_in.o [1]
  .text              ro code  0x1004'79ec      0x50  ip4_addr.o [1]
  .text              ro code  0x1004'7a3c     0x1f0  inet_chksum.o [1]
  .text              ro code  0x1004'7c2c      0x2c  def.o [1]
  .text              ro code  0x1004'7c58     0x888  pbuf.o [1]
  .text              ro code  0x1004'84e0     0x374  sys_arch.o [1]
  .text              ro code  0x1004'8854    0x10c8  tcp.o [1]
  .text              ro code  0x1004'991c     0x13c  memp.o [1]
  .text              ro code  0x1004'9a58    0x1164  tcp_out.o [1]
  .text              ro code  0x1004'abbc     0x1dc  lwip_timers.o [1]
  .text              ro code  0x1004'ad98     0x4c4  mem.o [1]
  .text              ro code  0x1004'b25c      0xa6  ABImemcpy.o [4]
  .text              ro code  0x1004'b302      0x3a  zero_init3.o [4]
  .text              ro code  0x1004'b33c      0x28  printf.o [2]
  .text              ro code  0x1004'b364     0x35c  port.o [1]
  .text              ro code  0x1004'b6c0     0x800  queue.o [1]
  .text              ro code  0x1004'bec0     0xee0  tasks.o [1]
  .text              ro code  0x1004'cda0      0x66  ABImemset.o [4]
  .text              ro code  0x1004'ce06       0xa  xsprout.o [2]
  .text              ro code  0x1004'ce10     0x490  ip4.o [1]
  .text              ro code  0x1004'd2a0     0x501  xprintfsmall_nomb.o [2]
  .rodata            const    0x1004'd7a2       0x2  pin_mux.o [1]
  .text              ro code  0x1004'd7a4      0x4c  port.o [1]
  CODE               ro code  0x1004'd7f0      0xa8  portasm.o [1]
  .text              ro code  0x1004'd898      0x94  list.o [1]
  .text              ro code  0x1004'd92c     0x2d4  heap_3.o [1]
  .text              ro code  0x1004'dc00     0x498  timers.o [1]
  .text              ro code  0x1004'e098     0x100  lwip_udpecho_freertos.o [1]
  .text              ro code  0x1004'e198     0x89c  ip_frag.o [1]
  .text              ro code  0x1004'ea34     0x56c  udp.o [1]
  .text              ro code  0x1004'efa0     0x2e8  icmp.o [1]
  .text              ro code  0x1004'f288      0x16  strchr.o [4]
  .rodata            const    0x1004'f29e       0x2  pin_mux.o [1]
  .text              ro code  0x1004'f2a0      0x40  xfail_s.o [2]
  .text              ro code  0x1004'f2e0      0x36  strlen.o [4]
  .rodata            const    0x1004'f316       0x2  pin_mux.o [1]
  .text              ro code  0x1004'f318      0x58  memchr.o [4]
  .text              ro code  0x1004'f370     0xce0  app.o [1]
  .text              ro code  0x1005'0050     0xf0c  hard_init.o [1]
  .text              ro code  0x1005'0f5c       0x6  abort.o [2]
  .rodata            const    0x1005'0f62       0x2  pin_mux.o [1]
  .text              ro code  0x1005'0f64     0x6ac  fsl_hsadc.o [1]
  .text              ro code  0x1005'1610     0xa9c  fsl_edma.o [1]
  .text              ro code  0x1005'20ac      0x4c  fsl_dmamux.o [1]
  .text              ro code  0x1005'20f8     0x788  fsl_dspi_edma.o [1]
  .text              ro code  0x1005'2880     0x4f8  fsl_clock.o [1]
  .text              ro code  0x1005'2d78     0x4b8  fsl_dspi.o [1]
  .text              ro code  0x1005'3230      0x2c  fsl_pwm.o [1]
  .text              ro code  0x1005'325c    0x1464  frame_decod.o [1]
  .text              ro code  0x1005'46c0     0x158  fsl_crc.o [1]
  .text              ro code  0x1005'4818     0x1e0  pflash.o [1]
  .text              ro code  0x1005'49f8     0x528  fsl_i2c.o [1]
  .text              ro code  0x1005'4f20      0x20  fsl_sim.o [1]
  .text              ro code  0x1005'4f40     0x59c  pin_mux.o [1]
  .text              ro code  0x1005'54dc      0xa4  clock_config.o [1]
  .text              ro code  0x1005'5580     0x4cc  fsl_ftm.o [1]
  .text              ro code  0x1005'5a4c       0xc  board.o [1]
  .text              ro code  0x1005'5a58      0x48  fsl_gpio.o [1]
  .text              ro code  0x1005'5aa0     0x1d0  tcpip.o [1]
  .text              ro code  0x1005'5c70     0x164  netif.o [1]
  .text              ro code  0x1005'5dd4     0x460  httpserver-netconn.o [1]
  .text              ro code  0x1005'6234      0xf8  udpecho.o [1]
  .text              ro code  0x1005'632c      0x14  exit.o [5]
  .text              ro code  0x1005'6340     0x582  fsl_ftfx_flash.o [1]
  .rodata            const    0x1005'68c2       0x2  pin_mux.o [1]
  .text              ro code  0x1005'68c4      0x70  fsl_ftfx_cache.o [1]
  .text              ro code  0x1005'6934      0x44  fsl_xbara.o [1]
  .text              ro code  0x1005'6978      0x20  init.o [1]
  .text              ro code  0x1005'6998     0xbf4  etharp.o [1]
  .text              ro code  0x1005'758c     0x546  api_lib.o [1]
  .rodata            const    0x1005'7ad2       0x2  pin_mux.o [1]
  .text              ro code  0x1005'7ad4      0x88  netbuf.o [1]
  .text              ro code  0x1005'7b5c      0x28  strncmp.o [2]
  .text              ro code  0x1005'7b84     0x128  base64.o [1]
  .text              ro code  0x1005'7cac     0xe34  html_page.o [1]
  .text              ro code  0x1005'8ae0      0x4c  fs.o [1]
  .text              ro code  0x1005'8b2c     0x40c  fsl_ftfx_controller.o [1]
  .text              ro code  0x1005'8f38     0xd00  dhcp.o [1]
  .text              ro code  0x1005'9c38    0x121c  api_msg.o [1]
  .text              ro code  0x1005'ae54      0x40  sprintf.o [2]
  .text              ro code  0x1005'ae94      0x1e  strcat.o [2]
  .rodata            const    0x1005'aeb2       0x2  pin_mux.o [1]
  .text              ro code  0x1005'aeb4      0x12  strcmp.o [4]
  .rodata            const    0x1005'aec6       0x2  pin_mux.o [1]
  .text              ro code  0x1005'aec8    0x14c4  dlmalloc.o [2]
  .text              ro code  0x1005'c38c      0x2c  xgetmemchunk.o [2]
  .rodata            const    0x1005'c3b8     0xbfc  fs.o [1]
  .rodata            const    0x1005'cfb4     0xb50  fs.o [1]
  .rodata            const    0x1005'db04     0x8e8  fs.o [1]
  .text              ro code  0x1005'e3ec     0x840  fsl_enet.o [1]
  .rodata            const    0x1005'ec2c     0x630  fs.o [1]
  .text              ro code  0x1005'f25c     0x3bc  ethernetif.o [1]
  .text              ro code  0x1005'f618     0x28c  event_groups.o [1]
  .text              ro code  0x1005'f8a4     0x24c  fsl_phy.o [1]
  .rodata            const    0x1005'faf0     0x284  html_page.o [1]
  .rodata            const    0x1005'fd74     0x110  html_page.o [1]
  .rodata            const    0x1005'fe84     0x100  base64.o [1]
  .text              ro code  0x1005'ff84      0xd8  xfspos.o [2]
  .text              ro code  0x1006'005c      0xac  fflush.o [2]
  .text              ro code  0x1006'0108       0xc  xfgpos.o [2]
  .text              ro code  0x1006'0114      0x4a  lseek.o [5]
  .rodata            const    0x1006'015e       0x2  pin_mux.o [1]
  .text              ro code  0x1006'0160      0x40  fsl_debug_console.o [1]
  .text              ro code  0x1006'01a0      0xcc  XShHandles.o [2]
  .text              ro code  0x1006'026c      0xc4  system_MKV58F24.o [1]
  .text              ro code  0x1006'0330      0xc0  ethernet.o [1]
  .text              ro code  0x1006'03f0      0x68  memcmp.o [4]
  .text              ro code  0x1006'0458      0xb4  fsl_uart.o [1]
  .text              ro code  0x1006'050c      0xb4  xfwprep.o [2]
  .text              ro code  0x1006'05c0      0x24  fseek.o [2]
  .rodata            const    0x1006'05e4      0x9c  html_page.o [1]
  .text              ro code  0x1006'0680      0x9c  xfofind.o [2]
  .text              ro code  0x1006'071c      0x9c  packbits_init.o [4]
  .rodata            const    0x1006'07b8      0x80  fsl_i2c.o [1]
  .text              ro code  0x1006'0838      0x7e  fclose.o [2]
  .text              ro code  0x1006'08b6      0x18  close.o [5]
  .text              ro code  0x1006'08ce      0x14  remove.o [5]
  .rodata            const    0x1006'08e2       0x2  pin_mux.o [1]
  .rodata            const    0x1006'08e4      0x58  html_page.o [1]
  .rodata            const    0x1006'093c      0x58  tcp_out.o [1]
  .text              ro code  0x1006'0994      0x54  fputc.o [2]
  .rodata            const    0x1006'09e8      0x4c  html_page.o [1]
  .rodata            const    0x1006'0a34      0x48  dhcp.o [1]
  .rodata            const    0x1006'0a7c      0x48  html_page.o [1]
  .rodata            const    0x1006'0ac4      0x44  dhcp.o [1]
  .rodata            const    0x1006'0b08      0x44  etharp.o [1]
  .text              ro code  0x1006'0b4c      0x44  fsl_flexcan.o [1]
  .rodata            const    0x1006'0b90      0x40  dhcp.o [1]
  .rodata            const    0x1006'0bd0      0x40  dhcp.o [1]
  .rodata            const    0x1006'0c10      0x40  dhcp.o [1]
  .rodata            const    0x1006'0c50      0x40  etharp.o [1]
  .rodata            const    0x1006'0c90      0x40  fsl_dspi.o [1]
  .rodata            const    0x1006'0cd0      0x40  fsl_dspi.o [1]
  .rodata            const    0x1006'0d10      0x40  html_page.o [1]
  .rodata            const    0x1006'0d50      0x40  lwip_timers.o [1]
  .rodata            const    0x1006'0d90      0x40  tcp_out.o [1]
  .rodata            const    0x1006'0dd0      0x3c  api_msg.o [1]
  .rodata            const    0x1006'0e0c      0x3c  api_msg.o [1]
  .rodata            const    0x1006'0e48      0x3c  dhcp.o [1]
  .rodata            const    0x1006'0e84      0x3c  html_page.o [1]
  .rodata            const    0x1006'0ec0      0x3c  html_page.o [1]
  .rodata            const    0x1006'0efc      0x3c  html_page.o [1]
  .rodata            const    0x1006'0f38      0x3c  tcp_out.o [1]
  .rodata            const    0x1006'0f74      0x3c  tcp_out.o [1]
  .text              ro code  0x1006'0fb0      0x3c  xcloseall.o [2]
  .rodata            const    0x1006'0fec      0x38  hard_init.o [1]
  .rodata            const    0x1006'1024      0x38  icmp.o [1]
  .rodata            const    0x1006'105c      0x38  icmp.o [1]
  .rodata            const    0x1006'1094      0x38  ip_frag.o [1]
  .rodata            const    0x1006'10cc      0x38  pbuf.o [1]
  .rodata            const    0x1006'1104      0x38  tcp_in.o [1]
  .rodata            const    0x1006'113c      0x38  tcp_out.o [1]
  .rodata            const    0x1006'1174      0x34  api_msg.o [1]
  .rodata            const    0x1006'11a8      0x34  etharp.o [1]
  .rodata            const    0x1006'11dc      0x34  html_page.o [1]
  .rodata            const    0x1006'1210      0x34  icmp.o [1]
  .rodata            const    0x1006'1244      0x34  memp.o [1]
  .rodata            const    0x1006'1278      0x34  pbuf.o [1]
  .rodata            const    0x1006'12ac      0x34  pbuf.o [1]
  .rodata            const    0x1006'12e0      0x34  tcp.o [1]
  .rodata            const    0x1006'1314      0x34  tcp_out.o [1]
  .rodata            const    0x1006'1348      0x34  tcp_out.o [1]
  .rodata            const    0x1006'137c      0x30  api_msg.o [1]
  .rodata            const    0x1006'13ac      0x30  api_msg.o [1]
  .rodata            const    0x1006'13dc      0x30  etharp.o [1]
  .rodata            const    0x1006'140c      0x30  html_page.o [1]
  .rodata            const    0x1006'143c      0x30  html_page.o [1]
  .rodata            const    0x1006'146c      0x30  ip4.o [1]
  .rodata            const    0x1006'149c      0x30  ip_frag.o [1]
  .rodata            const    0x1006'14cc      0x30  mem.o [1]
  .rodata            const    0x1006'14fc      0x30  mem.o [1]
  .rodata            const    0x1006'152c      0x30  pbuf.o [1]
  .rodata            const    0x1006'155c      0x30  pbuf.o [1]
  .rodata            const    0x1006'158c      0x30  pbuf.o [1]
  .rodata            const    0x1006'15bc      0x30  pbuf.o [1]
  .rodata            const    0x1006'15ec      0x30  tcp.o [1]
  .rodata            const    0x1006'161c      0x30  tcp.o [1]
  .rodata            const    0x1006'164c      0x30  tcp_in.o [1]
  .rodata            const    0x1006'167c      0x30  tcp_out.o [1]
  .rodata            const    0x1006'16ac      0x30  tcp_out.o [1]
  .rodata            const    0x1006'16dc      0x30  tcp_out.o [1]
  .rodata            const    0x1006'170c      0x30  udp.o [1]
  .rodata            const    0x1006'173c      0x2c  api_msg.o [1]
  .rodata            const    0x1006'1768      0x2c  dhcp.o [1]
  .rodata            const    0x1006'1794      0x2c  etharp.o [1]
  .rodata            const    0x1006'17c0      0x2c  html_page.o [1]
  .rodata            const    0x1006'17ec      0x2c  icmp.o [1]
  .rodata            const    0x1006'1818      0x2c  mem.o [1]
  .rodata            const    0x1006'1844      0x2c  pbuf.o [1]
  .rodata            const    0x1006'1870      0x2c  pbuf.o [1]
  .rodata            const    0x1006'189c      0x2c  pflash.o [1]
  .rodata            const    0x1006'18c8      0x2c  pflash.o [1]
  .rodata            const    0x1006'18f4      0x2c  pflash.o [1]
  .rodata            const    0x1006'1920      0x2c  tcp.o [1]
  .rodata            const    0x1006'194c      0x2c  tcp.o [1]
  .rodata            const    0x1006'1978      0x2c  tcp.o [1]
  .rodata            const    0x1006'19a4      0x2c  tcp.o [1]
  .rodata            const    0x1006'19d0      0x2c  tcp_in.o [1]
  .rodata            const    0x1006'19fc      0x2c  tcp_in.o [1]
  .rodata            const    0x1006'1a28      0x2c  tcp_in.o [1]
  .rodata            const    0x1006'1a54      0x2c  tcp_out.o [1]
  .rodata            const    0x1006'1a80      0x2c  tcp_out.o [1]
  .rodata            const    0x1006'1aac      0x28  api_msg.o [1]
  .rodata            const    0x1006'1ad4      0x28  dhcp.o [1]
  .rodata            const    0x1006'1afc      0x28  dhcp.o [1]
  .rodata            const    0x1006'1b24      0x28  dhcp.o [1]
  .rodata            const    0x1006'1b4c      0x28  dhcp.o [1]
  .rodata            const    0x1006'1b74      0x28  etharp.o [1]
  .rodata            const    0x1006'1b9c      0x28  icmp.o [1]
  .rodata            const    0x1006'1bc4      0x28  tcp.o [1]
  .rodata            const    0x1006'1bec      0x28  tcp.o [1]
  .rodata            const    0x1006'1c14      0x28  tcp.o [1]
  .rodata            const    0x1006'1c3c      0x28  tcp.o [1]
  .rodata            const    0x1006'1c64      0x28  tcp.o [1]
  .rodata            const    0x1006'1c8c      0x28  tcp.o [1]
  .rodata            const    0x1006'1cb4      0x28  tcp.o [1]
  .rodata            const    0x1006'1cdc      0x28  tcp_in.o [1]
  .rodata            const    0x1006'1d04      0x28  tcp_in.o [1]
  .rodata            const    0x1006'1d2c      0x28  tcp_in.o [1]
  .rodata            const    0x1006'1d54      0x28  tcp_out.o [1]
  .rodata            const    0x1006'1d7c      0x28  tcp_out.o [1]
  .text              ro code  0x1006'1da4      0x28  data_init.o [4]
  .rodata            const    0x1006'1dcc      0x24  api_lib.o [1]
  .rodata            const    0x1006'1df0      0x24  api_lib.o [1]
  .rodata            const    0x1006'1e14      0x24  api_lib.o [1]
  .rodata            const    0x1006'1e38      0x24  api_msg.o [1]
  .rodata            const    0x1006'1e5c      0x24  api_msg.o [1]
  .rodata            const    0x1006'1e80      0x24  api_msg.o [1]
  .rodata            const    0x1006'1ea4      0x24  api_msg.o [1]
  .rodata            const    0x1006'1ec8      0x24  dhcp.o [1]
  .rodata            const    0x1006'1eec      0x24  etharp.o [1]
  .rodata            const    0x1006'1f10      0x24  hard_init.o [1]
  .rodata            const    0x1006'1f34      0x24  icmp.o [1]
  .rodata            const    0x1006'1f58      0x24  ip_frag.o [1]
  .rodata            const    0x1006'1f7c      0x24  mem.o [1]
  .rodata            const    0x1006'1fa0      0x24  mem.o [1]
  .rodata            const    0x1006'1fc4      0x24  memp.o [1]
  .rodata            const    0x1006'1fe8      0x24  pbuf.o [1]
  .rodata            const    0x1006'200c      0x24  pbuf.o [1]
  .rodata            const    0x1006'2030      0x24  pbuf.o [1]
  .rodata            const    0x1006'2054      0x24  tcp.o [1]
  .rodata            const    0x1006'2078      0x24  tcp.o [1]
  .rodata            const    0x1006'209c      0x24  tcpip.o [1]
  .text              ro code  0x1006'20c0      0x24  startup_MKV58F24.o [1]
  .text              ro code  0x1006'20e4      0x22  fpinit_M.o [3]
  .iar.init_table    const    0x1006'2108      0x2c  - Linker created -
  .rodata            const    0x1006'2134       0x2  pin_mux.o [1]
  .rodata            const    0x1006'2138      0x20  api_lib.o [1]
  .rodata            const    0x1006'2158      0x20  api_lib.o [1]
  .rodata            const    0x1006'2178      0x20  api_lib.o [1]
  .rodata            const    0x1006'2198      0x20  api_lib.o [1]
  .rodata            const    0x1006'21b8      0x20  api_lib.o [1]
  .rodata            const    0x1006'21d8      0x20  api_msg.o [1]
  .rodata            const    0x1006'21f8      0x20  api_msg.o [1]
  .rodata            const    0x1006'2218      0x20  api_msg.o [1]
  .rodata            const    0x1006'2238      0x20  api_msg.o [1]
  .rodata            const    0x1006'2258      0x20  api_msg.o [1]
  .rodata            const    0x1006'2278      0x20  api_msg.o [1]
  .rodata            const    0x1006'2298      0x20  api_msg.o [1]
  .rodata            const    0x1006'22b8      0x20  api_msg.o [1]
  .rodata            const    0x1006'22d8      0x20  dhcp.o [1]
  .rodata            const    0x1006'22f8      0x20  dhcp.o [1]
  .rodata            const    0x1006'2318      0x20  dhcp.o [1]
  .rodata            const    0x1006'2338      0x20  fsl_edma.o [1]
  .rodata            const    0x1006'2358      0x20  fsl_ftfx_flash.o [1]
  .rodata            const    0x1006'2378      0x20  html_page.o [1]
  .rodata            const    0x1006'2398      0x20  html_page.o [1]
  .rodata            const    0x1006'23b8      0x20  html_page.o [1]
  .rodata            const    0x1006'23d8      0x20  ip_frag.o [1]
  .rodata            const    0x1006'23f8      0x20  ip_frag.o [1]
  .rodata            const    0x1006'2418      0x20  ip_frag.o [1]
  .rodata            const    0x1006'2438      0x20  lwip_udpecho_freertos.o [1]
  .rodata            const    0x1006'2458      0x20  mem.o [1]
  .rodata            const    0x1006'2478      0x20  memp.o [1]
  .rodata            const    0x1006'2498      0x20  memp.o [1]
  .rodata            const    0x1006'24b8      0x20  netbuf.o [1]
  .rodata            const    0x1006'24d8      0x20  pbuf.o [1]
  .rodata            const    0x1006'24f8      0x20  pbuf.o [1]
  .rodata            const    0x1006'2518      0x20  tcp.o [1]
  .rodata            const    0x1006'2538      0x20  tcp_in.o [1]
  .rodata            const    0x1006'2558      0x20  tcp_in.o [1]
  .rodata            const    0x1006'2578      0x20  tcp_in.o [1]
  .rodata            const    0x1006'2598      0x20  tcp_in.o [1]
  .rodata            const    0x1006'25b8      0x20  tcp_out.o [1]
  .rodata            const    0x1006'25d8      0x20  tcp_out.o [1]
  .rodata            const    0x1006'25f8      0x20  tcp_out.o [1]
  .rodata            const    0x1006'2618      0x20  tcpip.o [1]
  .text              ro code  0x1006'2638      0x1e  cmain.o [4]
  .text              ro code  0x1006'2656       0x4  exit.o [2]
  .rodata            const    0x1006'265a       0x2  pin_mux.o [1]
  .text              ro code  0x1006'265c       0xe  cexit.o [4]
  .rodata            const    0x1006'266a       0x2  pin_mux.o [1]
  .rodata            const    0x1006'266c      0x1c  api_lib.o [1]
  .rodata            const    0x1006'2688      0x1c  api_lib.o [1]
  .rodata            const    0x1006'26a4      0x1c  api_lib.o [1]
  .rodata            const    0x1006'26c0      0x1c  api_lib.o [1]
  .rodata            const    0x1006'26dc      0x1c  api_lib.o [1]
  .rodata            const    0x1006'26f8      0x1c  api_lib.o [1]
  .rodata            const    0x1006'2714      0x1c  api_msg.o [1]
  .rodata            const    0x1006'2730      0x1c  api_msg.o [1]
  .rodata            const    0x1006'274c      0x1c  api_msg.o [1]
  .rodata            const    0x1006'2768      0x1c  api_msg.o [1]
  .rodata            const    0x1006'2784      0x1c  dhcp.o [1]
  .rodata            const    0x1006'27a0      0x1c  etharp.o [1]
  .rodata            const    0x1006'27bc      0x1c  ethernetif.o [1]
  .rodata            const    0x1006'27d8      0x1c  fsl_ftfx_cache.o [1]
  .rodata            const    0x1006'27f4      0x1c  html_page.o [1]
  .rodata            const    0x1006'2810      0x1c  html_page.o [1]
  .rodata            const    0x1006'282c      0x1c  html_page.o [1]
  .rodata            const    0x1006'2848      0x1c  httpserver-netconn.o [1]
  .rodata            const    0x1006'2864      0x1c  ip_frag.o [1]
  .rodata            const    0x1006'2880      0x1c  ip_frag.o [1]
  .rodata            const    0x1006'289c      0x1c  mem.o [1]
  .rodata            const    0x1006'28b8      0x1c  mem.o [1]
  .rodata            const    0x1006'28d4      0x1c  mem.o [1]
  .rodata            const    0x1006'28f0      0x1c  mem.o [1]
  .rodata            const    0x1006'290c      0x1c  memp.o [1]
  .rodata            const    0x1006'2928      0x1c  netbuf.o [1]
  .rodata            const    0x1006'2944      0x1c  netbuf.o [1]
  .rodata            const    0x1006'2960      0x1c  pbuf.o [1]
  .rodata            const    0x1006'297c      0x1c  pbuf.o [1]
  .rodata            const    0x1006'2998      0x1c  pbuf.o [1]
  .rodata            const    0x1006'29b4      0x1c  pbuf.o [1]
  .rodata            const    0x1006'29d0      0x1c  pbuf.o [1]
  .rodata            const    0x1006'29ec      0x1c  tcp.o [1]
  .rodata            const    0x1006'2a08      0x1c  tcp.o [1]
  .rodata            const    0x1006'2a24      0x1c  tcp.o [1]
  .rodata            const    0x1006'2a40      0x1c  tcp_in.o [1]
  .rodata            const    0x1006'2a5c      0x1c  tcp_in.o [1]
  .rodata            const    0x1006'2a78      0x1c  tcp_in.o [1]
  .rodata            const    0x1006'2a94      0x1c  tcpip.o [1]
  .rodata            const    0x1006'2ab0      0x1c  udpecho.o [1]
  .text              ro code  0x1006'2acc      0x1c  cstartup_M.o [4]
  .rodata            const    0x1006'2ae8      0x18  api_lib.o [1]
  .rodata            const    0x1006'2b00      0x18  api_msg.o [1]
  .rodata            const    0x1006'2b18      0x18  dhcp.o [1]
  .rodata            const    0x1006'2b30      0x18  etharp.o [1]
  .rodata            const    0x1006'2b48      0x18  frame_decod.o [1]
  .rodata            const    0x1006'2b60      0x18  frame_decod.o [1]
  .rodata            const    0x1006'2b78      0x18  hard_init.o [1]
  .rodata            const    0x1006'2b90      0x18  heap_3.o [1]
  .rodata            const    0x1006'2ba8      0x18  html_page.o [1]
  .rodata            const    0x1006'2bc0      0x18  html_page.o [1]
  .rodata            const    0x1006'2bd8      0x18  httpserver-netconn.o [1]
  .rodata            const    0x1006'2bf0      0x18  mem.o [1]
  .rodata            const    0x1006'2c08      0x18  mem.o [1]
  .rodata            const    0x1006'2c20      0x18  mem.o [1]
  .rodata            const    0x1006'2c38      0x18  netif.o [1]
  .rodata            const    0x1006'2c50      0x18  pbuf.o [1]
  .rodata            const    0x1006'2c68      0x18  pbuf.o [1]
  .rodata            const    0x1006'2c80      0x18  pbuf.o [1]
  .rodata            const    0x1006'2c98      0x18  pbuf.o [1]
  .rodata            const    0x1006'2cb0      0x18  pbuf.o [1]
  .rodata            const    0x1006'2cc8      0x18  tcp.o [1]
  .rodata            const    0x1006'2ce0      0x18  tcp.o [1]
  .rodata            const    0x1006'2cf8      0x18  tcp.o [1]
  .rodata            const    0x1006'2d10      0x18  tcp_in.o [1]
  .rodata            const    0x1006'2d28      0x18  tcp_out.o [1]
  .rodata            const    0x1006'2d40      0x18  tcp_out.o [1]
  .rodata            const    0x1006'2d58      0x18  tcp_out.o [1]
  .rodata            const    0x1006'2d70      0x18  tcp_out.o [1]
  .rodata            const    0x1006'2d88      0x18  udpecho.o [1]
  .text              ro code  0x1006'2da0      0x16  xprout.o [2]
  .rodata            const    0x1006'2db6       0x2  pin_mux.o [1]
  .text              ro code  0x1006'2db8       0xc  putchar.o [2]
  .rodata            const    0x1006'2dc4      0x14  api_msg.o [1]
  .rodata            const    0x1006'2dd8      0x14  api_msg.o [1]
  .rodata            const    0x1006'2dec      0x14  api_msg.o [1]
  .rodata            const    0x1006'2e00      0x14  etharp.o [1]
  .rodata            const    0x1006'2e14      0x14  fs.o [1]
  .rodata            const    0x1006'2e28      0x14  fs.o [1]
  .rodata            const    0x1006'2e3c      0x14  fs.o [1]
  .rodata            const    0x1006'2e50      0x14  fs.o [1]
  .rodata            const    0x1006'2e64      0x14  fs.o [1]
  .rodata            const    0x1006'2e78      0x14  heap_3.o [1]
  .rodata            const    0x1006'2e8c      0x14  html_page.o [1]
  .rodata            const    0x1006'2ea0      0x14  html_page.o [1]
  .rodata            const    0x1006'2eb4      0x14  html_page.o [1]
  .rodata            const    0x1006'2ec8      0x14  html_page.o [1]
  .rodata            const    0x1006'2edc      0x14  httpserver-netconn.o [1]
  .rodata            const    0x1006'2ef0      0x14  httpserver-netconn.o [1]
  .rodata            const    0x1006'2f04      0x14  httpserver-netconn.o [1]
  .rodata            const    0x1006'2f18      0x14  httpserver-netconn.o [1]
  .rodata            const    0x1006'2f2c      0x14  ip_frag.o [1]
  .rodata            const    0x1006'2f40      0x14  mem.o [1]
  .rodata            const    0x1006'2f54      0x14  pbuf.o [1]
  .rodata            const    0x1006'2f68      0x14  pbuf.o [1]
  .rodata            const    0x1006'2f7c      0x14  tcp_in.o [1]
  .rodata            const    0x1006'2f90      0x14  tcp_out.o [1]
  .rodata            const    0x1006'2fa4      0x14  tcp_out.o [1]
  .rodata            const    0x1006'2fb8      0x14  udp.o [1]
  .rodata            const    0x1006'2fcc      0x14  udpecho.o [1]
  .rodata            const    0x1006'2fe0      0x10  api_msg.o [1]
  .rodata            const    0x1006'2ff0      0x10  api_msg.o [1]
  .rodata            const    0x1006'3000      0x10  api_msg.o [1]
  .rodata            const    0x1006'3010      0x10  app.o [1]
  .rodata            const    0x1006'3020      0x10  dhcp.o [1]
  .rodata            const    0x1006'3030      0x10  etharp.o [1]
  .rodata            const    0x1006'3040      0x10  etharp.o [1]
  .rodata            const    0x1006'3050      0x10  ethernetif.o [1]
  .rodata            const    0x1006'3060      0x10  fsl_clock.o [1]
  .rodata            const    0x1006'3070      0x10  fsl_dspi.o [1]
  .rodata            const    0x1006'3080      0x10  fsl_dspi.o [1]
  .rodata            const    0x1006'3090      0x10  fsl_ftm.o [1]
  .rodata            const    0x1006'30a0      0x10  fsl_ftm.o [1]
  .rodata            const    0x1006'30b0      0x10  fsl_hsadc.o [1]
  .rodata            const    0x1006'30c0      0x10  html_page.o [1]
  .rodata            const    0x1006'30d0      0x10  html_page.o [1]
  .rodata            const    0x1006'30e0      0x10  html_page.o [1]
  .rodata            const    0x1006'30f0      0x10  html_page.o [1]
  .rodata            const    0x1006'3100      0x10  html_page.o [1]
  .rodata            const    0x1006'3110      0x10  html_page.o [1]
  .rodata            const    0x1006'3120      0x10  html_page.o [1]
  .rodata            const    0x1006'3130      0x10  httpserver-netconn.o [1]
  .rodata            const    0x1006'3140      0x10  httpserver-netconn.o [1]
  .rodata            const    0x1006'3150      0x10  httpserver-netconn.o [1]
  .rodata            const    0x1006'3160      0x10  httpserver-netconn.o [1]
  .rodata            const    0x1006'3170      0x10  ip_frag.o [1]
  .rodata            const    0x1006'3180      0x10  lwip_udpecho_freertos.o [1]
  .rodata            const    0x1006'3190      0x10  memp.o [1]
  .rodata            const    0x1006'31a0      0x10  memp.o [1]
  .rodata            const    0x1006'31b0      0x10  memp.o [1]
  .rodata            const    0x1006'31c0      0x10  memp.o [1]
  .rodata            const    0x1006'31d0      0x10  memp.o [1]
  .rodata            const    0x1006'31e0      0x10  memp.o [1]
  .rodata            const    0x1006'31f0      0x10  memp.o [1]
  .rodata            const    0x1006'3200      0x10  memp.o [1]
  .rodata            const    0x1006'3210      0x10  memp.o [1]
  .rodata            const    0x1006'3220      0x10  memp.o [1]
  .rodata            const    0x1006'3230      0x10  memp.o [1]
  .rodata            const    0x1006'3240      0x10  memp.o [1]
  .rodata            const    0x1006'3250      0x10  memp.o [1]
  .rodata            const    0x1006'3260      0x10  memp.o [1]
  .rodata            const    0x1006'3270      0x10  memp.o [1]
  .rodata            const    0x1006'3280      0x10  memp.o [1]
  .rodata            const    0x1006'3290      0x10  memp.o [1]
  .rodata            const    0x1006'32a0      0x10  pbuf.o [1]
  .rodata            const    0x1006'32b0      0x10  pbuf.o [1]
  .rodata            const    0x1006'32c0      0x10  pbuf.o [1]
  .rodata            const    0x1006'32d0      0x10  tcp.o [1]
  .rodata            const    0x1006'32e0      0x10  tcp.o [1]
  .rodata            const    0x1006'32f0      0x10  tcp.o [1]
  .rodata            const    0x1006'3300      0x10  tcp_in.o [1]
  .rodata            const    0x1006'3310      0x10  tcp_in.o [1]
  .rodata            const    0x1006'3320      0x10  tcp_in.o [1]
  .rodata            const    0x1006'3330      0x10  tcp_out.o [1]
  .rodata            const    0x1006'3340      0x10  tcpip.o [1]
  .rodata            const    0x1006'3350      0x10  tcpip.o [1]
  .rodata            const    0x1006'3360      0x10  udpecho.o [1]
  FlashConfig        ro code  0x1006'3370      0x10  startup_MKV58F24.o [1]
  .rodata            const    0x1006'3380       0xc  api_lib.o [1]
  .rodata            const    0x1006'338c       0xc  api_lib.o [1]
  .rodata            const    0x1006'3398       0xc  clock_config.o [1]
  .rodata            const    0x1006'33a4       0xc  etharp.o [1]
  .rodata            const    0x1006'33b0       0xc  fsl_dspi.o [1]
  .rodata            const    0x1006'33bc       0xc  fsl_dspi.o [1]
  .rodata            const    0x1006'33c8       0xc  fsl_ftfx_controller.o [1]
  .rodata            const    0x1006'33d4       0xc  html_page.o [1]
  .rodata            const    0x1006'33e0       0xc  html_page.o [1]
  .rodata            const    0x1006'33ec       0xc  html_page.o [1]
  .rodata            const    0x1006'33f8       0xc  html_page.o [1]
  .rodata            const    0x1006'3404       0xc  html_page.o [1]
  .rodata            const    0x1006'3410       0xc  html_page.o [1]
  .rodata            const    0x1006'341c       0xc  html_page.o [1]
  .rodata            const    0x1006'3428       0xc  html_page.o [1]
  .rodata            const    0x1006'3434       0xc  httpserver-netconn.o [1]
  .rodata            const    0x1006'3440       0xc  ip4.o [1]
  .rodata            const    0x1006'344c       0xc  ip_frag.o [1]
  .rodata            const    0x1006'3458       0xc  ip_frag.o [1]
  .rodata            const    0x1006'3464       0xc  ip_frag.o [1]
  .rodata            const    0x1006'3470       0xc  ip_frag.o [1]
  .rodata            const    0x1006'347c       0xc  lwip_udpecho_freertos.o [1]
  .rodata            const    0x1006'3488       0xc  lwip_udpecho_freertos.o [1]
  .rodata            const    0x1006'3494       0xc  memp.o [1]
  .rodata            const    0x1006'34a0       0xc  memp.o [1]
  .rodata            const    0x1006'34ac       0xc  memp.o [1]
  .rodata            const    0x1006'34b8       0xc  memp.o [1]
  .rodata            const    0x1006'34c4       0xc  pbuf.o [1]
  .rodata            const    0x1006'34d0       0xc  tcp.o [1]
  .rodata            const    0x1006'34dc       0x8  clock_config.o [1]
  .rodata            const    0x1006'34e4       0x8  clock_config.o [1]
  .rodata            const    0x1006'34ec       0x8  ethernet.o [1]
  .rodata            const    0x1006'34f4       0x8  ethernet.o [1]
  .rodata            const    0x1006'34fc       0x8  fsl_hsadc.o [1]
  .rodata            const    0x1006'3504       0x8  fsl_hsadc.o [1]
  .rodata            const    0x1006'350c       0x8  fsl_i2c.o [1]
  .rodata            const    0x1006'3514       0x8  fsl_i2c.o [1]
  .rodata            const    0x1006'351c       0x8  html_page.o [1]
  .rodata            const    0x1006'3524       0x8  html_page.o [1]
  .rodata            const    0x1006'352c       0x8  html_page.o [1]
  .rodata            const    0x1006'3534       0x8  html_page.o [1]
  .rodata            const    0x1006'353c       0x8  html_page.o [1]
  .rodata            const    0x1006'3544       0x8  html_page.o [1]
  .rodata            const    0x1006'354c       0x8  html_page.o [1]
  .rodata            const    0x1006'3554       0x8  html_page.o [1]
  .rodata            const    0x1006'355c       0x8  html_page.o [1]
  .rodata            const    0x1006'3564       0x8  html_page.o [1]
  .rodata            const    0x1006'356c       0x8  html_page.o [1]
  .rodata            const    0x1006'3574       0x8  html_page.o [1]
  .rodata            const    0x1006'357c       0x8  httpserver-netconn.o [1]
  .rodata            const    0x1006'3584       0x8  httpserver-netconn.o [1]
  .rodata            const    0x1006'358c       0x8  httpserver-netconn.o [1]
  .rodata            const    0x1006'3594       0x8  memp.o [1]
  .rodata            const    0x1006'359c       0x8  memp.o [1]
  .rodata            const    0x1006'35a4       0x8  memp.o [1]
  .rodata            const    0x1006'35ac       0x8  memp.o [1]
  .rodata            const    0x1006'35b4       0x8  memp.o [1]
  .rodata            const    0x1006'35bc       0x8  tasks.o [1]
  .rodata            const    0x1006'35c4       0x8  tcp.o [1]
  .rodata            const    0x1006'35cc       0x8  timers.o [1]
  .rodata            const    0x1006'35d4       0x8  timers.o [1]
  .text              ro code  0x1006'35dc       0x8  startup_MKV58F24.o [1]
  .text              ro code  0x1006'35e4       0x8  startup_MKV58F24.o [1]
  .text              ro code  0x1006'35ec       0x8  startup_MKV58F24.o [1]
  .text              ro code  0x1006'35f4       0x8  startup_MKV58F24.o [1]
  .text              ro code  0x1006'35fc       0x8  startup_MKV58F24.o [1]
  .text              ro code  0x1006'3604       0x8  startup_MKV58F24.o [1]
  .text              ro code  0x1006'360c       0x8  startup_MKV58F24.o [1]
  .text              ro code  0x1006'3614       0x8  startup_MKV58F24.o [1]
  .text              ro code  0x1006'361c       0x8  startup_MKV58F24.o [1]
  .text              ro code  0x1006'3624       0x8  startup_MKV58F24.o [1]
  .text              ro code  0x1006'362c       0x8  startup_MKV58F24.o [1]
  .text              ro code  0x1006'3634       0x8  startup_MKV58F24.o [1]
  .text              ro code  0x1006'363c       0x8  startup_MKV58F24.o [1]
  .text              ro code  0x1006'3644       0x8  startup_MKV58F24.o [1]
  .text              ro code  0x1006'364c       0x8  startup_MKV58F24.o [1]
  .text              ro code  0x1006'3654       0x8  startup_MKV58F24.o [1]
  .text              ro code  0x1006'365c       0x8  startup_MKV58F24.o [1]
  .text              ro code  0x1006'3664       0x8  startup_MKV58F24.o [1]
  .text              ro code  0x1006'366c       0x8  startup_MKV58F24.o [1]
  .text              ro code  0x1006'3674       0x8  startup_MKV58F24.o [1]
  .text              ro code  0x1006'367c       0x8  startup_MKV58F24.o [1]
  .text              ro code  0x1006'3684       0x8  startup_MKV58F24.o [1]
  .text              ro code  0x1006'368c       0x8  startup_MKV58F24.o [1]
  .text              ro code  0x1006'3694       0x8  startup_MKV58F24.o [1]
  .text              ro code  0x1006'369c       0x8  startup_MKV58F24.o [1]
  .text              ro code  0x1006'36a4       0x8  startup_MKV58F24.o [1]
  .text              ro code  0x1006'36ac       0x8  startup_MKV58F24.o [1]
  .text              ro code  0x1006'36b4       0x8  startup_MKV58F24.o [1]
  .text              ro code  0x1006'36bc       0x8  startup_MKV58F24.o [1]
  .text              ro code  0x1006'36c4       0x8  startup_MKV58F24.o [1]
  .text              ro code  0x1006'36cc       0x8  startup_MKV58F24.o [1]
  .text              ro code  0x1006'36d4       0x8  startup_MKV58F24.o [1]
  .text              ro code  0x1006'36dc       0x8  startup_MKV58F24.o [1]
  .text              ro code  0x1006'36e4       0x8  startup_MKV58F24.o [1]
  .text              ro code  0x1006'36ec       0x8  startup_MKV58F24.o [1]
  .text              ro code  0x1006'36f4       0x8  startup_MKV58F24.o [1]
  .text              ro code  0x1006'36fc       0x8  startup_MKV58F24.o [1]
  .text              ro code  0x1006'3704       0x8  startup_MKV58F24.o [1]
  .text              ro code  0x1006'370c       0x8  startup_MKV58F24.o [1]
  .text              ro code  0x1006'3714       0x8  startup_MKV58F24.o [1]
  .text              ro code  0x1006'371c       0x8  startup_MKV58F24.o [1]
  .text              ro code  0x1006'3724       0x8  startup_MKV58F24.o [1]
  .text              ro code  0x1006'372c       0x8  startup_MKV58F24.o [1]
  .text              ro code  0x1006'3734       0x8  startup_MKV58F24.o [1]
  .text              ro code  0x1006'373c       0x8  startup_MKV58F24.o [1]
  .text              ro code  0x1006'3744       0x8  startup_MKV58F24.o [1]
  .text              ro code  0x1006'374c       0x8  startup_MKV58F24.o [1]
  .text              ro code  0x1006'3754       0x8  startup_MKV58F24.o [1]
  .text              ro code  0x1006'375c       0x8  startup_MKV58F24.o [1]
  .text              ro code  0x1006'3764       0x8  startup_MKV58F24.o [1]
  .text              ro code  0x1006'376c       0x8  startup_MKV58F24.o [1]
  .text              ro code  0x1006'3774       0x8  startup_MKV58F24.o [1]
  .text              ro code  0x1006'377c       0x8  startup_MKV58F24.o [1]
  .rodata            const    0x1006'3784       0x4  fsl_dmamux.o [1]
  .rodata            const    0x1006'3788       0x4  fsl_dmamux.o [1]
  .rodata            const    0x1006'378c       0x4  fsl_edma.o [1]
  .rodata            const    0x1006'3790       0x4  fsl_edma.o [1]
  .rodata            const    0x1006'3794       0x4  fsl_enet.o [1]
  .rodata            const    0x1006'3798       0x4  fsl_enet.o [1]
  .rodata            const    0x1006'379c       0x4  fsl_ftfx_controller.o [1]
  .rodata            const    0x1006'37a0       0x4  ip4_addr.o [1]
  .rodata            const    0x1006'37a4       0x4  ip4_addr.o [1]
  .rodata            const    0x1006'37a8       0x4  port.o [1]
  .text              ro code  0x1006'37ac       0x4  startup_MKV58F24.o [1]
  .rodata            const    0x1006'37b0       0x2  pin_mux.o [1]
  .rodata            const    0x1006'37b2       0x2  pin_mux.o [1]
  .text              ro code  0x1006'37b4       0x2  startup_MKV58F24.o [1]
  .text              ro code  0x1006'37b6       0x2  startup_MKV58F24.o [1]
  .text              ro code  0x1006'37b8       0x2  startup_MKV58F24.o [1]
  .text              ro code  0x1006'37ba       0x2  startup_MKV58F24.o [1]
  .text              ro code  0x1006'37bc       0x2  startup_MKV58F24.o [1]
  .text              ro code  0x1006'37be       0x2  startup_MKV58F24.o [1]
  .rodata            const    0x1006'37c0       0x1  fsl_enet.o [1]
  .rodata            const    0x1006'37c1       0x1  fsl_enet.o [1]
  .rodata            const    0x1006'37c2       0x1  fsl_enet.o [1]
  .text              ro code  0x1006'37c4       0x0  cstart_closeall.o [4]
  .rodata            const    0x1006'37c4       0x0  zero_init3.o [4]
  .rodata            const    0x1006'37c4       0x0  packbits_init.o [4]
  Initializer bytes  const    0x1006'37c4     0x130  <for P4 s0>
                            - 0x1006'38f4  0x2'34a4

Absolute sections, part 2 of 5:                0x70
  .rodata            zero     0x1009'e000      0x70  app.o [1]
                            - 0x1009'e070      0x70

Absolute sections, part 3 of 5:                0x70
  .rodata            zero     0x1009'e400      0x70  app.o [1]
                            - 0x1009'e470      0x70

Absolute sections, part 4 of 5:                0x70
  .rodata            zero     0x1009'e800      0x70  app.o [1]
                            - 0x1009'e870      0x70

Absolute sections, part 5 of 5:                0x70
  .rodata            zero     0x1009'ec00      0x70  app.o [1]
                            - 0x1009'ec70      0x70

"P4", part 1 of 3:                            0x1bb
  P4 s0                       0x2000'0000     0x1bb  <Init block>
    .data            inited   0x2000'0000      0x48  xfiles.o [2]
    .data            inited   0x2000'0048      0x48  xfiles.o [2]
    .data            inited   0x2000'0090      0x48  xfiles.o [2]
    .data            inited   0x2000'00d8      0x3c  html_page.o [1]
    .data            inited   0x2000'0114      0x28  lwip_timers.o [1]
    .data            inited   0x2000'013c      0x20  html_page.o [1]
    .data            inited   0x2000'015c      0x20  xfiles.o [2]
    .data            inited   0x2000'017c       0x8  html_page.o [1]
    .data            inited   0x2000'0184       0x4  dhcp.o [1]
    .data            inited   0x2000'0188       0x4  dhcp.o [1]
    .data            inited   0x2000'018c       0x4  frame_decod.o [1]
    .data            inited   0x2000'0190       0x4  frame_decod.o [1]
    .data            inited   0x2000'0194       0x4  frame_decod.o [1]
    .data            inited   0x2000'0198       0x4  frame_decod.o [1]
    .data            inited   0x2000'019c       0x4  fsl_clock.o [1]
    .data            inited   0x2000'01a0       0x4  fsl_clock.o [1]
    .data            inited   0x2000'01a4       0x4  html_page.o [1]
    .data            inited   0x2000'01a8       0x4  port.o [1]
    .data            inited   0x2000'01ac       0x4  system_MKV58F24.o [1]
    .data            inited   0x2000'01b0       0x4  tcp.o [1]
    .data            inited   0x2000'01b4       0x2  board.o [1]
    .data            inited   0x2000'01b6       0x2  tcp.o [1]
    .data            inited   0x2000'01b8       0x2  udp.o [1]
    .data            inited   0x2000'01ba       0x1  hard_init.o [1]
                            - 0x2000'01bb     0x1bb

"P4", part 2 of 3:                           0xb1c4
  .bss               zero     0x2000'01bc    0x38d0  memp.o [1]
  .bss               zero     0x2000'3a8c    0x3030  ethernetif.o [1]
  .bss               zero     0x2000'6abc    0x2014  mem.o [1]
  .bss               zero     0x2000'8ad0     0x5f0  ethernetif.o [1]
  .bss               zero     0x2000'90c0     0x5c8  memp.o [1]
  .bss               zero     0x2000'9688     0x3a8  hard_init.o [1]
  .bss               zero     0x2000'9a30     0x1d8  dlmalloc.o [2]
  .bss               zero     0x2000'9c08     0x1c0  app.o [1]
  .bss               zero     0x2000'9dc8     0x1b8  memp.o [1]
  .bss               zero     0x2000'9f80     0x168  memp.o [1]
  .bss               zero     0x2000'a0e8     0x168  tasks.o [1]
  .bss               zero     0x2000'a250     0x100  frame_decod.o [1]
  .bss               zero     0x2000'a350      0xf0  etharp.o [1]
  .bss               zero     0x2000'a440      0xf0  memp.o [1]
  .bss               zero     0x2000'a530      0xc0  memp.o [1]
  .bss               zero     0x2000'a5f0      0xc0  memp.o [1]
  .bss               zero     0x2000'a6b0      0xb0  memp.o [1]
  .bss               zero     0x2000'a760      0xa0  memp.o [1]
  .bss               zero     0x2000'a800      0xa0  memp.o [1]
  .bss               zero     0x2000'a8a0      0x84  hard_init.o [1]
  .bss               zero     0x2000'a924      0x84  hard_init.o [1]
  .bss               zero     0x2000'a9a8      0x80  fsl_edma.o [1]
  .bss               zero     0x2000'aa28      0x80  memp.o [1]
  .bss               zero     0x2000'aaa8      0x80  memp.o [1]
  .bss               zero     0x2000'ab28      0x80  XShHandles.o [2]
  .bss               zero     0x2000'aba8      0x64  hard_init.o [1]
  .bss               zero     0x2000'ac0c      0x64  hard_init.o [1]
  .bss               zero     0x2000'ac70      0x64  pflash.o [1]
  .bss               zero     0x2000'acd4      0x50  xfiles.o [2]
  .bss               zero     0x2000'ad24      0x50  xfiles.o [2]
  .bss               zero     0x2000'ad74      0x40  fsl_ftfx_cache.o [1]
  .bss               zero     0x2000'adb4      0x40  fsl_ftfx_controller.o [1]
  .bss               zero     0x2000'adf4      0x40  memp.o [1]
  .bss               zero     0x2000'ae34      0x40  queue.o [1]
  .bss               zero     0x2000'ae74      0x34  hard_init.o [1]
  .bss               zero     0x2000'aea8      0x24  hard_init.o [1]
  .bss               zero     0x2000'aecc      0x24  hard_init.o [1]
  .bss               zero     0x2000'aef0      0x24  hard_init.o [1]
  .bss               zero     0x2000'af14      0x20  hard_init.o [1]
  .bss               zero     0x2000'af34      0x20  hard_init.o [1]
  .bss               zero     0x2000'af54      0x20  hard_init.o [1]
  .bss               zero     0x2000'af74      0x18  frame_decod.o [1]
  .bss               zero     0x2000'af8c      0x18  fsl_dspi_edma.o [1]
  .bss               zero     0x2000'afa4      0x18  fsl_uart.o [1]
  .bss               zero     0x2000'afbc      0x18  hard_init.o [1]
  .bss               zero     0x2000'afd4      0x18  hard_init.o [1]
  .bss               zero     0x2000'afec      0x18  hard_init.o [1]
  .bss               zero     0x2000'b004      0x18  hard_init.o [1]
  .bss               zero     0x2000'b01c      0x18  hard_init.o [1]
  .bss               zero     0x2000'b034      0x18  hard_init.o [1]
  .bss               zero     0x2000'b04c      0x18  hard_init.o [1]
  .bss               zero     0x2000'b064      0x18  hard_init.o [1]
  .bss               zero     0x2000'b07c      0x18  hard_init.o [1]
  .bss               zero     0x2000'b094      0x18  hard_init.o [1]
  .bss               zero     0x2000'b0ac      0x18  hard_init.o [1]
  .bss               zero     0x2000'b0c4      0x18  heap_3.o [1]
  .bss               zero     0x2000'b0dc      0x18  ip.o [1]
  .bss               zero     0x2000'b0f4      0x18  dlmalloc.o [2]
  .bss               zero     0x2000'b10c      0x14  tasks.o [1]
  .bss               zero     0x2000'b120      0x14  tasks.o [1]
  .bss               zero     0x2000'b134      0x14  tasks.o [1]
  .bss               zero     0x2000'b148      0x14  tasks.o [1]
  .bss               zero     0x2000'b15c      0x14  tasks.o [1]
  .bss               zero     0x2000'b170      0x14  tcp_in.o [1]
  .bss               zero     0x2000'b184      0x14  timers.o [1]
  .bss               zero     0x2000'b198      0x14  timers.o [1]
  .bss               zero     0x2000'b1ac      0x10  fsl_debug_console.o [1]
  .bss               zero     0x2000'b1bc       0xc  board.o [1]
  .bss               zero     0x2000'b1c8       0xc  fsl_dspi.o [1]
  .bss               zero     0x2000'b1d4       0xc  fsl_flexcan.o [1]
  .bss               zero     0x2000'b1e0       0x8  app.o [1]
  .bss               zero     0x2000'b1e8       0x8  board.o [1]
  .bss               zero     0x2000'b1f0       0x8  fsl_i2c.o [1]
  .bss               zero     0x2000'b1f8       0x8  hard_init.o [1]
  .bss               zero     0x2000'b200       0x8  pflash.o [1]
  .bss               zero     0x2000'b208       0x4  dhcp.o [1]
  .bss               zero     0x2000'b20c       0x4  frame_decod.o [1]
  .bss               zero     0x2000'b210       0x4  frame_decod.o [1]
  .bss               zero     0x2000'b214       0x4  frame_decod.o [1]
  .bss               zero     0x2000'b218       0x4  frame_decod.o [1]
  .bss               zero     0x2000'b21c       0x4  fsl_clock.o [1]
  .bss               zero     0x2000'b220       0x4  fsl_debug_console.o [1]
  .bss               zero     0x2000'b224       0x4  fsl_dspi.o [1]
  .bss               zero     0x2000'b228       0x4  fsl_dspi.o [1]
  .bss               zero     0x2000'b22c       0x4  fsl_enet.o [1]
  .bss               zero     0x2000'b230       0x4  fsl_enet.o [1]
  .bss               zero     0x2000'b234       0x4  fsl_enet.o [1]
  .bss               zero     0x2000'b238       0x4  fsl_enet.o [1]
  .bss               zero     0x2000'b23c       0x4  fsl_flexcan.o [1]
  .bss               zero     0x2000'b240       0x4  fsl_i2c.o [1]
  .bss               zero     0x2000'b244       0x4  fsl_i2c.o [1]
  .bss               zero     0x2000'b248       0x4  fsl_uart.o [1]
  .bss               zero     0x2000'b24c       0x4  hard_init.o [1]
  .bss               zero     0x2000'b250       0x4  hard_init.o [1]
  .bss               zero     0x2000'b254       0x4  hard_init.o [1]
  .bss               zero     0x2000'b258       0x4  hard_init.o [1]
  .bss               zero     0x2000'b25c       0x4  hard_init.o [1]
  .bss               zero     0x2000'b260       0x4  ip_frag.o [1]
  .bss               zero     0x2000'b264       0x4  lwip_timers.o [1]
  .bss               zero     0x2000'b268       0x4  lwip_timers.o [1]
  .bss               zero     0x2000'b26c       0x4  mem.o [1]
  .bss               zero     0x2000'b270       0x4  mem.o [1]
  .bss               zero     0x2000'b274       0x4  mem.o [1]
  .bss               zero     0x2000'b278       0x4  mem.o [1]
  .bss               zero     0x2000'b27c       0x4  memp.o [1]
  .bss               zero     0x2000'b280       0x4  memp.o [1]
  .bss               zero     0x2000'b284       0x4  memp.o [1]
  .bss               zero     0x2000'b288       0x4  memp.o [1]
  .bss               zero     0x2000'b28c       0x4  memp.o [1]
  .bss               zero     0x2000'b290       0x4  memp.o [1]
  .bss               zero     0x2000'b294       0x4  memp.o [1]
  .bss               zero     0x2000'b298       0x4  memp.o [1]
  .bss               zero     0x2000'b29c       0x4  memp.o [1]
  .bss               zero     0x2000'b2a0       0x4  memp.o [1]
  .bss               zero     0x2000'b2a4       0x4  memp.o [1]
  .bss               zero     0x2000'b2a8       0x4  memp.o [1]
  .bss               zero     0x2000'b2ac       0x4  memp.o [1]
  .bss               zero     0x2000'b2b0       0x4  netif.o [1]
  .bss               zero     0x2000'b2b4       0x4  netif.o [1]
  .bss               zero     0x2000'b2b8       0x4  port.o [1]
  .bss               zero     0x2000'b2bc       0x4  port.o [1]
  .bss               zero     0x2000'b2c0       0x4  port.o [1]
  .bss               zero     0x2000'b2c4       0x4  port.o [1]
  .bss               zero     0x2000'b2c8       0x4  tasks.o [1]
  .bss               zero     0x2000'b2cc       0x4  tasks.o [1]
  .bss               zero     0x2000'b2d0       0x4  tasks.o [1]
  .bss               zero     0x2000'b2d4       0x4  tasks.o [1]
  .bss               zero     0x2000'b2d8       0x4  tasks.o [1]
  .bss               zero     0x2000'b2dc       0x4  tasks.o [1]
  .bss               zero     0x2000'b2e0       0x4  tasks.o [1]
  .bss               zero     0x2000'b2e4       0x4  tasks.o [1]
  .bss               zero     0x2000'b2e8       0x4  tasks.o [1]
  .bss               zero     0x2000'b2ec       0x4  tasks.o [1]
  .bss               zero     0x2000'b2f0       0x4  tasks.o [1]
  .bss               zero     0x2000'b2f4       0x4  tasks.o [1]
  .bss               zero     0x2000'b2f8       0x4  tasks.o [1]
  .bss               zero     0x2000'b2fc       0x4  tasks.o [1]
  .bss               zero     0x2000'b300       0x4  tasks.o [1]
  .bss               zero     0x2000'b304       0x4  tasks.o [1]
  .bss               zero     0x2000'b308       0x4  tasks.o [1]
  .bss               zero     0x2000'b30c       0x4  tcp.o [1]
  .bss               zero     0x2000'b310       0x4  tcp.o [1]
  .bss               zero     0x2000'b314       0x4  tcp.o [1]
  .bss               zero     0x2000'b318       0x4  tcp.o [1]
  .bss               zero     0x2000'b31c       0x4  tcp.o [1]
  .bss               zero     0x2000'b320       0x4  tcp_in.o [1]
  .bss               zero     0x2000'b324       0x4  tcp_in.o [1]
  .bss               zero     0x2000'b328       0x4  tcp_in.o [1]
  .bss               zero     0x2000'b32c       0x4  tcp_in.o [1]
  .bss               zero     0x2000'b330       0x4  tcp_in.o [1]
  .bss               zero     0x2000'b334       0x4  tcp_in.o [1]
  .bss               zero     0x2000'b338       0x4  tcpip.o [1]
  .bss               zero     0x2000'b33c       0x4  tcpip.o [1]
  .bss               zero     0x2000'b340       0x4  tcpip.o [1]
  .bss               zero     0x2000'b344       0x4  timers.o [1]
  .bss               zero     0x2000'b348       0x4  timers.o [1]
  .bss               zero     0x2000'b34c       0x4  timers.o [1]
  .bss               zero     0x2000'b350       0x4  timers.o [1]
  .bss               zero     0x2000'b354       0x4  udp.o [1]
  .bss               zero     0x2000'b358       0x4  xgetmemchunk.o [2]
  .bss               zero     0x2000'b35c       0x4  xfail_s.o [2]
  .bss               zero     0x2000'b360       0x2  hard_init.o [1]
  .bss               zero     0x2000'b362       0x2  ip4.o [1]
  .bss               zero     0x2000'b364       0x2  ip_frag.o [1]
  .bss               zero     0x2000'b366       0x2  tcp_in.o [1]
  .bss               zero     0x2000'b368       0x2  tcp_in.o [1]
  .bss               zero     0x2000'b36a       0x2  tcp_in.o [1]
  .bss               zero     0x2000'b36c       0x2  tcp_in.o [1]
  .bss               zero     0x2000'b36e       0x1  api_msg.o [1]
  .bss               zero     0x2000'b36f       0x1  etharp.o [1]
  .bss               zero     0x2000'b370       0x1  frame_decod.o [1]
  .bss               zero     0x2000'b371       0x1  frame_decod.o [1]
  .bss               zero     0x2000'b372       0x1  frame_decod.o [1]
  .bss               zero     0x2000'b373       0x1  hard_init.o [1]
  .bss               zero     0x2000'b374       0x1  hard_init.o [1]
  .bss               zero     0x2000'b375       0x1  html_page.o [1]
  .bss               zero     0x2000'b376       0x1  httpserver-netconn.o [1]
  .bss               zero     0x2000'b377       0x1  netif.o [1]
  .bss               zero     0x2000'b378       0x1  port.o [1]
  .bss               zero     0x2000'b379       0x1  tcp.o [1]
  .bss               zero     0x2000'b37a       0x1  tcp.o [1]
  .bss               zero     0x2000'b37b       0x1  tcp.o [1]
  .bss               zero     0x2000'b37c       0x1  tcp_in.o [1]
  .bss               zero     0x2000'b37d       0x1  tcp_in.o [1]
                            - 0x2000'b37e    0xb1c2

"P4", part 3 of 3:                         0x1'2000
  CSTACK                      0x2000'b380    0x2000  <Block>
    CSTACK           uninit   0x2000'b380    0x2000  <Block tail>
  HEAP                        0x2000'd380  0x1'0000  <Block>
    HEAP             uninit   0x2000'd380  0x1'0000  <Block tail>
                            - 0x2001'd380  0x1'2000

Unused ranges:

         From           To      Size
         ----           --      ----
          0x0       0xffff  0x1'0000
  0x1004'0410  0x1004'042f      0x20
  0x1006'38f4  0x1009'dfff  0x3'a70c
  0x1009'e070  0x1009'e3ff     0x390
  0x1009'e470  0x1009'e7ff     0x390
  0x1009'e870  0x1009'ebff     0x390
  0x1009'ec70  0x1009'ffff    0x1390
  0x2000'01bb  0x2000'01bb       0x1
  0x2001'd380  0x2001'ffff    0x2c80
  0x2f00'0000  0x2f00'ffff  0x1'0000


*******************************************************************************
*** INIT TABLE
***

          Address      Size
          -------      ----
Zero (__iar_zero_init3)
    1 destination range, total size 0xb1c2:
          0x2000'01bc  0xb1c2

Copy/packbits (__iar_packbits_init3)
    1 source range, total size 0x130 (68% of destination):
          0x1006'37c4   0x130
    1 destination range, total size 0x1bb:
          0x2000'0000   0x1bb



*******************************************************************************
*** MODULE SUMMARY
***

    Module                   ro code  ro data  rw data  ro data  rw data
                                                         (abs)    (abs)
    ------                   -------  -------  -------  -------  -------
command line/config:
    --------------------------------------------------------------------
    Total:

D:\Projects\MainLDrv20\Lamp_drv\SDK_2.0_TWR-KV58F220M2\boards\twrkv58f220m\demo_apps\lwip\lwip_udpecho\freertos\iar\release\obj: [1]
    api_lib.o                  1'350      484
    api_msg.o                  4'636      996        1
    app.o                      3'296       16      456               448
    base64.o                     296      256
    board.o                       12        1       22
    clock_config.o               164       28
    def.o                         44
    dhcp.o                     3'328      801       12
    etharp.o                   3'060      468      241
    ethernet.o                   192       16
    ethernetif.o                 956       44   13'856
[...]
s_enetClock             0x1006'3794     0x4  Data  Gb  fsl_enet.o [1]
s_enetErrIrqId          0x1006'37c2     0x1  Data  Lc  fsl_enet.o [1]
s_enetErrIsr            0x2000'b238     0x4  Data  Lc  fsl_enet.o [1]
s_enetRxIrqId           0x1006'37c1     0x1  Data  Lc  fsl_enet.o [1]
s_enetRxIsr             0x2000'b234     0x4  Data  Lc  fsl_enet.o [1]
s_enetTxIrqId           0x1006'37c0     0x1  Data  Lc  fsl_enet.o [1]
s_enetTxIsr             0x2000'b230     0x4  Data  Lc  fsl_enet.o [1]
s_fastIrcFreq           0x2000'01a0     0x4  Data  Lc  fsl_clock.o [1]
s_flashDriver           0x2000'ac70    0x64  Data  Lc  pflash.o [1]
s_flexcanHandle         0x2000'b1d4     0xc  Data  Lc  fsl_flexcan.o [1]
s_flexcanIsr            0x2000'b23c     0x4  Data  Lc  fsl_flexcan.o [1]
s_ftfxCommonBitOperation
                        0x2000'ad74    0x40  Data  Lc  fsl_ftfx_cache.o [1]
s_ftfxCommonBitOperationFunctionCode
                        0x1006'27d8    0x1c  Data  Lc  fsl_ftfx_cache.o [1]
s_ftfxRunCommand        0x2000'adb4    0x40  Data  Lc  fsl_ftfx_controller.o [1]
s_ftfxRunCommandFunctionCode
                        0x1006'33c8     0xc  Data  Lc  fsl_ftfx_controller.o [1]
s_ftmBases              0x1006'3090    0x10  Data  Lc  fsl_ftm.o [1]
s_ftmClocks             0x1006'30a0    0x10  Data  Lc  fsl_ftm.o [1]
s_hsadcBases            0x1006'34fc     0x8  Data  Lc  fsl_hsadc.o [1]
s_hsadcClocks           0x1006'3504     0x8  Data  Lc  fsl_hsadc.o [1]
s_i2cBases              0x1006'350c     0x8  Data  Lc  fsl_i2c.o [1]
s_i2cClocks             0x1006'3514     0x8  Data  Lc  fsl_i2c.o [1]
s_i2cDividerTable       0x1006'07b8    0x80  Data  Lc  fsl_i2c.o [1]
s_i2cHandle             0x2000'b1f0     0x8  Data  Lc  fsl_i2c.o [1]
s_i2cMasterIsr          0x2000'b240     0x4  Data  Lc  fsl_i2c.o [1]
s_i2cSlaveIsr           0x2000'b244     0x4  Data  Lc  fsl_i2c.o [1]
s_slowIrcFreq           0x2000'019c     0x4  Data  Lc  fsl_clock.o [1]
s_uartHandle            0x2000'afa4    0x18  Data  Lc  fsl_uart.o [1]
s_uartIsr               0x2000'b248     0x4  Data  Lc  fsl_uart.o [1]
sec_hand                0x2000'b35c     0x4  Data  Lc  xfail_s.o [2]
segment_holding         0x1005'aec9    0x1a  Code  Lc  dlmalloc.o [2]
sent_tcp                0x1005'9e23    0x70  Code  Lc  api_msg.o [1]
seqno                   0x2000'b328     0x4  Data  Lc  tcp_in.o [1]
set_2row_str            0x1005'7cc5    0x3e  Code  Gb  html_page.o [1]
set_adress_drv          0x1004'f475    0x46  Code  Gb  app.o [1]
set_br                  0x1005'7d5f    0x42  Code  Gb  html_page.o [1]
set_data_drv            0x1004'f505    0xe2  Code  Gb  app.o [1]
set_intext              0x1005'7dbd    0x24  Code  Gb  html_page.o [1]
set_link                0x1005'7da1    0x1c  Code  Gb  html_page.o [1]
set_open_block          0x1005'7cad    0x18  Code  Gb  html_page.o [1]
set_space               0x1005'7d1b    0x44  Code  Gb  html_page.o [1]
set_submit              0x1005'7de1    0x1c  Code  Gb  html_page.o [1]
set_xlat_drv            0x1004'f4bb    0x22  Code  Gb  app.o [1]
set_xlat_mode_drv       0x1004'f4dd    0x28  Code  Gb  app.o [1]
setup_tcp               0x1005'9fd1    0x3a  Code  Lc  api_msg.o [1]
simConfig_BOARD_BootClockRUN
                        0x1006'34dc     0x8  Data  Gb  clock_config.o [1]
sprintf                 0x1005'ae55    0x40  Code  Gb  sprintf.o [2]
srcClock_Hz             0x2000'b254     0x4  Data  Gb  hard_init.o [1]
start_convert           0x1004'e0cf    0x1e  Code  Gb  lwip_udpecho_freertos.o [1]
start_hsadc             0x1005'057b     0xe  Code  Gb  hard_init.o [1]
strcat                  0x1005'ae95    0x1e  Code  Gb  strcat.o [2]
strchr                  0x1004'f289          Code  Gb  strchr.o [4]
strcmp                  0x1005'aeb5          Code  Gb  strcmp.o [4]
strlen                  0x1004'f2e1          Code  Gb  strlen.o [4]
strncmp                 0x1005'7b5d    0x28  Code  Gb  strncmp.o [2]
sys_arch_mbox_fetch     0x1004'85d1    0x9c  Code  Gb  sys_arch.o [1]
sys_arch_mbox_tryfetch  0x1004'866d    0x28  Code  Gb  sys_arch.o [1]
sys_arch_protect        0x1004'8813    0x2a  Code  Gb  sys_arch.o [1]
sys_arch_sem_wait       0x1004'86e1    0x8e  Code  Gb  sys_arch.o [1]
sys_arch_unprotect      0x1004'883d    0x18  Code  Gb  sys_arch.o [1]
sys_assert              0x1004'84e1    0x16  Code  Gb  sys_arch.o [1]
sys_mbox_free           0x1004'851d    0x28  Code  Gb  sys_arch.o [1]
sys_mbox_new            0x1004'84f7    0x26  Code  Gb  sys_arch.o [1]
sys_mbox_post           0x1004'8545    0x18  Code  Gb  sys_arch.o [1]
sys_mbox_trypost        0x1004'855d    0x6a  Code  Gb  sys_arch.o [1]
sys_mutex_lock          0x1004'878f    0x18  Code  Gb  sys_arch.o [1]
sys_mutex_new           0x1004'876f    0x20  Code  Gb  sys_arch.o [1]
sys_mutex_unlock        0x1004'87a7    0x12  Code  Gb  sys_arch.o [1]
sys_sem_free            0x1004'87cb     0xc  Code  Gb  sys_arch.o [1]
sys_sem_new             0x1004'8695    0x4c  Code  Gb  sys_arch.o [1]
sys_sem_signal          0x1004'87b9    0x12  Code  Gb  sys_arch.o [1]
sys_thread_new          0x1004'87d7    0x3c  Code  Gb  sys_arch.o [1]
sys_timeout             0x1004'ac47    0x96  Code  Gb  lwip_timers.o [1]
sys_timeouts_init       0x1004'ac29    0x1e  Code  Gb  lwip_timers.o [1]
sys_timeouts_mbox_fetch
                        0x1004'acdd    0x98  Code  Gb  lwip_timers.o [1]
system_heap             0x2000'b0c4    0x18  Data  Gb  heap_3.o [1]
tcp_abandon             0x1004'8b87    0xec  Code  Gb  tcp.o [1]
tcp_abort               0x1004'8c73     0xe  Code  Gb  tcp.o [1]
tcp_accept              0x1004'96cd    0x10  Code  Gb  tcp.o [1]
tcp_accept_null         0x1004'8d51    0x14  Code  Lc  tcp.o [1]
tcp_active_pcbs         0x2000'b318     0x4  Data  Gb  tcp.o [1]
tcp_active_pcbs_changed
                        0x2000'b379     0x1  Data  Gb  tcp.o [1]
tcp_alloc               0x1004'9595    0xca  Code  Gb  tcp.o [1]
tcp_arg                 0x1004'9669     0x8  Code  Gb  tcp.o [1]
tcp_backlog_accepted    0x1004'8901    0x42  Code  Gb  tcp.o [1]
tcp_backlog_delayed     0x1004'88c1    0x40  Code  Gb  tcp.o [1]
tcp_backoff             0x1006'32e0    0x10  Data  Gb  tcp.o [1]
tcp_bind                0x1004'8c81    0xd0  Code  Gb  tcp.o [1]
tcp_bound_pcbs          0x2000'b310     0x4  Data  Gb  tcp.o [1]
tcp_close               0x1004'8b05    0x1c  Code  Gb  tcp.o [1]
tcp_close_shutdown      0x1004'8943   0x1c2  Code  Lc  tcp.o [1]
tcp_create_segment      0x1004'9b3f    0xdc  Code  Lc  tcp_out.o [1]
tcp_eff_send_mss_impl   0x1004'97e9    0x3e  Code  Gb  tcp.o [1]
tcp_enqueue_flags       0x1004'a2cf   0x174  Code  Gb  tcp_out.o [1]
tcp_err                 0x1004'96b1    0x1c  Code  Gb  tcp.o [1]
tcp_fasttmr             0x1004'9321    0x66  Code  Gb  tcp.o [1]
tcp_getoptbyte          0x1004'788f    0x42  Code  Lc  tcp_in.o [1]
tcp_input               0x1004'6471   0x5ac  Code  Gb  tcp_in.o [1]
tcp_input_pcb           0x2000'b334     0x4  Data  Gb  tcp_in.o [1]
tcp_keepalive           0x1004'aa63    0x6e  Code  Gb  tcp_out.o [1]
tcp_kill_prio           0x1004'949d    0x5c  Code  Lc  tcp.o [1]
tcp_kill_state          0x1004'94f9    0x5e  Code  Lc  tcp.o [1]
tcp_kill_timewait       0x1004'9557    0x38  Code  Lc  tcp.o [1]
tcp_listen_closed       0x1004'8887    0x3a  Code  Lc  tcp.o [1]
tcp_listen_input        0x1004'6a1d   0x130  Code  Lc  tcp_in.o [1]
tcp_listen_pcbs         0x2000'b314     0x4  Data  Gb  tcp.o [1]
tcp_listen_with_backlog
                        0x1004'8d65    0xaa  Code  Gb  tcp.o [1]
tcp_netif_ipv4_addr_changed
                        0x1004'984d    0x4e  Code  Gb  tcp.o [1]
tcp_netif_ipv4_addr_changed_pcblist
                        0x1004'9827    0x26  Code  Lc  tcp.o [1]
tcp_new                 0x1004'965f     0xa  Code  Gb  tcp.o [1]
tcp_new_port            0x1004'8ed9    0x66  Code  Lc  tcp.o [1]
tcp_next_iss            0x1004'97cf    0x10  Code  Gb  tcp.o [1]
tcp_next_iss::iss       0x2000'01b0     0x4  Data  Lc  tcp.o [1]
tcp_optidx              0x2000'b36a     0x2  Data  Lc  tcp_in.o [1]
tcp_output              0x1004'a4e7   0x260  Code  Gb  tcp_out.o [1]
tcp_output_alloc_header
                        0x1004'9a59    0x9c  Code  Lc  tcp_out.o [1]
tcp_output_segment      0x1004'a747    0xe0  Code  Lc  tcp_out.o [1]
tcp_parseopt            0x1004'78d1    0xaa  Code  Lc  tcp_in.o [1]
tcp_pbuf_prealloc       0x1004'9c1b    0xa8  Code  Lc  tcp_out.o [1]
tcp_pcb_lists           0x1006'32f0    0x10  Data  Gb  tcp.o [1]
tcp_pcb_purge           0x1004'96fd    0x56  Code  Gb  tcp.o [1]
tcp_pcb_remove          0x1004'9753    0x7c  Code  Gb  tcp.o [1]
tcp_persist_backoff     0x1006'35c4     0x8  Data  Gb  tcp.o [1]
tcp_poll                0x1004'96dd    0x1c  Code  Gb  tcp.o [1]
tcp_port                0x2000'01b6     0x2  Data  Lc  tcp.o [1]
tcp_process             0x1004'6be5   0x546  Code  Lc  tcp_in.o [1]
tcp_process_refused_data
                        0x1004'93a5    0x92  Code  Gb  tcp.o [1]
tcp_receive             0x1004'7185   0x70a  Code  Lc  tcp_in.o [1]
tcp_recv                0x1004'9671    0x1a  Code  Gb  tcp.o [1]
tcp_recv_null           0x1004'946b    0x32  Code  Gb  tcp.o [1]
tcp_recved              0x1004'8e6b    0x6e  Code  Gb  tcp.o [1]
tcp_remove_listener     0x1004'8871    0x16  Code  Lc  tcp.o [1]
tcp_rexmit              0x1004'a995    0x5a  Code  Gb  tcp_out.o [1]
tcp_rexmit_fast         0x1004'a9ef    0x74  Code  Gb  tcp_out.o [1]
tcp_rexmit_rto          0x1004'a951    0x44  Code  Gb  tcp_out.o [1]
tcp_rst                 0x1004'a82d    0xbe  Code  Gb  tcp_out.o [1]
tcp_seg_free            0x1004'944d    0x1e  Code  Gb  tcp.o [1]
tcp_segs_free           0x1004'9437    0x16  Code  Gb  tcp.o [1]
tcp_send_empty_ack      0x1004'a449    0x9e  Code  Gb  tcp_out.o [1]
tcp_send_fin            0x1004'9af5    0x4a  Code  Gb  tcp_out.o [1]
tcp_sent                0x1004'9691    0x1a  Code  Gb  tcp.o [1]
tcp_shutdown            0x1004'8b21    0x66  Code  Gb  tcp.o [1]
tcp_slowtmr             0x1004'8f4d   0x3cc  Code  Gb  tcp.o [1]
tcp_ticks               0x2000'b30c     0x4  Data  Gb  tcp.o [1]
tcp_timer               0x2000'b37a     0x1  Data  Lc  tcp.o [1]
tcp_timer_ctr           0x2000'b37b     0x1  Data  Lc  tcp.o [1]
tcp_timer_needed        0x1004'abe9    0x2a  Code  Gb  lwip_timers.o [1]
tcp_timewait_input      0x1004'6b4d    0x88  Code  Lc  tcp_in.o [1]
tcp_tmr                 0x1004'8855    0x1c  Code  Gb  tcp.o [1]
tcp_trigger_input_pcb_close
                        0x1004'7981     0xc  Code  Gb  tcp_in.o [1]
tcp_tw_pcbs             0x2000'b31c     0x4  Data  Gb  tcp.o [1]
tcp_update_rcv_ann_wnd  0x1004'8e0f    0x5c  Code  Gb  tcp.o [1]
tcp_write               0x1004'9d65   0x56a  Code  Gb  tcp_out.o [1]
tcp_write_checks        0x1004'9cc3    0xa2  Code  Lc  tcp_out.o [1]
tcp_zero_window_probe   0x1004'aad1    0xec  Code  Gb  tcp_out.o [1]
tcphdr                  0x2000'b320     0x4  Data  Lc  tcp_in.o [1]
tcphdr_opt1len          0x2000'b368     0x2  Data  Lc  tcp_in.o [1]
tcphdr_opt2             0x2000'b324     0x4  Data  Lc  tcp_in.o [1]
tcphdr_optlen           0x2000'b366     0x2  Data  Lc  tcp_in.o [1]
tcpip_init              0x1005'5c0b    0x38  Code  Gb  tcpip.o [1]
tcpip_init_done         0x2000'b338     0x4  Data  Lc  tcpip.o [1]
tcpip_init_done_arg     0x2000'b33c     0x4  Data  Lc  tcpip.o [1]
tcpip_inpkt             0x1005'5b47    0x58  Code  Gb  tcpip.o [1]
tcpip_input             0x1005'5b9f    0x28  Code  Gb  tcpip.o [1]
tcpip_send_msg_wait_sem
                        0x1005'5bc7    0x44  Code  Gb  tcpip.o [1]
tcpip_tcp_timer         0x1004'abbd    0x2c  Code  Lc  lwip_timers.o [1]
tcpip_tcp_timer_active  0x2000'b268     0x4  Data  Lc  lwip_timers.o [1]
tcpip_thread            0x1005'5aa1    0xa6  Code  Lc  tcpip.o [1]
tcplen                  0x2000'b36c     0x2  Data  Lc  tcp_in.o [1]
ucMaxSysCallPriority    0x2000'b378     0x1  Data  Lc  port.o [1]
udp_bind                0x1004'ee47    0xaa  Code  Gb  udp.o [1]
udp_input               0x1004'ead9   0x19a  Code  Gb  udp.o [1]
udp_input_local_match   0x1004'ea83    0x56  Code  Lc  udp.o [1]
udp_netif_ipv4_addr_changed
                        0x1004'ef53    0x34  Code  Gb  udp.o [1]
udp_new                 0x1004'ef2d    0x26  Code  Gb  udp.o [1]
udp_new_port            0x1004'ea35    0x4e  Code  Lc  udp.o [1]
udp_pcbs                0x2000'b354     0x4  Data  Gb  udp.o [1]
udp_port                0x2000'01b8     0x2  Data  Lc  udp.o [1]
udp_remove              0x1004'eef1    0x3c  Code  Gb  udp.o [1]
udp_send                0x1004'ec73    0x1e  Code  Gb  udp.o [1]
udp_sendto              0x1004'ec91    0x42  Code  Gb  udp.o [1]
udp_sendto_if           0x1004'ecd3    0x64  Code  Gb  udp.o [1]
udp_sendto_if_src       0x1004'ed37   0x110  Code  Gb  udp.o [1]
udpecho_init            0x1005'62fb    0x16  Code  Gb  udpecho.o [1]
udpecho_thread          0x1005'6235    0xc6  Code  Lc  udpecho.o [1]
ulMaxPRIGROUPValue      0x2000'b2c4     0x4  Data  Lc  port.o [1]
ulStoppedTimerCompensation
                        0x2000'b2c0     0x4  Data  Lc  port.o [1]
ulTaskSwitchedInTime    0x2000'b304     0x4  Data  Lc  tasks.o [1]
ulTimerCountsForOneTick
                        0x2000'b2b8     0x4  Data  Lc  port.o [1]
ulTotalRunTime          0x2000'b308     0x4  Data  Lc  tasks.o [1]
unb64                   0x1005'fe84   0x100  Data  Lc  base64.o [1]
unbase64                0x1005'7b85   0x122  Code  Gb  base64.o [1]
updatedDutycycle        0x2000'01ba     0x1  Data  Gb  hard_init.o [1]
uxCriticalNesting       0x2000'01a8     0x4  Data  Lc  port.o [1]
uxCurrentNumberOfTasks  0x2000'b2dc     0x4  Data  Lc  tasks.o [1]
uxListRemove            0x1004'd905    0x28  Code  Gb  list.o [1]
uxPendedTicks           0x2000'b2ec     0x4  Data  Lc  tasks.o [1]
uxQueueMessagesWaiting  0x1004'bc43    0x26  Code  Gb  queue.o [1]
uxSchedulerSuspended    0x2000'b300     0x4  Data  Lc  tasks.o [1]
uxTaskNumber            0x2000'b2f8     0x4  Data  Lc  tasks.o [1]
uxTaskResetEventItemValue
                        0x1004'cd19    0x16  Code  Gb  tasks.o [1]
uxTasksDeleted          0x2000'b2d4     0x4  Data  Lc  tasks.o [1]
uxTopReadyPriority      0x2000'b2e4     0x4  Data  Lc  tasks.o [1]
vApplicationIdleHook    0x1004'cd65     0x2  Code  Gb  tasks.o [1]
vApplicationStackOverflowHook
                        0x1004'e09d    0x10  Code  Gb  lwip_udpecho_freertos.o [1]
vEventGroupSetBitsCallback
                        0x1005'f84f    0x10  Code  Gb  event_groups.o [1]
vListInitialise         0x1004'd899    0x1e  Code  Gb  list.o [1]
vListInsert             0x1004'd8cf    0x36  Code  Gb  list.o [1]
vListInsertEnd          0x1004'd8b7    0x18  Code  Gb  list.o [1]
vPortEnableVFP          0x1004'd87d          Code  Gb  portasm.o [1]
vPortEnterCritical      0x1004'b467    0x34  Code  Gb  port.o [1]
vPortExitCritical       0x1004'b49b    0x2c  Code  Gb  port.o [1]
vPortFree               0x1004'd98b     0xe  Code  Gb  heap_3.o [1]
vPortStartFirstTask     0x1004'd865          Code  Gb  portasm.o [1]
vPortSuppressTicksAndSleep
                        0x1004'b575   0x14c  Code  Wk  port.o [1]
vPortValidateInterruptPriority
                        0x1004'b4f5    0x4e  Code  Gb  port.o [1]
vQueueAddToRegistry     0x1004'be2d    0x26  Code  Gb  queue.o [1]
vQueueDelete            0x1004'bc69    0x28  Code  Gb  queue.o [1]
vQueueUnregisterQueue   0x1004'be53    0x20  Code  Gb  queue.o [1]
vQueueWaitForMessageRestricted
                        0x1004'be7d    0x44  Code  Gb  queue.o [1]
vTaskDelay              0x1004'c013    0x78  Code  Gb  tasks.o [1]
vTaskMissedYield        0x1004'c8f1     0xa  Code  Gb  tasks.o [1]
vTaskPlaceOnEventList   0x1004'c599    0x6a  Code  Gb  tasks.o [1]
vTaskPlaceOnEventListRestricted
                        0x1004'c6a5    0x76  Code  Gb  tasks.o [1]
vTaskPlaceOnUnorderedEventList
                        0x1004'c605    0x9a  Code  Gb  tasks.o [1]
vTaskPriorityInherit    0x1004'cbc5    0x9a  Code  Gb  tasks.o [1]
vTaskResume             0x1004'c199    0x82  Code  Gb  tasks.o [1]
vTaskSetTimeOutState    0x1004'c849    0x26  Code  Gb  tasks.o [1]
vTaskStartScheduler     0x1004'c21b    0x7a  Code  Gb  tasks.o [1]
vTaskStepTick           0x1004'c3af    0x2a  Code  Gb  tasks.o [1]
vTaskSuspend            0x1004'c08b    0xd0  Code  Gb  tasks.o [1]
vTaskSuspendAll         0x1004'c295     0xc  Code  Gb  tasks.o [1]
vTaskSwitchContext      0x1004'c4e1    0xb4  Code  Gb  tasks.o [1]
xActiveTimerList1       0x2000'b184    0x14  Data  Lc  timers.o [1]
xActiveTimerList2       0x2000'b198    0x14  Data  Lc  timers.o [1]
xDelayedTaskList1       0x2000'b10c    0x14  Data  Lc  tasks.o [1]
xDelayedTaskList2       0x2000'b120    0x14  Data  Lc  tasks.o [1]
xEventGroupCreate       0x1005'f619    0x1c  Code  Gb  event_groups.o [1]
xEventGroupSetBits      0x1005'f779    0xd6  Code  Gb  event_groups.o [1]
xEventGroupSetBitsFromISR
                        0x1005'f883    0x16  Code  Gb  event_groups.o [1]
xEventGroupWaitBits     0x1005'f635   0x144  Code  Gb  event_groups.o [1]
xHandle_reload_io       0x2000'b25c     0x4  Data  Gb  hard_init.o [1]
xHandle_start_convert   0x2000'b258     0x4  Data  Gb  hard_init.o [1]
xHandle_timeout_frame   0x2000'b220     0x4  Data  Gb  fsl_debug_console.o [1]
xIdleTaskHandle         0x2000'b2d8     0x4  Data  Lc  tasks.o [1]
xMaximumPossibleSuppressedTicks
                        0x2000'b2bc     0x4  Data  Lc  port.o [1]
xNextTaskUnblockTime    0x2000'b2fc     0x4  Data  Lc  tasks.o [1]
xNumOfOverflows         0x2000'b2f4     0x4  Data  Lc  tasks.o [1]
xPendingReadyList       0x2000'b134    0x14  Data  Lc  tasks.o [1]
xPortStartScheduler     0x1004'b3b3    0xb4  Code  Gb  port.o [1]
xQueueCreateMutex       0x1004'b7cb    0x58  Code  Gb  queue.o [1]
xQueueGenericCreate     0x1004'b751    0x7a  Code  Gb  queue.o [1]
xQueueGenericReceive    0x1004'ba97   0x1ac  Code  Gb  queue.o [1]
xQueueGenericReset      0x1004'b6c1    0x90  Code  Gb  queue.o [1]
xQueueGenericSend       0x1004'b823   0x19e  Code  Gb  queue.o [1]
xQueueGenericSendFromISR
                        0x1004'b9c1    0xd6  Code  Gb  queue.o [1]
xQueueIsQueueFullFromISR
                        0x1004'be07    0x26  Code  Gb  queue.o [1]
xQueueRegistry          0x2000'ae34    0x40  Data  Gb  queue.o [1]
xSchedulerRunning       0x2000'b2e8     0x4  Data  Lc  tasks.o [1]
xSuspendedTaskList      0x2000'b15c    0x14  Data  Lc  tasks.o [1]
xTaskCheckForTimeOut    0x1004'c86f    0x82  Code  Gb  tasks.o [1]
xTaskGenericCreate      0x1004'bec1   0x152  Code  Gb  tasks.o [1]
xTaskGetSchedulerState  0x1004'cba5    0x20  Code  Gb  tasks.o [1]
xTaskGetTickCount       0x1004'c3a7     0x8  Code  Gb  tasks.o [1]
xTaskIncrementTick      0x1004'c3d9    0xf2  Code  Gb  tasks.o [1]
xTaskPriorityDisinherit
                        0x1004'cc65    0xac  Code  Gb  tasks.o [1]
xTaskRemoveFromEventList
                        0x1004'c725    0x8a  Code  Gb  tasks.o [1]
xTaskRemoveFromUnorderedEventList
                        0x1004'c7b5    0x8a  Code  Gb  tasks.o [1]
xTaskResumeAll          0x1004'c2cd    0xda  Code  Gb  tasks.o [1]
xTasksWaitingTermination
                        0x2000'b148    0x14  Data  Lc  tasks.o [1]
xTickCount              0x2000'b2e0     0x4  Data  Lc  tasks.o [1]
xTimerCreateTimerTask   0x1004'dc01    0x50  Code  Gb  timers.o [1]
xTimerGenericCommand    0x1004'dc51    0x82  Code  Gb  timers.o [1]
xTimerPendFunctionCallFromISR
                        0x1004'e04b    0x2a  Code  Gb  timers.o [1]
xTimerQueue             0x2000'b34c     0x4  Data  Lc  timers.o [1]
xYieldPending           0x2000'b2f0     0x4  Data  Lc  tasks.o [1]


[1] = D:\Projects\MainLDrv20\Lamp_drv\SDK_2.0_TWR-KV58F220M2\boards\twrkv58f220m\demo_apps\lwip\lwip_udpecho\freertos\iar\release\obj
[2] = dl7M_tlf.a
[3] = m7M_tls.a
[4] = rt7M_tl.a
[5] = shb_l.a

   98'244 bytes of readonly  code memory
   47'328 bytes of readonly  data memory (+ 32  absolute)
  119'677 bytes of readwrite data memory (+ 448 absolute)

Errors: none
Warnings: none
