###############################################################################
#
# IAR ELF Linker V8.50.9.278/W32 for ARM                  23/Dec/2020  14:09:22
# Copyright 2007-2020 IAR Systems AB.
#
#    Output file  =
#        D:\Projects\MainLDrv20\lamp_app\SDK_2.0_TWR-KV58F220M2\boards\twrkv58f220m\demo_apps\lwip\lwip_udpecho\freertos\iar\debug\lwip_udpecho_freertos.out
#    Map file     =
#        D:\Projects\MainLDrv20\lamp_app\SDK_2.0_TWR-KV58F220M2\boards\twrkv58f220m\demo_apps\lwip\lwip_udpecho\freertos\iar\debug\list\lwip_udpecho_freertos.map
#    Command line =
#        -f C:\Users\ivanov\AppData\Local\Temp\EWE19.tmp
#        (D:\Projects\MainLDrv20\lamp_app\SDK_2.0_TWR-KV58F220M2\boards\twrkv58f220m\demo_apps\lwip\lwip_udpecho\freertos\iar\debug\obj\api_lib.o
#        D:\Projects\MainLDrv20\lamp_app\SDK_2.0_TWR-KV58F220M2\boards\twrkv58f220m\demo_apps\lwip\lwip_udpecho\freertos\iar\debug\obj\api_msg.o
#        D:\Projects\MainLDrv20\lamp_app\SDK_2.0_TWR-KV58F220M2\boards\twrkv58f220m\demo_apps\lwip\lwip_udpecho\freertos\iar\debug\obj\app.o
#        D:\Projects\MainLDrv20\lamp_app\SDK_2.0_TWR-KV58F220M2\boards\twrkv58f220m\demo_apps\lwip\lwip_udpecho\freertos\iar\debug\obj\auth.o
#        D:\Projects\MainLDrv20\lamp_app\SDK_2.0_TWR-KV58F220M2\boards\twrkv58f220m\demo_apps\lwip\lwip_udpecho\freertos\iar\debug\obj\autoip.o
#        D:\Projects\MainLDrv20\lamp_app\SDK_2.0_TWR-KV58F220M2\boards\twrkv58f220m\demo_apps\lwip\lwip_udpecho\freertos\iar\debug\obj\board.o
#        D:\Projects\MainLDrv20\lamp_app\SDK_2.0_TWR-KV58F220M2\boards\twrkv58f220m\demo_apps\lwip\lwip_udpecho\freertos\iar\debug\obj\ccp.o
#        D:\Projects\MainLDrv20\lamp_app\SDK_2.0_TWR-KV58F220M2\boards\twrkv58f220m\demo_apps\lwip\lwip_udpecho\freertos\iar\debug\obj\chap-md5.o
#        D:\Projects\MainLDrv20\lamp_app\SDK_2.0_TWR-KV58F220M2\boards\twrkv58f220m\demo_apps\lwip\lwip_udpecho\freertos\iar\debug\obj\chap-new.o
#        D:\Projects\MainLDrv20\lamp_app\SDK_2.0_TWR-KV58F220M2\boards\twrkv58f220m\demo_apps\lwip\lwip_udpecho\freertos\iar\debug\obj\chap_ms.o
#        D:\Projects\MainLDrv20\lamp_app\SDK_2.0_TWR-KV58F220M2\boards\twrkv58f220m\demo_apps\lwip\lwip_udpecho\freertos\iar\debug\obj\clock_config.o
#        D:\Projects\MainLDrv20\lamp_app\SDK_2.0_TWR-KV58F220M2\boards\twrkv58f220m\demo_apps\lwip\lwip_udpecho\freertos\iar\debug\obj\croutine.o
#        D:\Projects\MainLDrv20\lamp_app\SDK_2.0_TWR-KV58F220M2\boards\twrkv58f220m\demo_apps\lwip\lwip_udpecho\freertos\iar\debug\obj\def.o
#        D:\Projects\MainLDrv20\lamp_app\SDK_2.0_TWR-KV58F220M2\boards\twrkv58f220m\demo_apps\lwip\lwip_udpecho\freertos\iar\debug\obj\demand.o
#        D:\Projects\MainLDrv20\lamp_app\SDK_2.0_TWR-KV58F220M2\boards\twrkv58f220m\demo_apps\lwip\lwip_udpecho\freertos\iar\debug\obj\dhcp.o
#        D:\Projects\MainLDrv20\lamp_app\SDK_2.0_TWR-KV58F220M2\boards\twrkv58f220m\demo_apps\lwip\lwip_udpecho\freertos\iar\debug\obj\dhcp6.o
#        D:\Projects\MainLDrv20\lamp_app\SDK_2.0_TWR-KV58F220M2\boards\twrkv58f220m\demo_apps\lwip\lwip_udpecho\freertos\iar\debug\obj\dns.o
#        D:\Projects\MainLDrv20\lamp_app\SDK_2.0_TWR-KV58F220M2\boards\twrkv58f220m\demo_apps\lwip\lwip_udpecho\freertos\iar\debug\obj\eap.o
#        D:\Projects\MainLDrv20\lamp_app\SDK_2.0_TWR-KV58F220M2\boards\twrkv58f220m\demo_apps\lwip\lwip_udpecho\freertos\iar\debug\obj\err.o
#        D:\Projects\MainLDrv20\lamp_app\SDK_2.0_TWR-KV58F220M2\boards\twrkv58f220m\demo_apps\lwip\lwip_udpecho\freertos\iar\debug\obj\etharp.o
#        D:\Projects\MainLDrv20\lamp_app\SDK_2.0_TWR-KV58F220M2\boards\twrkv58f220m\demo_apps\lwip\lwip_udpecho\freertos\iar\debug\obj\ethernet.o
#        D:\Projects\MainLDrv20\lamp_app\SDK_2.0_TWR-KV58F220M2\boards\twrkv58f220m\demo_apps\lwip\lwip_udpecho\freertos\iar\debug\obj\ethernetif.o
#        D:\Projects\MainLDrv20\lamp_app\SDK_2.0_TWR-KV58F220M2\boards\twrkv58f220m\demo_apps\lwip\lwip_udpecho\freertos\iar\debug\obj\ethip6.o
#        D:\Projects\MainLDrv20\lamp_app\SDK_2.0_TWR-KV58F220M2\boards\twrkv58f220m\demo_apps\lwip\lwip_udpecho\freertos\iar\debug\obj\eui64.o
#        D:\Projects\MainLDrv20\lamp_app\SDK_2.0_TWR-KV58F220M2\boards\twrkv58f220m\demo_apps\lwip\lwip_udpecho\freertos\iar\debug\obj\event_groups.o
#        D:\Projects\MainLDrv20\lamp_app\SDK_2.0_TWR-KV58F220M2\boards\twrkv58f220m\demo_apps\lwip\lwip_udpecho\freertos\iar\debug\obj\fonts.o
#        D:\Projects\MainLDrv20\lamp_app\SDK_2.0_TWR-KV58F220M2\boards\twrkv58f220m\demo_apps\lwip\lwip_udpecho\freertos\iar\debug\obj\frame_decod.o
#        D:\Projects\MainLDrv20\lamp_app\SDK_2.0_TWR-KV58F220M2\boards\twrkv58f220m\demo_apps\lwip\lwip_udpecho\freertos\iar\debug\obj\fsl_adc16.o
#        D:\Projects\MainLDrv20\lamp_app\SDK_2.0_TWR-KV58F220M2\boards\twrkv58f220m\demo_apps\lwip\lwip_udpecho\freertos\iar\debug\obj\fsl_clock.o
#        D:\Projects\MainLDrv20\lamp_app\SDK_2.0_TWR-KV58F220M2\boards\twrkv58f220m\demo_apps\lwip\lwip_udpecho\freertos\iar\debug\obj\fsl_cmp.o
#        D:\Projects\MainLDrv20\lamp_app\SDK_2.0_TWR-KV58F220M2\boards\twrkv58f220m\demo_apps\lwip\lwip_udpecho\freertos\iar\debug\obj\fsl_common.o
#        D:\Projects\MainLDrv20\lamp_app\SDK_2.0_TWR-KV58F220M2\boards\twrkv58f220m\demo_apps\lwip\lwip_udpecho\freertos\iar\debug\obj\fsl_crc.o
#        D:\Projects\MainLDrv20\lamp_app\SDK_2.0_TWR-KV58F220M2\boards\twrkv58f220m\demo_apps\lwip\lwip_udpecho\freertos\iar\debug\obj\fsl_debug_console.o
#        D:\Projects\MainLDrv20\lamp_app\SDK_2.0_TWR-KV58F220M2\boards\twrkv58f220m\demo_apps\lwip\lwip_udpecho\freertos\iar\debug\obj\fsl_dma_manager.o
#        D:\Projects\MainLDrv20\lamp_app\SDK_2.0_TWR-KV58F220M2\boards\twrkv58f220m\demo_apps\lwip\lwip_udpecho\freertos\iar\debug\obj\fsl_dmamux.o
#        D:\Projects\MainLDrv20\lamp_app\SDK_2.0_TWR-KV58F220M2\boards\twrkv58f220m\demo_apps\lwip\lwip_udpecho\freertos\iar\debug\obj\fsl_dspi.o
#        D:\Projects\MainLDrv20\lamp_app\SDK_2.0_TWR-KV58F220M2\boards\twrkv58f220m\demo_apps\lwip\lwip_udpecho\freertos\iar\debug\obj\fsl_dspi_edma.o
#        D:\Projects\MainLDrv20\lamp_app\SDK_2.0_TWR-KV58F220M2\boards\twrkv58f220m\demo_apps\lwip\lwip_udpecho\freertos\iar\debug\obj\fsl_edma.o
#        D:\Projects\MainLDrv20\lamp_app\SDK_2.0_TWR-KV58F220M2\boards\twrkv58f220m\demo_apps\lwip\lwip_udpecho\freertos\iar\debug\obj\fsl_enet.o
#        D:\Projects\MainLDrv20\lamp_app\SDK_2.0_TWR-KV58F220M2\boards\twrkv58f220m\demo_apps\lwip\lwip_udpecho\freertos\iar\debug\obj\fsl_flexcan.o
#        D:\Projects\MainLDrv20\lamp_app\SDK_2.0_TWR-KV58F220M2\boards\twrkv58f220m\demo_apps\lwip\lwip_udpecho\freertos\iar\debug\obj\fsl_flexcan_edma.o
#        D:\Projects\MainLDrv20\lamp_app\SDK_2.0_TWR-KV58F220M2\boards\twrkv58f220m\demo_apps\lwip\lwip_udpecho\freertos\iar\debug\obj\fsl_ftfx_cache.o
#        D:\Projects\MainLDrv20\lamp_app\SDK_2.0_TWR-KV58F220M2\boards\twrkv58f220m\demo_apps\lwip\lwip_udpecho\freertos\iar\debug\obj\fsl_ftfx_controller.o
#        D:\Projects\MainLDrv20\lamp_app\SDK_2.0_TWR-KV58F220M2\boards\twrkv58f220m\demo_apps\lwip\lwip_udpecho\freertos\iar\debug\obj\fsl_ftfx_flash.o
#        D:\Projects\MainLDrv20\lamp_app\SDK_2.0_TWR-KV58F220M2\boards\twrkv58f220m\demo_apps\lwip\lwip_udpecho\freertos\iar\debug\obj\fsl_ftfx_flexnvm.o
#        D:\Projects\MainLDrv20\lamp_app\SDK_2.0_TWR-KV58F220M2\boards\twrkv58f220m\demo_apps\lwip\lwip_udpecho\freertos\iar\debug\obj\fsl_ftm.o
#        D:\Projects\MainLDrv20\lamp_app\SDK_2.0_TWR-KV58F220M2\boards\twrkv58f220m\demo_apps\lwip\lwip_udpecho\freertos\iar\debug\obj\fsl_gpio.o
#        D:\Projects\MainLDrv20\lamp_app\SDK_2.0_TWR-KV58F220M2\boards\twrkv58f220m\demo_apps\lwip\lwip_udpecho\freertos\iar\debug\obj\fsl_hsadc.o
#        D:\Projects\MainLDrv20\lamp_app\SDK_2.0_TWR-KV58F220M2\boards\twrkv58f220m\demo_apps\lwip\lwip_udpecho\freertos\iar\debug\obj\fsl_i2c.o
#        D:\Projects\MainLDrv20\lamp_app\SDK_2.0_TWR-KV58F220M2\boards\twrkv58f220m\demo_apps\lwip\lwip_udpecho\freertos\iar\debug\obj\fsl_i2c_edma.o
#        D:\Projects\MainLDrv20\lamp_app\SDK_2.0_TWR-KV58F220M2\boards\twrkv58f220m\demo_apps\lwip\lwip_udpecho\freertos\iar\debug\obj\fsl_phy.o
#        D:\Projects\MainLDrv20\lamp_app\SDK_2.0_TWR-KV58F220M2\boards\twrkv58f220m\demo_apps\lwip\lwip_udpecho\freertos\iar\debug\obj\fsl_pwm.o
#        D:\Projects\MainLDrv20\lamp_app\SDK_2.0_TWR-KV58F220M2\boards\twrkv58f220m\demo_apps\lwip\lwip_udpecho\freertos\iar\debug\obj\fsl_sim.o
#        D:\Projects\MainLDrv20\lamp_app\SDK_2.0_TWR-KV58F220M2\boards\twrkv58f220m\demo_apps\lwip\lwip_udpecho\freertos\iar\debug\obj\fsl_smc.o
#        D:\Projects\MainLDrv20\lamp_app\SDK_2.0_TWR-KV58F220M2\boards\twrkv58f220m\demo_apps\lwip\lwip_udpecho\freertos\iar\debug\obj\fsl_uart.o
#        D:\Projects\MainLDrv20\lamp_app\SDK_2.0_TWR-KV58F220M2\boards\twrkv58f220m\demo_apps\lwip\lwip_udpecho\freertos\iar\debug\obj\fsl_uart_edma.o
#        D:\Projects\MainLDrv20\lamp_app\SDK_2.0_TWR-KV58F220M2\boards\twrkv58f220m\demo_apps\lwip\lwip_udpecho\freertos\iar\debug\obj\fsl_xbara.o
#        D:\Projects\MainLDrv20\lamp_app\SDK_2.0_TWR-KV58F220M2\boards\twrkv58f220m\demo_apps\lwip\lwip_udpecho\freertos\iar\debug\obj\fsl_xbarb.o
#        D:\Projects\MainLDrv20\lamp_app\SDK_2.0_TWR-KV58F220M2\boards\twrkv58f220m\demo_apps\lwip\lwip_udpecho\freertos\iar\debug\obj\fsm.o
#        D:\Projects\MainLDrv20\lamp_app\SDK_2.0_TWR-KV58F220M2\boards\twrkv58f220m\demo_apps\lwip\lwip_udpecho\freertos\iar\debug\obj\hard_init.o
#        D:\Projects\MainLDrv20\lamp_app\SDK_2.0_TWR-KV58F220M2\boards\twrkv58f220m\demo_apps\lwip\lwip_udpecho\freertos\iar\debug\obj\heap_3.o
#        D:\Projects\MainLDrv20\lamp_app\SDK_2.0_TWR-KV58F220M2\boards\twrkv58f220m\demo_apps\lwip\lwip_udpecho\freertos\iar\debug\obj\httpserver-netconn.o
#        D:\Projects\MainLDrv20\lamp_app\SDK_2.0_TWR-KV58F220M2\boards\twrkv58f220m\demo_apps\lwip\lwip_udpecho\freertos\iar\debug\obj\icmp.o
#        D:\Projects\MainLDrv20\lamp_app\SDK_2.0_TWR-KV58F220M2\boards\twrkv58f220m\demo_apps\lwip\lwip_udpecho\freertos\iar\debug\obj\icmp6.o
#        D:\Projects\MainLDrv20\lamp_app\SDK_2.0_TWR-KV58F220M2\boards\twrkv58f220m\demo_apps\lwip\lwip_udpecho\freertos\iar\debug\obj\igmp.o
#        D:\Projects\MainLDrv20\lamp_app\SDK_2.0_TWR-KV58F220M2\boards\twrkv58f220m\demo_apps\lwip\lwip_udpecho\freertos\iar\debug\obj\inet6.o
#        D:\Projects\MainLDrv20\lamp_app\SDK_2.0_TWR-KV58F220M2\boards\twrkv58f220m\demo_apps\lwip\lwip_udpecho\freertos\iar\debug\obj\inet_chksum.o
#        D:\Projects\MainLDrv20\lamp_app\SDK_2.0_TWR-KV58F220M2\boards\twrkv58f220m\demo_apps\lwip\lwip_udpecho\freertos\iar\debug\obj\init.o
#        D:\Projects\MainLDrv20\lamp_app\SDK_2.0_TWR-KV58F220M2\boards\twrkv58f220m\demo_apps\lwip\lwip_udpecho\freertos\iar\debug\obj\ip.o
#        D:\Projects\MainLDrv20\lamp_app\SDK_2.0_TWR-KV58F220M2\boards\twrkv58f220m\demo_apps\lwip\lwip_udpecho\freertos\iar\debug\obj\ip4.o
#        D:\Projects\MainLDrv20\lamp_app\SDK_2.0_TWR-KV58F220M2\boards\twrkv58f220m\demo_apps\lwip\lwip_udpecho\freertos\iar\debug\obj\ip4_addr.o
#        D:\Projects\MainLDrv20\lamp_app\SDK_2.0_TWR-KV58F220M2\boards\twrkv58f220m\demo_apps\lwip\lwip_udpecho\freertos\iar\debug\obj\ip6.o
#        D:\Projects\MainLDrv20\lamp_app\SDK_2.0_TWR-KV58F220M2\boards\twrkv58f220m\demo_apps\lwip\lwip_udpecho\freertos\iar\debug\obj\ip6_addr.o
#        D:\Projects\MainLDrv20\lamp_app\SDK_2.0_TWR-KV58F220M2\boards\twrkv58f220m\demo_apps\lwip\lwip_udpecho\freertos\iar\debug\obj\ip6_frag.o
#        D:\Projects\MainLDrv20\lamp_app\SDK_2.0_TWR-KV58F220M2\boards\twrkv58f220m\demo_apps\lwip\lwip_udpecho\freertos\iar\debug\obj\ip_frag.o
#        D:\Projects\MainLDrv20\lamp_app\SDK_2.0_TWR-KV58F220M2\boards\twrkv58f220m\demo_apps\lwip\lwip_udpecho\freertos\iar\debug\obj\ipcp.o
#        D:\Projects\MainLDrv20\lamp_app\SDK_2.0_TWR-KV58F220M2\boards\twrkv58f220m\demo_apps\lwip\lwip_udpecho\freertos\iar\debug\obj\ipv6cp.o
#        D:\Projects\MainLDrv20\lamp_app\SDK_2.0_TWR-KV58F220M2\boards\twrkv58f220m\demo_apps\lwip\lwip_udpecho\freertos\iar\debug\obj\lcp.o
#        D:\Projects\MainLDrv20\lamp_app\SDK_2.0_TWR-KV58F220M2\boards\twrkv58f220m\demo_apps\lwip\lwip_udpecho\freertos\iar\debug\obj\list.o
#        D:\Projects\MainLDrv20\lamp_app\SDK_2.0_TWR-KV58F220M2\boards\twrkv58f220m\demo_apps\lwip\lwip_udpecho\freertos\iar\debug\obj\lowpan6.o
#        D:\Projects\MainLDrv20\lamp_app\SDK_2.0_TWR-KV58F220M2\boards\twrkv58f220m\demo_apps\lwip\lwip_udpecho\freertos\iar\debug\obj\lwip_ecp.o
#        D:\Projects\MainLDrv20\lamp_app\SDK_2.0_TWR-KV58F220M2\boards\twrkv58f220m\demo_apps\lwip\lwip_udpecho\freertos\iar\debug\obj\lwip_timers.o
#        D:\Projects\MainLDrv20\lamp_app\SDK_2.0_TWR-KV58F220M2\boards\twrkv58f220m\demo_apps\lwip\lwip_udpecho\freertos\iar\debug\obj\lwip_udpecho_freertos.o
#        D:\Projects\MainLDrv20\lamp_app\SDK_2.0_TWR-KV58F220M2\boards\twrkv58f220m\demo_apps\lwip\lwip_udpecho\freertos\iar\debug\obj\magic.o
#        D:\Projects\MainLDrv20\lamp_app\SDK_2.0_TWR-KV58F220M2\boards\twrkv58f220m\demo_apps\lwip\lwip_udpecho\freertos\iar\debug\obj\mem.o
#        D:\Projects\MainLDrv20\lamp_app\SDK_2.0_TWR-KV58F220M2\boards\twrkv58f220m\demo_apps\lwip\lwip_udpecho\freertos\iar\debug\obj\memp.o
#        D:\Projects\MainLDrv20\lamp_app\SDK_2.0_TWR-KV58F220M2\boards\twrkv58f220m\demo_apps\lwip\lwip_udpecho\freertos\iar\debug\obj\mld6.o
#        D:\Projects\MainLDrv20\lamp_app\SDK_2.0_TWR-KV58F220M2\boards\twrkv58f220m\demo_apps\lwip\lwip_udpecho\freertos\iar\debug\obj\mppe.o
#        D:\Projects\MainLDrv20\lamp_app\SDK_2.0_TWR-KV58F220M2\boards\twrkv58f220m\demo_apps\lwip\lwip_udpecho\freertos\iar\debug\obj\multilink.o
#        D:\Projects\MainLDrv20\lamp_app\SDK_2.0_TWR-KV58F220M2\boards\twrkv58f220m\demo_apps\lwip\lwip_udpecho\freertos\iar\debug\obj\nd6.o
#        D:\Projects\MainLDrv20\lamp_app\SDK_2.0_TWR-KV58F220M2\boards\twrkv58f220m\demo_apps\lwip\lwip_udpecho\freertos\iar\debug\obj\netbuf.o
#        D:\Projects\MainLDrv20\lamp_app\SDK_2.0_TWR-KV58F220M2\boards\twrkv58f220m\demo_apps\lwip\lwip_udpecho\freertos\iar\debug\obj\netdb.o
#        D:\Projects\MainLDrv20\lamp_app\SDK_2.0_TWR-KV58F220M2\boards\twrkv58f220m\demo_apps\lwip\lwip_udpecho\freertos\iar\debug\obj\netif.o
#        D:\Projects\MainLDrv20\lamp_app\SDK_2.0_TWR-KV58F220M2\boards\twrkv58f220m\demo_apps\lwip\lwip_udpecho\freertos\iar\debug\obj\netifapi.o
#        D:\Projects\MainLDrv20\lamp_app\SDK_2.0_TWR-KV58F220M2\boards\twrkv58f220m\demo_apps\lwip\lwip_udpecho\freertos\iar\debug\obj\pbuf.o
#        D:\Projects\MainLDrv20\lamp_app\SDK_2.0_TWR-KV58F220M2\boards\twrkv58f220m\demo_apps\lwip\lwip_udpecho\freertos\iar\debug\obj\pflash.o
#        D:\Projects\MainLDrv20\lamp_app\SDK_2.0_TWR-KV58F220M2\boards\twrkv58f220m\demo_apps\lwip\lwip_udpecho\freertos\iar\debug\obj\pin_mux.o
#        D:\Projects\MainLDrv20\lamp_app\SDK_2.0_TWR-KV58F220M2\boards\twrkv58f220m\demo_apps\lwip\lwip_udpecho\freertos\iar\debug\obj\port.o
#        D:\Projects\MainLDrv20\lamp_app\SDK_2.0_TWR-KV58F220M2\boards\twrkv58f220m\demo_apps\lwip\lwip_udpecho\freertos\iar\debug\obj\portasm.o
#        D:\Projects\MainLDrv20\lamp_app\SDK_2.0_TWR-KV58F220M2\boards\twrkv58f220m\demo_apps\lwip\lwip_udpecho\freertos\iar\debug\obj\ppp.o
#        D:\Projects\MainLDrv20\lamp_app\SDK_2.0_TWR-KV58F220M2\boards\twrkv58f220m\demo_apps\lwip\lwip_udpecho\freertos\iar\debug\obj\pppapi.o
#        D:\Projects\MainLDrv20\lamp_app\SDK_2.0_TWR-KV58F220M2\boards\twrkv58f220m\demo_apps\lwip\lwip_udpecho\freertos\iar\debug\obj\pppcrypt.o
#        D:\Projects\MainLDrv20\lamp_app\SDK_2.0_TWR-KV58F220M2\boards\twrkv58f220m\demo_apps\lwip\lwip_udpecho\freertos\iar\debug\obj\pppoe.o
#        D:\Projects\MainLDrv20\lamp_app\SDK_2.0_TWR-KV58F220M2\boards\twrkv58f220m\demo_apps\lwip\lwip_udpecho\freertos\iar\debug\obj\pppol2tp.o
#        D:\Projects\MainLDrv20\lamp_app\SDK_2.0_TWR-KV58F220M2\boards\twrkv58f220m\demo_apps\lwip\lwip_udpecho\freertos\iar\debug\obj\pppos.o
#        D:\Projects\MainLDrv20\lamp_app\SDK_2.0_TWR-KV58F220M2\boards\twrkv58f220m\demo_apps\lwip\lwip_udpecho\freertos\iar\debug\obj\queue.o
#        D:\Projects\MainLDrv20\lamp_app\SDK_2.0_TWR-KV58F220M2\boards\twrkv58f220m\demo_apps\lwip\lwip_udpecho\freertos\iar\debug\obj\raw.o
#        D:\Projects\MainLDrv20\lamp_app\SDK_2.0_TWR-KV58F220M2\boards\twrkv58f220m\demo_apps\lwip\lwip_udpecho\freertos\iar\debug\obj\slipif.o
#        D:\Projects\MainLDrv20\lamp_app\SDK_2.0_TWR-KV58F220M2\boards\twrkv58f220m\demo_apps\lwip\lwip_udpecho\freertos\iar\debug\obj\sockets.o
#        D:\Projects\MainLDrv20\lamp_app\SDK_2.0_TWR-KV58F220M2\boards\twrkv58f220m\demo_apps\lwip\lwip_udpecho\freertos\iar\debug\obj\ssd1306.o
#        D:\Projects\MainLDrv20\lamp_app\SDK_2.0_TWR-KV58F220M2\boards\twrkv58f220m\demo_apps\lwip\lwip_udpecho\freertos\iar\debug\obj\ssd1306_i2c.o
#        D:\Projects\MainLDrv20\lamp_app\SDK_2.0_TWR-KV58F220M2\boards\twrkv58f220m\demo_apps\lwip\lwip_udpecho\freertos\iar\debug\obj\startup_MKV58F24.o
#        D:\Projects\MainLDrv20\lamp_app\SDK_2.0_TWR-KV58F220M2\boards\twrkv58f220m\demo_apps\lwip\lwip_udpecho\freertos\iar\debug\obj\stats.o
#        D:\Projects\MainLDrv20\lamp_app\SDK_2.0_TWR-KV58F220M2\boards\twrkv58f220m\demo_apps\lwip\lwip_udpecho\freertos\iar\debug\obj\sys.o
#        D:\Projects\MainLDrv20\lamp_app\SDK_2.0_TWR-KV58F220M2\boards\twrkv58f220m\demo_apps\lwip\lwip_udpecho\freertos\iar\debug\obj\sys_arch.o
#        D:\Projects\MainLDrv20\lamp_app\SDK_2.0_TWR-KV58F220M2\boards\twrkv58f220m\demo_apps\lwip\lwip_udpecho\freertos\iar\debug\obj\system_MKV58F24.o
#        D:\Projects\MainLDrv20\lamp_app\SDK_2.0_TWR-KV58F220M2\boards\twrkv58f220m\demo_apps\lwip\lwip_udpecho\freertos\iar\debug\obj\tasks.o
#        D:\Projects\MainLDrv20\lamp_app\SDK_2.0_TWR-KV58F220M2\boards\twrkv58f220m\demo_apps\lwip\lwip_udpecho\freertos\iar\debug\obj\tcp.o
#        D:\Projects\MainLDrv20\lamp_app\SDK_2.0_TWR-KV58F220M2\boards\twrkv58f220m\demo_apps\lwip\lwip_udpecho\freertos\iar\debug\obj\tcp_in.o
#        D:\Projects\MainLDrv20\lamp_app\SDK_2.0_TWR-KV58F220M2\boards\twrkv58f220m\demo_apps\lwip\lwip_udpecho\freertos\iar\debug\obj\tcp_out.o
#        D:\Projects\MainLDrv20\lamp_app\SDK_2.0_TWR-KV58F220M2\boards\twrkv58f220m\demo_apps\lwip\lwip_udpecho\freertos\iar\debug\obj\tcpecho.o
#        D:\Projects\MainLDrv20\lamp_app\SDK_2.0_TWR-KV58F220M2\boards\twrkv58f220m\demo_apps\lwip\lwip_udpecho\freertos\iar\debug\obj\tcpip.o
#        D:\Projects\MainLDrv20\lamp_app\SDK_2.0_TWR-KV58F220M2\boards\twrkv58f220m\demo_apps\lwip\lwip_udpecho\freertos\iar\debug\obj\timers.o
#        D:\Projects\MainLDrv20\lamp_app\SDK_2.0_TWR-KV58F220M2\boards\twrkv58f220m\demo_apps\lwip\lwip_udpecho\freertos\iar\debug\obj\udp.o
#        D:\Projects\MainLDrv20\lamp_app\SDK_2.0_TWR-KV58F220M2\boards\twrkv58f220m\demo_apps\lwip\lwip_udpecho\freertos\iar\debug\obj\udpecho.o
#        D:\Projects\MainLDrv20\lamp_app\SDK_2.0_TWR-KV58F220M2\boards\twrkv58f220m\demo_apps\lwip\lwip_udpecho\freertos\iar\debug\obj\upap.o
#        D:\Projects\MainLDrv20\lamp_app\SDK_2.0_TWR-KV58F220M2\boards\twrkv58f220m\demo_apps\lwip\lwip_udpecho\freertos\iar\debug\obj\utils.o
#        D:\Projects\MainLDrv20\lamp_app\SDK_2.0_TWR-KV58F220M2\boards\twrkv58f220m\demo_apps\lwip\lwip_udpecho\freertos\iar\debug\obj\vj.o
#        --redirect _Printf=_PrintfSmall --redirect _Scanf=_ScanfSmall
#        --no_out_extension -o
#        D:\Projects\MainLDrv20\lamp_app\SDK_2.0_TWR-KV58F220M2\boards\twrkv58f220m\demo_apps\lwip\lwip_udpecho\freertos\iar\debug\lwip_udpecho_freertos.out
#        --strip --map
#        D:\Projects\MainLDrv20\lamp_app\SDK_2.0_TWR-KV58F220M2\boards\twrkv58f220m\demo_apps\lwip\lwip_udpecho\freertos\iar\debug\list\lwip_udpecho_freertos.map
#        --config
#        D:\Projects\MainLDrv20\lamp_app\SDK_2.0_TWR-KV58F220M2\boards\twrkv58f220m\demo_apps\lwip\lwip_udpecho\freertos\iar\MKV58F1M0xxx24_flash.icf
#        --semihosting --entry __iar_program_start --vfe --text_out locale)
#
###############################################################################

*******************************************************************************
*** RUNTIME MODEL ATTRIBUTES
***

CppFlavor       = *
__Heap_Handler  = Basic
__SystemLibrary = DLib
__dlib_version  = 6


*******************************************************************************
*** HEAP SELECTION
***

The basic heap was selected because no calls to memory allocation
functions were found in the application outside of system library
functions, and there are calls to deallocation functions in the
application.


*******************************************************************************
*** PLACEMENT SUMMARY
***

"A0":  place at address 0x1000'0000 { ro section .intvec };
"P1":  place in [from 0x1000'0400 to 0x1000'040f] { section FlashConfig };
"P2":  place in [from 0x1000'0000 to 0x1000'03ff] |
                [from 0x1000'0410 to 0x100f'ffff] { ro };
define block RW { rw };
"P3":  place in [from 0x2000'0000 to 0x2001'ffff] |
                [from 0x2f00'0000 to 0x2f00'f9ff] { block RW };
define block ZI { zi };
"P4":  place in [from 0x2000'0000 to 0x2001'ffff] |
                [from 0x2f00'0000 to 0x2f00'f9ff] { block ZI };
define block HEAP with size = 65'535, alignment = 8 { };
"P5":  place in [from 0x2000'0000 to 0x2001'ffff] |
                [from 0x2f00'0000 to 0x2f00'f9ff] { last block HEAP };
define block CSTACK with size = 1'536, alignment = 8 { };
"P6":  place in [from 0x2f00'fa00 to 0x2f00'ffff] { block CSTACK };
initialize by copy { rw, section .textrw };

No sections matched the following patterns:

  section m_interrupts_ram  in "P7"


  Section            Kind         Address      Size  Object
  -------            ----         -------      ----  ------
"A0":                                         0x400
  .intvec            ro code  0x1000'0000     0x400  startup_MKV58F24.o [1]
                            - 0x1000'0400     0x400

"P1":                                          0x10
  FlashConfig        ro code  0x1000'0400      0x10  startup_MKV58F24.o [1]
                            - 0x1000'0410      0x10

"P2":                                      0x1'82a9
  .text              ro code  0x1000'0410    0x157c  tcp_in.o [1]
  .text              ro code  0x1000'198c      0x50  ip4_addr.o [1]
  .text              ro code  0x1000'19dc     0x1f0  inet_chksum.o [1]
  .text              ro code  0x1000'1bcc      0x46  def.o [1]
  .text              ro code  0x1000'1c12      0x3a  zero_init3.o [4]
  .text              ro code  0x1000'1c4c     0x888  pbuf.o [1]
  .text              ro code  0x1000'24d4     0x376  sys_arch.o [1]
  .rodata            const    0x1000'284a       0x2  pin_mux.o [1]
  .text              ro code  0x1000'284c     0xfc4  tcp.o [1]
  .text              ro code  0x1000'3810     0x13c  memp.o [1]
  .text              ro code  0x1000'394c    0x1164  tcp_out.o [1]
  .text              ro code  0x1000'4ab0     0x1dc  lwip_timers.o [1]
  .text              ro code  0x1000'4c8c     0x4c4  mem.o [1]
  .text              ro code  0x1000'5150      0xa6  ABImemcpy.o [4]
  .rodata            const    0x1000'51f6       0x2  pin_mux.o [1]
  .text              ro code  0x1000'51f8     0x6d4  fsl_debug_console.o [1]
  .text              ro code  0x1000'58cc     0x35c  port.o [1]
  .text              ro code  0x1000'5c28     0x800  queue.o [1]
  .text              ro code  0x1000'6428     0xedc  tasks.o [1]
  .text              ro code  0x1000'7304      0x66  ABImemset.o [4]
  .rodata            const    0x1000'736a       0x2  pin_mux.o [1]
  .text              ro code  0x1000'736c     0x490  ip4.o [1]
  .text              ro code  0x1000'77fc     0x274  I64DivMod.o [4]
  .text              ro code  0x1000'7a70      0x36  strlen.o [4]
  .rodata            const    0x1000'7aa6       0x2  pin_mux.o [1]
  .text              ro code  0x1000'7aa8      0x4c  port.o [1]
  CODE               ro code  0x1000'7af4      0xa8  portasm.o [1]
  .text              ro code  0x1000'7b9c      0x9a  list.o [1]
  .rodata            const    0x1000'7c36       0x2  pin_mux.o [1]
  .text              ro code  0x1000'7c38     0x2d4  heap_3.o [1]
  .text              ro code  0x1000'7f0c     0x498  timers.o [1]
  .text              ro code  0x1000'83a4     0x538  lwip_udpecho_freertos.o [1]
  .text              ro code  0x1000'88dc     0x89c  ip_frag.o [1]
  .text              ro code  0x1000'9178     0x538  udp.o [1]
  .text              ro code  0x1000'96b0     0x2e8  icmp.o [1]
  .text              ro code  0x1000'9998       0x2  I64DivZer.o [4]
  .rodata            const    0x1000'999a       0x2  pin_mux.o [1]
  .text              ro code  0x1000'999c     0x862  app.o [1]
  .rodata            const    0x1000'a1fe       0x2  pin_mux.o [1]
  .text              ro code  0x1000'a200     0xbb4  hard_init.o [1]
  .text              ro code  0x1000'adb4      0x1c  fsl_common.o [1]
  .text              ro code  0x1000'add0      0x60  fsl_hsadc.o [1]
  .text              ro code  0x1000'ae30      0x6c  fsl_dmamux.o [1]
  .text              ro code  0x1000'ae9c     0x9e0  fsl_edma.o [1]
  .text              ro code  0x1000'b87c     0x8b4  fsl_dspi_edma.o [1]
  .text              ro code  0x1000'c130     0x5a4  fsl_clock.o [1]
  .text              ro code  0x1000'c6d4     0x560  fsl_dspi.o [1]
  .text              ro code  0x1000'cc34     0x37e  fsl_pwm.o [1]
  .rodata            const    0x1000'cfb2       0x2  pin_mux.o [1]
  .text              ro code  0x1000'cfb4     0x5a4  fsl_i2c.o [1]
  .text              ro code  0x1000'd558      0x20  fsl_sim.o [1]
  .text              ro code  0x1000'd578     0x5a0  pin_mux.o [1]
  .text              ro code  0x1000'db18      0xa4  clock_config.o [1]
  .text              ro code  0x1000'dbbc       0xe  board.o [1]
  .rodata            const    0x1000'dbca       0x2  pin_mux.o [1]
  .text              ro code  0x1000'dbcc     0x1e0  pflash.o [1]
  .text              ro code  0x1000'ddac     0x5a0  fsl_ftm.o [1]
  .text              ro code  0x1000'e34c      0x64  fsl_gpio.o [1]
  .text              ro code  0x1000'e3b0     0x1d0  tcpip.o [1]
  .text              ro code  0x1000'e580     0x164  netif.o [1]
  .text              ro code  0x1000'e6e4      0xf8  udpecho.o [1]
  .text              ro code  0x1000'e7dc     0x224  ssd1306.o [1]
  .text              ro code  0x1000'ea00      0x28  printf.o [2]
  .text              ro code  0x1000'ea28      0x44  fsl_xbara.o [1]
  .text              ro code  0x1000'ea6c     0x582  fsl_ftfx_flash.o [1]
  .rodata            const    0x1000'efee       0x2  pin_mux.o [1]
  .text              ro code  0x1000'eff0      0x70  fsl_ftfx_cache.o [1]
  .text              ro code  0x1000'f060      0x20  init.o [1]
  .text              ro code  0x1000'f080     0xbf4  etharp.o [1]
  .text              ro code  0x1000'fc74     0x348  api_lib.o [1]
  .text              ro code  0x1000'ffbc     0xc2c  frame_decod.o [1]
  .text              ro code  0x1001'0be8      0x26  netbuf.o [1]
  .rodata            const    0x1001'0c0e       0x2  pin_mux.o [1]
  .text              ro code  0x1001'0c10     0x10c  ssd1306_i2c.o [1]
  .text              ro code  0x1001'0d1c     0x4f1  xprintfsmall.o [2]
  .rodata            const    0x1001'120e       0x2  pin_mux.o [1]
  .text              ro code  0x1001'1210     0x40c  fsl_ftfx_controller.o [1]
  .text              ro code  0x1001'161c     0xd00  dhcp.o [1]
  .text              ro code  0x1001'231c     0xd94  api_msg.o [1]
  .text              ro code  0x1001'30b0     0x158  fsl_crc.o [1]
  .text              ro code  0x1001'3208      0x68  xlocale_c.o [2]
  .text              ro code  0x1001'3270      0x16  strchr.o [4]
  .rodata            const    0x1001'3286       0x2  pin_mux.o [1]
  .text              ro code  0x1001'3288      0x40  xfail_s.o [2]
  .text              ro code  0x1001'32c8      0x58  memchr.o [4]
  .text              ro code  0x1001'3320       0x6  abort.o [2]
  .rodata            const    0x1001'3326       0x2  pin_mux.o [1]
  .text              ro code  0x1001'3328      0x14  exit.o [5]
  .text              ro code  0x1001'333c     0xc04  fsl_enet.o [1]
  .text              ro code  0x1001'3f40     0x3bc  ethernetif.o [1]
  .text              ro code  0x1001'42fc     0x28c  event_groups.o [1]
  .text              ro code  0x1001'4588     0x294  fsl_phy.o [1]
  .text              ro code  0x1001'481c     0x13c  heap0.o [2]
  .text              ro code  0x1001'4958      0x2c  xgetmemchunk.o [2]
  .text              ro code  0x1001'4984      0xd8  xfspos.o [2]
  .text              ro code  0x1001'4a5c      0xac  fflush.o [2]
  .text              ro code  0x1001'4b08       0xc  xfgpos.o [2]
  .text              ro code  0x1001'4b14      0x4a  lseek.o [5]
  .rodata            const    0x1001'4b5e       0x2  pin_mux.o [1]
  .text              ro code  0x1001'4b60      0xcc  XShHandles.o [2]
  .text              ro code  0x1001'4c2c      0xc4  system_MKV58F24.o [1]
  .text              ro code  0x1001'4cf0      0xc0  ethernet.o [1]
  .text              ro code  0x1001'4db0      0x68  memcmp.o [4]
  .text              ro code  0x1001'4e18      0xb4  xfwprep.o [2]
  .text              ro code  0x1001'4ecc      0x24  fseek.o [2]
  .rodata            const    0x1001'4ef0      0xb0  pin_mux.o [1]
  .text              ro code  0x1001'4fa0      0xb0  fsl_uart.o [1]
  .text              ro code  0x1001'5050      0x9c  fsl_flexcan.o [1]
  .text              ro code  0x1001'50ec      0x9c  xfofind.o [2]
  .text              ro code  0x1001'5188       0x4  heaptramp0.o [2]
  .text              ro code  0x1001'518c      0x9c  packbits_init.o [4]
  .rodata            const    0x1001'5228      0x80  fsl_i2c.o [1]
  .text              ro code  0x1001'52a8      0x7e  fclose.o [2]
  .text              ro code  0x1001'5326      0x18  close.o [5]
  .text              ro code  0x1001'533e      0x14  remove.o [5]
  .rodata            const    0x1001'5352       0x2  pin_mux.o [1]
  .rodata            const    0x1001'5354      0x7c  fsl_phy.o [1]
  .rodata            const    0x1001'53d0      0x60  fsl_dmamux.o [1]
  .rodata            const    0x1001'5430      0x60  fsl_dspi_edma.o [1]
  .rodata            const    0x1001'5490      0x60  fsl_flexcan.o [1]
  .rodata            const    0x1001'54f0      0x60  hard_init.o [1]
  .rodata            const    0x1001'5550      0x5c  fsl_clock.o [1]
  .rodata            const    0x1001'55ac      0x5c  fsl_dspi.o [1]
  .rodata            const    0x1001'5608      0x5c  fsl_dspi_edma.o [1]
  .rodata            const    0x1001'5664      0x5c  fsl_edma.o [1]
  .rodata            const    0x1001'56c0      0x5c  fsl_enet.o [1]
  .rodata            const    0x1001'571c      0x5c  fsl_ftm.o [1]
  .rodata            const    0x1001'5778      0x5c  fsl_gpio.o [1]
  .rodata            const    0x1001'57d4      0x5c  fsl_i2c.o [1]
  .rodata            const    0x1001'5830      0x5c  fsl_pwm.o [1]
  .rodata            const    0x1001'588c      0x58  tcp_out.o [1]
  .rodata            const    0x1001'58e4      0x54  fsl_enet.o [1]
  .text              ro code  0x1001'5938      0x54  fputc.o [2]
  .rodata            const    0x1001'598c      0x48  dhcp.o [1]
  .rodata            const    0x1001'59d4      0x44  dhcp.o [1]
  .rodata            const    0x1001'5a18      0x44  etharp.o [1]
  .rodata            const    0x1001'5a5c      0x44  fsl_enet.o [1]
  .rodata            const    0x1001'5aa0      0x44  fsl_enet.o [1]
  .rodata            const    0x1001'5ae4      0x40  dhcp.o [1]
  .rodata            const    0x1001'5b24      0x40  dhcp.o [1]
  .rodata            const    0x1001'5b64      0x40  dhcp.o [1]
  .rodata            const    0x1001'5ba4      0x40  etharp.o [1]
  .rodata            const    0x1001'5be4      0x40  fsl_dspi.o [1]
  .rodata            const    0x1001'5c24      0x40  fsl_dspi.o [1]
  .rodata            const    0x1001'5c64      0x40  lwip_timers.o [1]
  .rodata            const    0x1001'5ca4      0x40  tcp_out.o [1]
  .rodata            const    0x1001'5ce4      0x3c  api_msg.o [1]
  .rodata            const    0x1001'5d20      0x3c  api_msg.o [1]
  .rodata            const    0x1001'5d5c      0x3c  dhcp.o [1]
  .rodata            const    0x1001'5d98      0x3c  tcp_out.o [1]
  .rodata            const    0x1001'5dd4      0x3c  tcp_out.o [1]
  .text              ro code  0x1001'5e10      0x3c  xcloseall.o [2]
  .rodata            const    0x1001'5e4c      0x38  hard_init.o [1]
  .rodata            const    0x1001'5e84      0x38  hard_init.o [1]
  .rodata            const    0x1001'5ebc      0x38  icmp.o [1]
  .rodata            const    0x1001'5ef4      0x38  icmp.o [1]
  .rodata            const    0x1001'5f2c      0x38  ip_frag.o [1]
  .rodata            const    0x1001'5f64      0x38  pbuf.o [1]
  .rodata            const    0x1001'5f9c      0x38  tcp_in.o [1]
  .rodata            const    0x1001'5fd4      0x38  tcp_out.o [1]
  .rodata            const    0x1001'600c      0x34  api_msg.o [1]
  .rodata            const    0x1001'6040      0x34  etharp.o [1]
  .rodata            const    0x1001'6074      0x34  hard_init.o [1]
  .rodata            const    0x1001'60a8      0x34  icmp.o [1]
  .rodata            const    0x1001'60dc      0x34  memp.o [1]
  .rodata            const    0x1001'6110      0x34  pbuf.o [1]
  .rodata            const    0x1001'6144      0x34  pbuf.o [1]
  .rodata            const    0x1001'6178      0x34  tcp.o [1]
  .rodata            const    0x1001'61ac      0x34  tcp_out.o [1]
  .rodata            const    0x1001'61e0      0x34  tcp_out.o [1]
  .rodata            const    0x1001'6214      0x30  api_msg.o [1]
  .rodata            const    0x1001'6244      0x30  etharp.o [1]
  .rodata            const    0x1001'6274      0x30  ip4.o [1]
  .rodata            const    0x1001'62a4      0x30  ip_frag.o [1]
  .rodata            const    0x1001'62d4      0x30  mem.o [1]
  .rodata            const    0x1001'6304      0x30  mem.o [1]
  .rodata            const    0x1001'6334      0x30  pbuf.o [1]
  .rodata            const    0x1001'6364      0x30  pbuf.o [1]
  .rodata            const    0x1001'6394      0x30  pbuf.o [1]
  .rodata            const    0x1001'63c4      0x30  pbuf.o [1]
  .rodata            const    0x1001'63f4      0x30  tcp.o [1]
  .rodata            const    0x1001'6424      0x30  tcp.o [1]
  .rodata            const    0x1001'6454      0x30  tcp_in.o [1]
  .rodata            const    0x1001'6484      0x30  tcp_out.o [1]
  .rodata            const    0x1001'64b4      0x30  tcp_out.o [1]
  .rodata            const    0x1001'64e4      0x30  tcp_out.o [1]
  .rodata            const    0x1001'6514      0x30  udp.o [1]
  .rodata            const    0x1001'6544      0x2c  api_msg.o [1]
  .rodata            const    0x1001'6570      0x2c  dhcp.o [1]
  .rodata            const    0x1001'659c      0x2c  etharp.o [1]
  .rodata            const    0x1001'65c8      0x2c  fsl_common.o [1]
  .rodata            const    0x1001'65f4      0x2c  icmp.o [1]
  .rodata            const    0x1001'6620      0x2c  mem.o [1]
  .rodata            const    0x1001'664c      0x2c  pbuf.o [1]
  .rodata            const    0x1001'6678      0x2c  pbuf.o [1]
  .rodata            const    0x1001'66a4      0x2c  pflash.o [1]
  .rodata            const    0x1001'66d0      0x2c  pflash.o [1]
  .rodata            const    0x1001'66fc      0x2c  pflash.o [1]
  .rodata            const    0x1001'6728      0x2c  tcp.o [1]
  .rodata            const    0x1001'6754      0x2c  tcp.o [1]
  .rodata            const    0x1001'6780      0x2c  tcp.o [1]
  .rodata            const    0x1001'67ac      0x2c  tcp.o [1]
  .rodata            const    0x1001'67d8      0x2c  tcp_in.o [1]
  .rodata            const    0x1001'6804      0x2c  tcp_in.o [1]
  .rodata            const    0x1001'6830      0x2c  tcp_in.o [1]
  .rodata            const    0x1001'685c      0x2c  tcp_out.o [1]
  .rodata            const    0x1001'6888      0x2c  tcp_out.o [1]
  .rodata            const    0x1001'68b4      0x28  api_msg.o [1]
  .rodata            const    0x1001'68dc      0x28  dhcp.o [1]
  .rodata            const    0x1001'6904      0x28  dhcp.o [1]
  .rodata            const    0x1001'692c      0x28  dhcp.o [1]
  .rodata            const    0x1001'6954      0x28  dhcp.o [1]
  .rodata            const    0x1001'697c      0x28  etharp.o [1]
  .rodata            const    0x1001'69a4      0x28  fsl_enet.o [1]
  .rodata            const    0x1001'69cc      0x28  icmp.o [1]
  .rodata            const    0x1001'69f4      0x28  tcp.o [1]
  .rodata            const    0x1001'6a1c      0x28  tcp.o [1]
  .rodata            const    0x1001'6a44      0x28  tcp.o [1]
  .rodata            const    0x1001'6a6c      0x28  tcp.o [1]
  .rodata            const    0x1001'6a94      0x28  tcp.o [1]
  .rodata            const    0x1001'6abc      0x28  tcp.o [1]
  .rodata            const    0x1001'6ae4      0x28  tcp.o [1]
  .rodata            const    0x1001'6b0c      0x28  tcp_in.o [1]
  .rodata            const    0x1001'6b34      0x28  tcp_in.o [1]
  .rodata            const    0x1001'6b5c      0x28  tcp_in.o [1]
  .rodata            const    0x1001'6b84      0x28  tcp_out.o [1]
  .rodata            const    0x1001'6bac      0x28  tcp_out.o [1]
  .text              ro code  0x1001'6bd4      0x28  data_init.o [4]
  .rodata            const    0x1001'6bfc      0x24  api_lib.o [1]
  .rodata            const    0x1001'6c20      0x24  api_lib.o [1]
  .rodata            const    0x1001'6c44      0x24  api_msg.o [1]
  .rodata            const    0x1001'6c68      0x24  api_msg.o [1]
  .rodata            const    0x1001'6c8c      0x24  api_msg.o [1]
  .rodata            const    0x1001'6cb0      0x24  api_msg.o [1]
  .rodata            const    0x1001'6cd4      0x24  dhcp.o [1]
  .rodata            const    0x1001'6cf8      0x24  etharp.o [1]
  .rodata            const    0x1001'6d1c      0x24  fsl_edma.o [1]
  .rodata            const    0x1001'6d40      0x24  fsl_enet.o [1]
  .rodata            const    0x1001'6d64      0x24  fsl_enet.o [1]
  .rodata            const    0x1001'6d88      0x24  hard_init.o [1]
  .rodata            const    0x1001'6dac      0x24  hard_init.o [1]
  .rodata            const    0x1001'6dd0      0x24  hard_init.o [1]
  .rodata            const    0x1001'6df4      0x24  icmp.o [1]
  .rodata            const    0x1001'6e18      0x24  ip_frag.o [1]
  .rodata            const    0x1001'6e3c      0x24  mem.o [1]
  .rodata            const    0x1001'6e60      0x24  mem.o [1]
  .rodata            const    0x1001'6e84      0x24  memp.o [1]
  .rodata            const    0x1001'6ea8      0x24  pbuf.o [1]
  .rodata            const    0x1001'6ecc      0x24  pbuf.o [1]
  .rodata            const    0x1001'6ef0      0x24  pbuf.o [1]
  .rodata            const    0x1001'6f14      0x24  tcp.o [1]
  .rodata            const    0x1001'6f38      0x24  tcpip.o [1]
  .text              ro code  0x1001'6f5c      0x24  startup_MKV58F24.o [1]
  .text              ro code  0x1001'6f80      0x22  fpinit_M.o [3]
  .iar.init_table    const    0x1001'6fa4      0x2c  - Linker created -
  .rodata            const    0x1001'6fd0       0x2  xlocale_c.o [2]
  .rodata            const    0x1001'6fd4      0x20  api_lib.o [1]
  .rodata            const    0x1001'6ff4      0x20  api_lib.o [1]
  .rodata            const    0x1001'7014      0x20  api_msg.o [1]
  .rodata            const    0x1001'7034      0x20  api_msg.o [1]
  .rodata            const    0x1001'7054      0x20  api_msg.o [1]
  .rodata            const    0x1001'7074      0x20  api_msg.o [1]
  .rodata            const    0x1001'7094      0x20  api_msg.o [1]
  .rodata            const    0x1001'70b4      0x20  api_msg.o [1]
  .rodata            const    0x1001'70d4      0x20  api_msg.o [1]
  .rodata            const    0x1001'70f4      0x20  dhcp.o [1]
  .rodata            const    0x1001'7114      0x20  dhcp.o [1]
  .rodata            const    0x1001'7134      0x20  dhcp.o [1]
  .rodata            const    0x1001'7154      0x20  fsl_dspi_edma.o [1]
  .rodata            const    0x1001'7174      0x20  fsl_dspi_edma.o [1]
  .rodata            const    0x1001'7194      0x20  fsl_edma.o [1]
  .rodata            const    0x1001'71b4      0x20  fsl_edma.o [1]
  .rodata            const    0x1001'71d4      0x20  fsl_ftfx_flash.o [1]
  .rodata            const    0x1001'71f4      0x20  hard_init.o [1]
  .rodata            const    0x1001'7214      0x20  ip_frag.o [1]
  .rodata            const    0x1001'7234      0x20  ip_frag.o [1]
  .rodata            const    0x1001'7254      0x20  ip_frag.o [1]
  .rodata            const    0x1001'7274      0x20  lwip_udpecho_freertos.o [1]
  .rodata            const    0x1001'7294      0x20  mem.o [1]
  .rodata            const    0x1001'72b4      0x20  memp.o [1]
  .rodata            const    0x1001'72d4      0x20  memp.o [1]
  .rodata            const    0x1001'72f4      0x20  pbuf.o [1]
  .rodata            const    0x1001'7314      0x20  pbuf.o [1]
  .rodata            const    0x1001'7334      0x20  tcp.o [1]
  .rodata            const    0x1001'7354      0x20  tcp_in.o [1]
  .rodata            const    0x1001'7374      0x20  tcp_in.o [1]
  .rodata            const    0x1001'7394      0x20  tcp_in.o [1]
  .rodata            const    0x1001'73b4      0x20  tcp_in.o [1]
  .rodata            const    0x1001'73d4      0x20  tcp_out.o [1]
  .rodata            const    0x1001'73f4      0x20  tcp_out.o [1]
  .rodata            const    0x1001'7414      0x20  tcp_out.o [1]
  .rodata            const    0x1001'7434      0x20  tcpip.o [1]
  .text              ro code  0x1001'7454      0x1e  cmain.o [4]
  .text              ro code  0x1001'7472       0x4  low_level_init.o [2]
  .text              ro code  0x1001'7476       0x4  exit.o [2]
  .text              ro code  0x1001'747a       0x2  startup_MKV58F24.o [1]
  .text              ro code  0x1001'747c       0xe  cexit.o [4]
  .text              ro code  0x1001'748a       0x2  startup_MKV58F24.o [1]
  .rodata            const    0x1001'748c      0x1c  api_lib.o [1]
  .rodata            const    0x1001'74a8      0x1c  api_lib.o [1]
  .rodata            const    0x1001'74c4      0x1c  api_lib.o [1]
  .rodata            const    0x1001'74e0      0x1c  api_lib.o [1]
  .rodata            const    0x1001'74fc      0x1c  api_lib.o [1]
  .rodata            const    0x1001'7518      0x1c  api_msg.o [1]
  .rodata            const    0x1001'7534      0x1c  api_msg.o [1]
  .rodata            const    0x1001'7550      0x1c  api_msg.o [1]
  .rodata            const    0x1001'756c      0x1c  api_msg.o [1]
  .rodata            const    0x1001'7588      0x1c  dhcp.o [1]
  .rodata            const    0x1001'75a4      0x1c  etharp.o [1]
  .rodata            const    0x1001'75c0      0x1c  ethernetif.o [1]
  .rodata            const    0x1001'75dc      0x1c  fsl_enet.o [1]
  .rodata            const    0x1001'75f8      0x1c  fsl_enet.o [1]
  .rodata            const    0x1001'7614      0x1c  fsl_ftfx_cache.o [1]
  .rodata            const    0x1001'7630      0x1c  fsl_ftm.o [1]
  .rodata            const    0x1001'764c      0x1c  fsl_i2c.o [1]
  .rodata            const    0x1001'7668      0x1c  fsl_pwm.o [1]
  .rodata            const    0x1001'7684      0x1c  fsl_pwm.o [1]
  .rodata            const    0x1001'76a0      0x1c  hard_init.o [1]
  .rodata            const    0x1001'76bc      0x1c  hard_init.o [1]
  .rodata            const    0x1001'76d8      0x1c  ip_frag.o [1]
  .rodata            const    0x1001'76f4      0x1c  ip_frag.o [1]
  .rodata            const    0x1001'7710      0x1c  mem.o [1]
  .rodata            const    0x1001'772c      0x1c  mem.o [1]
  .rodata            const    0x1001'7748      0x1c  mem.o [1]
  .rodata            const    0x1001'7764      0x1c  mem.o [1]
  .rodata            const    0x1001'7780      0x1c  memp.o [1]
  .rodata            const    0x1001'779c      0x1c  pbuf.o [1]
  .rodata            const    0x1001'77b8      0x1c  pbuf.o [1]
  .rodata            const    0x1001'77d4      0x1c  pbuf.o [1]
  .rodata            const    0x1001'77f0      0x1c  pbuf.o [1]
  .rodata            const    0x1001'780c      0x1c  pbuf.o [1]
  .rodata            const    0x1001'7828      0x1c  tcp.o [1]
  .rodata            const    0x1001'7844      0x1c  tcp.o [1]
  .rodata            const    0x1001'7860      0x1c  tcp.o [1]
  .rodata            const    0x1001'787c      0x1c  tcp_in.o [1]
  .rodata            const    0x1001'7898      0x1c  tcp_in.o [1]
  .rodata            const    0x1001'78b4      0x1c  tcp_in.o [1]
  .rodata            const    0x1001'78d0      0x1c  tcpip.o [1]
  .rodata            const    0x1001'78ec      0x1c  udpecho.o [1]
  .text              ro code  0x1001'7908      0x1c  cstartup_M.o [4]
  .rodata            const    0x1001'7924      0x18  api_lib.o [1]
  .rodata            const    0x1001'793c      0x18  api_msg.o [1]
  .rodata            const    0x1001'7954      0x18  dhcp.o [1]
  .rodata            const    0x1001'796c      0x18  etharp.o [1]
  .rodata            const    0x1001'7984      0x18  frame_decod.o [1]
  .rodata            const    0x1001'799c      0x18  frame_decod.o [1]
  .rodata            const    0x1001'79b4      0x18  frame_decod.o [1]
  .rodata            const    0x1001'79cc      0x18  fsl_dspi_edma.o [1]
  .rodata            const    0x1001'79e4      0x18  fsl_dspi_edma.o [1]
  .rodata            const    0x1001'79fc      0x18  fsl_edma.o [1]
  .rodata            const    0x1001'7a14      0x18  fsl_enet.o [1]
  .rodata            const    0x1001'7a2c      0x18  heap_3.o [1]
  .rodata            const    0x1001'7a44      0x18  mem.o [1]
  .rodata            const    0x1001'7a5c      0x18  mem.o [1]
  .rodata            const    0x1001'7a74      0x18  mem.o [1]
  .rodata            const    0x1001'7a8c      0x18  netif.o [1]
  .rodata            const    0x1001'7aa4      0x18  pbuf.o [1]
  .rodata            const    0x1001'7abc      0x18  pbuf.o [1]
  .rodata            const    0x1001'7ad4      0x18  pbuf.o [1]
  .rodata            const    0x1001'7aec      0x18  pbuf.o [1]
  .rodata            const    0x1001'7b04      0x18  pbuf.o [1]
  .rodata            const    0x1001'7b1c      0x18  tcp.o [1]
  .rodata            const    0x1001'7b34      0x18  tcp.o [1]
  .rodata            const    0x1001'7b4c      0x18  tcp.o [1]
  .rodata            const    0x1001'7b64      0x18  tcp_in.o [1]
  .rodata            const    0x1001'7b7c      0x18  tcp_out.o [1]
  .rodata            const    0x1001'7b94      0x18  tcp_out.o [1]
  .rodata            const    0x1001'7bac      0x18  tcp_out.o [1]
  .rodata            const    0x1001'7bc4      0x18  tcp_out.o [1]
  .rodata            const    0x1001'7bdc      0x18  udpecho.o [1]
  .text              ro code  0x1001'7bf4      0x16  xprout.o [2]
  .text              ro code  0x1001'7c0a       0x2  startup_MKV58F24.o [1]
  .text              ro code  0x1001'7c0c       0xc  putchar.o [2]
  .rodata            const    0x1001'7c18      0x14  api_msg.o [1]
  .rodata            const    0x1001'7c2c      0x14  etharp.o [1]
  .rodata            const    0x1001'7c40      0x14  fsl_enet.o [1]
  .rodata            const    0x1001'7c54      0x14  fsl_enet.o [1]
  .rodata            const    0x1001'7c68      0x14  fsl_enet.o [1]
  .rodata            const    0x1001'7c7c      0x14  fsl_enet.o [1]
  .rodata            const    0x1001'7c90      0x14  fsl_flexcan.o [1]
  .rodata            const    0x1001'7ca4      0x14  fsl_flexcan.o [1]
  .rodata            const    0x1001'7cb8      0x14  fsl_flexcan.o [1]
  .rodata            const    0x1001'7ccc      0x14  heap_3.o [1]
  .rodata            const    0x1001'7ce0      0x14  ip_frag.o [1]
  .rodata            const    0x1001'7cf4      0x14  mem.o [1]
  .rodata            const    0x1001'7d08      0x14  pbuf.o [1]
  .rodata            const    0x1001'7d1c      0x14  pbuf.o [1]
  .rodata            const    0x1001'7d30      0x14  tcp_in.o [1]
  .rodata            const    0x1001'7d44      0x14  tcp_out.o [1]
  .rodata            const    0x1001'7d58      0x14  tcp_out.o [1]
  .rodata            const    0x1001'7d6c      0x14  udp.o [1]
  .rodata            const    0x1001'7d80      0x14  udpecho.o [1]
  .rodata            const    0x1001'7d94      0x10  api_msg.o [1]
  .rodata            const    0x1001'7da4      0x10  api_msg.o [1]
  .rodata            const    0x1001'7db4      0x10  api_msg.o [1]
  .rodata            const    0x1001'7dc4      0x10  app.o [1]
  .rodata            const    0x1001'7dd4      0x10  dhcp.o [1]
  .rodata            const    0x1001'7de4      0x10  etharp.o [1]
  .rodata            const    0x1001'7df4      0x10  etharp.o [1]
  .rodata            const    0x1001'7e04      0x10  ethernetif.o [1]
  .rodata            const    0x1001'7e14      0x10  fsl_clock.o [1]
  .rodata            const    0x1001'7e24      0x10  fsl_dmamux.o [1]
  .rodata            const    0x1001'7e34      0x10  fsl_dspi.o [1]
  .rodata            const    0x1001'7e44      0x10  fsl_dspi.o [1]
  .rodata            const    0x1001'7e54      0x10  fsl_dspi.o [1]
  .rodata            const    0x1001'7e64      0x10  fsl_dspi.o [1]
  .rodata            const    0x1001'7e74      0x10  fsl_dspi.o [1]
  .rodata            const    0x1001'7e84      0x10  fsl_dspi.o [1]
  .rodata            const    0x1001'7e94      0x10  fsl_dspi.o [1]
  .rodata            const    0x1001'7ea4      0x10  fsl_dspi_edma.o [1]
  .rodata            const    0x1001'7eb4      0x10  fsl_edma.o [1]
  .rodata            const    0x1001'7ec4      0x10  fsl_edma.o [1]
  .rodata            const    0x1001'7ed4      0x10  fsl_enet.o [1]
  .rodata            const    0x1001'7ee4      0x10  fsl_enet.o [1]
  .rodata            const    0x1001'7ef4      0x10  fsl_enet.o [1]
  .rodata            const    0x1001'7f04      0x10  fsl_enet.o [1]
  .rodata            const    0x1001'7f14      0x10  fsl_ftm.o [1]
  .rodata            const    0x1001'7f24      0x10  fsl_ftm.o [1]
  .rodata            const    0x1001'7f34      0x10  fsl_i2c.o [1]
  .rodata            const    0x1001'7f44      0x10  fsl_i2c.o [1]
  .rodata            const    0x1001'7f54      0x10  hard_init.o [1]
  .rodata            const    0x1001'7f64      0x10  ip_frag.o [1]
  .rodata            const    0x1001'7f74      0x10  lwip_udpecho_freertos.o [1]
  .rodata            const    0x1001'7f84      0x10  memp.o [1]
  .rodata            const    0x1001'7f94      0x10  memp.o [1]
  .rodata            const    0x1001'7fa4      0x10  memp.o [1]
  .rodata            const    0x1001'7fb4      0x10  memp.o [1]
  .rodata            const    0x1001'7fc4      0x10  memp.o [1]
  .rodata            const    0x1001'7fd4      0x10  memp.o [1]
  .rodata            const    0x1001'7fe4      0x10  memp.o [1]
  .rodata            const    0x1001'7ff4      0x10  memp.o [1]
  .rodata            const    0x1001'8004      0x10  memp.o [1]
  .rodata            const    0x1001'8014      0x10  memp.o [1]
  .rodata            const    0x1001'8024      0x10  memp.o [1]
  .rodata            const    0x1001'8034      0x10  memp.o [1]
  .rodata            const    0x1001'8044      0x10  memp.o [1]
  .rodata            const    0x1001'8054      0x10  memp.o [1]
  .rodata            const    0x1001'8064      0x10  memp.o [1]
  .rodata            const    0x1001'8074      0x10  memp.o [1]
  .rodata            const    0x1001'8084      0x10  memp.o [1]
  .rodata            const    0x1001'8094      0x10  pbuf.o [1]
  .rodata            const    0x1001'80a4      0x10  pbuf.o [1]
  .rodata            const    0x1001'80b4      0x10  pbuf.o [1]
  .rodata            const    0x1001'80c4      0x10  tcp.o [1]
  .rodata            const    0x1001'80d4      0x10  tcp.o [1]
  .rodata            const    0x1001'80e4      0x10  tcp.o [1]
  .rodata            const    0x1001'80f4      0x10  tcp_in.o [1]
  .rodata            const    0x1001'8104      0x10  tcp_in.o [1]
  .rodata            const    0x1001'8114      0x10  tcp_in.o [1]
  .rodata            const    0x1001'8124      0x10  tcp_out.o [1]
  .rodata            const    0x1001'8134      0x10  tcpip.o [1]
  .rodata            const    0x1001'8144      0x10  tcpip.o [1]
  .rodata            const    0x1001'8154      0x10  udpecho.o [1]
  .rodata            const    0x1001'8164       0xc  api_lib.o [1]
  .rodata            const    0x1001'8170       0xc  api_lib.o [1]
  .rodata            const    0x1001'817c       0xc  clock_config.o [1]
  .rodata            const    0x1001'8188       0xc  etharp.o [1]
  .rodata            const    0x1001'8194       0xc  fsl_clock.o [1]
  .rodata            const    0x1001'81a0       0xc  fsl_clock.o [1]
  .rodata            const    0x1001'81ac       0xc  fsl_dspi.o [1]
  .rodata            const    0x1001'81b8       0xc  fsl_dspi.o [1]
  .rodata            const    0x1001'81c4       0xc  fsl_dspi_edma.o [1]
  .rodata            const    0x1001'81d0       0xc  fsl_dspi_edma.o [1]
  .rodata            const    0x1001'81dc       0xc  fsl_dspi_edma.o [1]
  .rodata            const    0x1001'81e8       0xc  fsl_edma.o [1]
  .rodata            const    0x1001'81f4       0xc  fsl_edma.o [1]
  .rodata            const    0x1001'8200       0xc  fsl_edma.o [1]
  .rodata            const    0x1001'820c       0xc  fsl_enet.o [1]
  .rodata            const    0x1001'8218       0xc  fsl_ftfx_controller.o [1]
  .rodata            const    0x1001'8224       0xc  fsl_ftm.o [1]
  .rodata            const    0x1001'8230       0xc  fsl_ftm.o [1]
  .rodata            const    0x1001'823c       0xc  fsl_ftm.o [1]
  .rodata            const    0x1001'8248       0xc  fsl_ftm.o [1]
  .rodata            const    0x1001'8254       0xc  ip4.o [1]
  .rodata            const    0x1001'8260       0xc  ip_frag.o [1]
  .rodata            const    0x1001'826c       0xc  ip_frag.o [1]
  .rodata            const    0x1001'8278       0xc  ip_frag.o [1]
  .rodata            const    0x1001'8284       0xc  ip_frag.o [1]
  .rodata            const    0x1001'8290       0xc  lwip_udpecho_freertos.o [1]
  .rodata            const    0x1001'829c       0xc  lwip_udpecho_freertos.o [1]
  .rodata            const    0x1001'82a8       0xc  memp.o [1]
  .rodata            const    0x1001'82b4       0xc  memp.o [1]
  .rodata            const    0x1001'82c0       0xc  memp.o [1]
  .rodata            const    0x1001'82cc       0xc  memp.o [1]
  .rodata            const    0x1001'82d8       0xc  pbuf.o [1]
  .rodata            const    0x1001'82e4       0xc  tcp.o [1]
  .text              ro code  0x1001'82f0       0xc  xencoding_8859_1.o [2]
  .rodata            const    0x1001'82fc       0x8  clock_config.o [1]
  .rodata            const    0x1001'8304       0x8  clock_config.o [1]
  .rodata            const    0x1001'830c       0x8  ethernet.o [1]
  .rodata            const    0x1001'8314       0x8  ethernet.o [1]
  .rodata            const    0x1001'831c       0x8  fsl_clock.o [1]
  .rodata            const    0x1001'8324       0x8  fsl_dspi_edma.o [1]
  .rodata            const    0x1001'832c       0x8  fsl_enet.o [1]
  .rodata            const    0x1001'8334       0x8  fsl_enet.o [1]
  .rodata            const    0x1001'833c       0x8  fsl_enet.o [1]
  .rodata            const    0x1001'8344       0x8  fsl_enet.o [1]
  .rodata            const    0x1001'834c       0x8  fsl_enet.o [1]
  .rodata            const    0x1001'8354       0x8  fsl_ftm.o [1]
  .rodata            const    0x1001'835c       0x8  fsl_gpio.o [1]
  .rodata            const    0x1001'8364       0x8  fsl_i2c.o [1]
  .rodata            const    0x1001'836c       0x8  fsl_i2c.o [1]
  .rodata            const    0x1001'8374       0x8  fsl_i2c.o [1]
  .rodata            const    0x1001'837c       0x8  fsl_phy.o [1]
  .rodata            const    0x1001'8384       0x8  fsl_phy.o [1]
  .rodata            const    0x1001'838c       0x8  fsl_phy.o [1]
  .rodata            const    0x1001'8394       0x8  memp.o [1]
  .rodata            const    0x1001'839c       0x8  memp.o [1]
  .rodata            const    0x1001'83a4       0x8  memp.o [1]
  .rodata            const    0x1001'83ac       0x8  memp.o [1]
  .rodata            const    0x1001'83b4       0x8  memp.o [1]
  .rodata            const    0x1001'83bc       0x8  pin_mux.o [1]
  .rodata            const    0x1001'83c4       0x8  tasks.o [1]
  .rodata            const    0x1001'83cc       0x8  tcp.o [1]
  .rodata            const    0x1001'83d4       0x8  timers.o [1]
  .rodata            const    0x1001'83dc       0x8  timers.o [1]
  .text              ro code  0x1001'83e4       0x8  startup_MKV58F24.o [1]
  .text              ro code  0x1001'83ec       0x8  startup_MKV58F24.o [1]
  .text              ro code  0x1001'83f4       0x8  startup_MKV58F24.o [1]
  .text              ro code  0x1001'83fc       0x8  startup_MKV58F24.o [1]
  .text              ro code  0x1001'8404       0x8  startup_MKV58F24.o [1]
  .text              ro code  0x1001'840c       0x8  startup_MKV58F24.o [1]
  .text              ro code  0x1001'8414       0x8  startup_MKV58F24.o [1]
  .text              ro code  0x1001'841c       0x8  startup_MKV58F24.o [1]
  .text              ro code  0x1001'8424       0x8  startup_MKV58F24.o [1]
  .text              ro code  0x1001'842c       0x8  startup_MKV58F24.o [1]
  .text              ro code  0x1001'8434       0x8  startup_MKV58F24.o [1]
  .text              ro code  0x1001'843c       0x8  startup_MKV58F24.o [1]
  .text              ro code  0x1001'8444       0x8  startup_MKV58F24.o [1]
  .text              ro code  0x1001'844c       0x8  startup_MKV58F24.o [1]
  .text              ro code  0x1001'8454       0x8  startup_MKV58F24.o [1]
  .text              ro code  0x1001'845c       0x8  startup_MKV58F24.o [1]
  .text              ro code  0x1001'8464       0x8  startup_MKV58F24.o [1]
  .text              ro code  0x1001'846c       0x8  startup_MKV58F24.o [1]
  .text              ro code  0x1001'8474       0x8  startup_MKV58F24.o [1]
  .text              ro code  0x1001'847c       0x8  startup_MKV58F24.o [1]
  .text              ro code  0x1001'8484       0x8  startup_MKV58F24.o [1]
  .text              ro code  0x1001'848c       0x8  startup_MKV58F24.o [1]
  .text              ro code  0x1001'8494       0x8  startup_MKV58F24.o [1]
  .text              ro code  0x1001'849c       0x8  startup_MKV58F24.o [1]
  .text              ro code  0x1001'84a4       0x8  startup_MKV58F24.o [1]
  .text              ro code  0x1001'84ac       0x8  startup_MKV58F24.o [1]
  .text              ro code  0x1001'84b4       0x8  startup_MKV58F24.o [1]
  .text              ro code  0x1001'84bc       0x8  startup_MKV58F24.o [1]
  .text              ro code  0x1001'84c4       0x8  startup_MKV58F24.o [1]
  .text              ro code  0x1001'84cc       0x8  startup_MKV58F24.o [1]
  .text              ro code  0x1001'84d4       0x8  startup_MKV58F24.o [1]
  .text              ro code  0x1001'84dc       0x8  startup_MKV58F24.o [1]
  .text              ro code  0x1001'84e4       0x8  startup_MKV58F24.o [1]
  .text              ro code  0x1001'84ec       0x8  startup_MKV58F24.o [1]
  .text              ro code  0x1001'84f4       0x8  startup_MKV58F24.o [1]
  .text              ro code  0x1001'84fc       0x8  startup_MKV58F24.o [1]
  .text              ro code  0x1001'8504       0x8  startup_MKV58F24.o [1]
  .text              ro code  0x1001'850c       0x8  startup_MKV58F24.o [1]
  .text              ro code  0x1001'8514       0x8  startup_MKV58F24.o [1]
  .text              ro code  0x1001'851c       0x8  startup_MKV58F24.o [1]
  .text              ro code  0x1001'8524       0x8  startup_MKV58F24.o [1]
  .text              ro code  0x1001'852c       0x8  startup_MKV58F24.o [1]
  .text              ro code  0x1001'8534       0x8  startup_MKV58F24.o [1]
  .text              ro code  0x1001'853c       0x8  startup_MKV58F24.o [1]
  .text              ro code  0x1001'8544       0x8  startup_MKV58F24.o [1]
  .text              ro code  0x1001'854c       0x8  startup_MKV58F24.o [1]
  .text              ro code  0x1001'8554       0x8  startup_MKV58F24.o [1]
  .text              ro code  0x1001'855c       0x8  startup_MKV58F24.o [1]
  .text              ro code  0x1001'8564       0x8  startup_MKV58F24.o [1]
  .text              ro code  0x1001'856c       0x8  startup_MKV58F24.o [1]
  .text              ro code  0x1001'8574       0x8  startup_MKV58F24.o [1]
  .text              ro code  0x1001'857c       0x8  startup_MKV58F24.o [1]
  .text              ro code  0x1001'8584       0x8  startup_MKV58F24.o [1]
  .rodata            const    0x1001'858c       0x4  fsl_dmamux.o [1]
  .rodata            const    0x1001'8590       0x4  fsl_dmamux.o [1]
  .rodata            const    0x1001'8594       0x4  fsl_edma.o [1]
  .rodata            const    0x1001'8598       0x4  fsl_edma.o [1]
  .rodata            const    0x1001'859c       0x4  fsl_enet.o [1]
  .rodata            const    0x1001'85a0       0x4  fsl_enet.o [1]
  .rodata            const    0x1001'85a4       0x4  fsl_ftfx_controller.o [1]
  .rodata            const    0x1001'85a8       0x4  ip4_addr.o [1]
  .rodata            const    0x1001'85ac       0x4  ip4_addr.o [1]
  .rodata            const    0x1001'85b0       0x4  port.o [1]
  .text              ro code  0x1001'85b4       0x4  startup_MKV58F24.o [1]
  .text              ro code  0x1001'85b8       0x2  startup_MKV58F24.o [1]
  .text              ro code  0x1001'85ba       0x2  startup_MKV58F24.o [1]
  .text              ro code  0x1001'85bc       0x2  startup_MKV58F24.o [1]
  .rodata            const    0x1001'85be       0x1  fsl_enet.o [1]
  .rodata            const    0x1001'85bf       0x1  fsl_enet.o [1]
  .rodata            const    0x1001'85c0       0x1  fsl_enet.o [1]
  .text              ro code  0x1001'85c4       0x0  cstart_closeall.o [4]
  .rodata            const    0x1001'85c4       0x0  zero_init3.o [4]
  .rodata            const    0x1001'85c4       0x0  packbits_init.o [4]
  Initializer bytes  const    0x1001'85c4      0xf5  <for RW-1>
                            - 0x1001'86b9  0x1'82a9

Absolute sections:                             0x20
  .rodata            const    0x1004'0430      0x20  frame_decod.o [1]
                            - 0x1004'0450      0x20

"P3-P4", part 1 of 2:                         0x19d
  RW                          0x2000'0000     0x19d  <Block>
    RW-1                      0x2000'0000     0x19d  <Init block>
      .data          inited   0x2000'0000       0x4  dhcp.o [1]
      .data          inited   0x2000'0004       0x4  dhcp.o [1]
      .data          inited   0x2000'0008       0x4  frame_decod.o [1]
      .data          inited   0x2000'000c       0x4  frame_decod.o [1]
      .data          inited   0x2000'0010       0x4  frame_decod.o [1]
      .data          inited   0x2000'0014       0x4  frame_decod.o [1]
      .data          inited   0x2000'0018       0x4  fsl_clock.o [1]
      .data          inited   0x2000'001c       0x4  fsl_clock.o [1]
      .data          inited   0x2000'0020      0x28  lwip_timers.o [1]
      .data          inited   0x2000'0048       0x4  port.o [1]
      .data          inited   0x2000'004c       0x4  system_MKV58F24.o [1]
      .data          inited   0x2000'0050       0x4  tcp.o [1]
      .data          inited   0x2000'0054      0x48  xlocale_c.o [2]
      .data          inited   0x2000'009c      0x48  xfiles.o [2]
      .data          inited   0x2000'00e4      0x48  xfiles.o [2]
      .data          inited   0x2000'012c      0x48  xfiles.o [2]
      .data          inited   0x2000'0174      0x20  xfiles.o [2]
      .data          inited   0x2000'0194       0x2  board.o [1]
      .data          inited   0x2000'0196       0x2  tcp.o [1]
      .data          inited   0x2000'0198       0x2  udp.o [1]
      .data          inited   0x2000'019a       0x1  hard_init.o [1]
      .data          inited   0x2000'019b       0x1  hard_init.o [1]
      .data          inited   0x2000'019c       0x1  hard_init.o [1]
                            - 0x2000'019d     0x19d

"P3-P4", part 2 of 2:                        0xd2d4
  ZI                          0x2000'01a0    0xd2d4  <Block>
    .bss             zero     0x2000'01a0       0x8  app.o [1]
    .bss             zero     0x2000'01a8     0x180  app.o [1]
    .bss             zero     0x2000'0328     0x180  app.o [1]
    .bss             zero     0x2000'04a8      0x60  app.o [1]
    .bss             zero     0x2000'0508      0x60  app.o [1]
    .bss             zero     0x2000'0568      0x60  app.o [1]
    .bss             zero     0x2000'05c8      0x30  app.o [1]
    .bss             zero     0x2000'05f8       0xc  board.o [1]
    .bss             zero     0x2000'0604       0x8  board.o [1]
    .bss             zero     0x2000'060c       0x4  dhcp.o [1]
    .bss             zero     0x2000'0610      0xf0  etharp.o [1]
    .bss             zero     0x2000'0700    0x3030  ethernetif.o [1]
    .bss             zero     0x2000'3730     0x5f0  ethernetif.o [1]
    .bss             zero     0x2000'3d20       0x4  frame_decod.o [1]
    .bss             zero     0x2000'3d24       0x4  frame_decod.o [1]
    .bss             zero     0x2000'3d28      0x18  frame_decod.o [1]
    .bss             zero     0x2000'3d40       0x4  frame_decod.o [1]
    .bss             zero     0x2000'3d44     0x100  frame_decod.o [1]
    .bss             zero     0x2000'3e44       0x4  frame_decod.o [1]
    .bss             zero     0x2000'3e48    0x2000  frame_decod.o [1]
    .bss             zero     0x2000'5e48       0x4  fsl_clock.o [1]
    .bss             zero     0x2000'5e4c       0x4  fsl_debug_console.o [1]
    .bss             zero     0x2000'5e50      0x10  fsl_debug_console.o [1]
    .bss             zero     0x2000'5e60       0xc  fsl_dspi.o [1]
    .bss             zero     0x2000'5e6c       0x4  fsl_dspi.o [1]
    .bss             zero     0x2000'5e70       0x4  fsl_dspi.o [1]
    .bss             zero     0x2000'5e74      0x18  fsl_dspi_edma.o [1]
    .bss             zero     0x2000'5e8c      0x80  fsl_edma.o [1]
    .bss             zero     0x2000'5f0c       0x4  fsl_enet.o [1]
    .bss             zero     0x2000'5f10       0x4  fsl_enet.o [1]
    .bss             zero     0x2000'5f14       0x4  fsl_enet.o [1]
    .bss             zero     0x2000'5f18       0x4  fsl_enet.o [1]
    .bss             zero     0x2000'5f1c       0xc  fsl_flexcan.o [1]
    .bss             zero     0x2000'5f28       0x4  fsl_flexcan.o [1]
    .bss             zero     0x2000'5f2c      0x40  fsl_ftfx_cache.o [1]
    .bss             zero     0x2000'5f6c      0x40  fsl_ftfx_controller.o [1]
    .bss             zero     0x2000'5fac       0x8  fsl_i2c.o [1]
    .bss             zero     0x2000'5fb4       0x4  fsl_i2c.o [1]
    .bss             zero     0x2000'5fb8       0x4  fsl_i2c.o [1]
    .bss             zero     0x2000'5fbc      0x18  fsl_uart.o [1]
    .bss             zero     0x2000'5fd4       0x4  fsl_uart.o [1]
    .bss             zero     0x2000'5fd8      0x18  hard_init.o [1]
    .bss             zero     0x2000'5ff0       0x8  hard_init.o [1]
    .bss             zero     0x2000'5ff8     0x174  hard_init.o [1]
    .bss             zero     0x2000'616c      0x84  hard_init.o [1]
    .bss             zero     0x2000'61f0      0x18  hard_init.o [1]
    .bss             zero     0x2000'6208      0x18  hard_init.o [1]
    .bss             zero     0x2000'6220      0x18  hard_init.o [1]
    .bss             zero     0x2000'6238      0x84  hard_init.o [1]
    .bss             zero     0x2000'62bc      0x18  hard_init.o [1]
    .bss             zero     0x2000'62d4      0x18  hard_init.o [1]
    .bss             zero     0x2000'62ec      0x18  hard_init.o [1]
    .bss             zero     0x2000'6304      0x24  hard_init.o [1]
    .bss             zero     0x2000'6328      0x24  hard_init.o [1]
    .bss             zero     0x2000'634c      0x24  hard_init.o [1]
    .bss             zero     0x2000'6370       0x4  hard_init.o [1]
    .bss             zero     0x2000'6374       0x8  hard_init.o [1]
    .bss             zero     0x2000'637c       0x4  hard_init.o [1]
    .bss             zero     0x2000'6380       0x4  hard_init.o [1]
    .bss             zero     0x2000'6384      0x20  hard_init.o [1]
    .bss             zero     0x2000'63a4      0x34  hard_init.o [1]
    .bss             zero     0x2000'63d8      0x18  heap_3.o [1]
    .bss             zero     0x2000'63f0      0x18  ip.o [1]
    .bss             zero     0x2000'6408       0x4  ip_frag.o [1]
    .bss             zero     0x2000'640c       0x4  lwip_timers.o [1]
    .bss             zero     0x2000'6410       0x4  lwip_timers.o [1]
    .bss             zero     0x2000'6414    0x2014  mem.o [1]
    .bss             zero     0x2000'8428       0x4  mem.o [1]
    .bss             zero     0x2000'842c       0x4  mem.o [1]
    .bss             zero     0x2000'8430       0x4  mem.o [1]
    .bss             zero     0x2000'8434       0x4  mem.o [1]
    .bss             zero     0x2000'8438      0xc0  memp.o [1]
    .bss             zero     0x2000'84f8       0x4  memp.o [1]
    .bss             zero     0x2000'84fc     0x5c8  memp.o [1]
    .bss             zero     0x2000'8ac4       0x4  memp.o [1]
    .bss             zero     0x2000'8ac8      0xc0  memp.o [1]
    .bss             zero     0x2000'8b88       0x4  memp.o [1]
    .bss             zero     0x2000'8b8c     0x1b8  memp.o [1]
    .bss             zero     0x2000'8d44       0x4  memp.o [1]
    .bss             zero     0x2000'8d48      0xa0  memp.o [1]
    .bss             zero     0x2000'8de8       0x4  memp.o [1]
    .bss             zero     0x2000'8dec     0x168  memp.o [1]
    .bss             zero     0x2000'8f54       0x4  memp.o [1]
    .bss             zero     0x2000'8f58      0x40  memp.o [1]
    .bss             zero     0x2000'8f98       0x4  memp.o [1]
    .bss             zero     0x2000'8f9c      0xb0  memp.o [1]
    .bss             zero     0x2000'904c       0x4  memp.o [1]
    .bss             zero     0x2000'9050      0x80  memp.o [1]
    .bss             zero     0x2000'90d0       0x4  memp.o [1]
    .bss             zero     0x2000'90d4      0x80  memp.o [1]
    .bss             zero     0x2000'9154       0x4  memp.o [1]
    .bss             zero     0x2000'9158      0xa0  memp.o [1]
    .bss             zero     0x2000'91f8       0x4  memp.o [1]
    .bss             zero     0x2000'91fc      0xf0  memp.o [1]
    .bss             zero     0x2000'92ec       0x4  memp.o [1]
    .bss             zero     0x2000'92f0    0x38d0  memp.o [1]
    .bss             zero     0x2000'cbc0       0x4  memp.o [1]
    .bss             zero     0x2000'cbc4       0x4  netif.o [1]
    .bss             zero     0x2000'cbc8       0x4  netif.o [1]
    .bss             zero     0x2000'cbcc      0x64  pflash.o [1]
    .bss             zero     0x2000'cc30       0x8  pflash.o [1]
    .bss             zero     0x2000'cc38       0x4  port.o [1]
    .bss             zero     0x2000'cc3c       0x4  port.o [1]
    .bss             zero     0x2000'cc40       0x4  port.o [1]
    .bss             zero     0x2000'cc44       0x4  port.o [1]
    .bss             zero     0x2000'cc48      0x40  queue.o [1]
    .bss             zero     0x2000'cc88     0x400  ssd1306.o [1]
    .bss             zero     0x2000'd088       0x8  ssd1306.o [1]
    .bss             zero     0x2000'd090       0x4  tasks.o [1]
    .bss             zero     0x2000'd094     0x168  tasks.o [1]
    .bss             zero     0x2000'd1fc      0x14  tasks.o [1]
    .bss             zero     0x2000'd210      0x14  tasks.o [1]
    .bss             zero     0x2000'd224       0x4  tasks.o [1]
    .bss             zero     0x2000'd228       0x4  tasks.o [1]
    .bss             zero     0x2000'd22c      0x14  tasks.o [1]
    .bss             zero     0x2000'd240      0x14  tasks.o [1]
    .bss             zero     0x2000'd254       0x4  tasks.o [1]
    .bss             zero     0x2000'd258      0x14  tasks.o [1]
    .bss             zero     0x2000'd26c       0x4  tasks.o [1]
    .bss             zero     0x2000'd270       0x4  tasks.o [1]
    .bss             zero     0x2000'd274       0x4  tasks.o [1]
    .bss             zero     0x2000'd278       0x4  tasks.o [1]
    .bss             zero     0x2000'd27c       0x4  tasks.o [1]
    .bss             zero     0x2000'd280       0x4  tasks.o [1]
    .bss             zero     0x2000'd284       0x4  tasks.o [1]
    .bss             zero     0x2000'd288       0x4  tasks.o [1]
    .bss             zero     0x2000'd28c       0x4  tasks.o [1]
    .bss             zero     0x2000'd290       0x4  tasks.o [1]
    .bss             zero     0x2000'd294       0x4  tasks.o [1]
    .bss             zero     0x2000'd298       0x4  tasks.o [1]
    .bss             zero     0x2000'd29c       0x4  tasks.o [1]
    .bss             zero     0x2000'd2a0       0x4  tcp.o [1]
    .bss             zero     0x2000'd2a4       0x4  tcp.o [1]
    .bss             zero     0x2000'd2a8       0x4  tcp.o [1]
    .bss             zero     0x2000'd2ac       0x4  tcp.o [1]
    .bss             zero     0x2000'd2b0       0x4  tcp.o [1]
    .bss             zero     0x2000'd2b4      0x14  tcp_in.o [1]
    .bss             zero     0x2000'd2c8       0x4  tcp_in.o [1]
    .bss             zero     0x2000'd2cc       0x4  tcp_in.o [1]
    .bss             zero     0x2000'd2d0       0x4  tcp_in.o [1]
    .bss             zero     0x2000'd2d4       0x4  tcp_in.o [1]
    .bss             zero     0x2000'd2d8       0x4  tcp_in.o [1]
    .bss             zero     0x2000'd2dc       0x4  tcp_in.o [1]
    .bss             zero     0x2000'd2e0       0x4  tcpip.o [1]
    .bss             zero     0x2000'd2e4       0x4  tcpip.o [1]
    .bss             zero     0x2000'd2e8       0x4  tcpip.o [1]
    .bss             zero     0x2000'd2ec      0x14  timers.o [1]
    .bss             zero     0x2000'd300      0x14  timers.o [1]
    .bss             zero     0x2000'd314       0x4  timers.o [1]
    .bss             zero     0x2000'd318       0x4  timers.o [1]
    .bss             zero     0x2000'd31c       0x4  timers.o [1]
    .bss             zero     0x2000'd320       0x4  timers.o [1]
    .bss             zero     0x2000'd324       0x4  udp.o [1]
    .bss             zero     0x2000'd328       0x4  xfail_s.o [2]
    .bss             zero     0x2000'd32c      0x50  xfiles.o [2]
    .bss             zero     0x2000'd37c      0x50  xfiles.o [2]
    .bss             zero     0x2000'd3cc      0x80  XShHandles.o [2]
    .bss             zero     0x2000'd44c       0x8  heap0.o [2]
    .bss             zero     0x2000'd454       0x4  xgetmemchunk.o [2]
    .bss             zero     0x2000'd458       0x2  ip4.o [1]
    .bss             zero     0x2000'd45a       0x2  ip_frag.o [1]
    .bss             zero     0x2000'd45c       0x2  tcp_in.o [1]
    .bss             zero     0x2000'd45e       0x2  tcp_in.o [1]
    .bss             zero     0x2000'd460       0x2  tcp_in.o [1]
    .bss             zero     0x2000'd462       0x2  tcp_in.o [1]
    .bss             zero     0x2000'd464       0x1  etharp.o [1]
    .bss             zero     0x2000'd465       0x1  frame_decod.o [1]
    .bss             zero     0x2000'd466       0x1  frame_decod.o [1]
    .bss             zero     0x2000'd467       0x1  frame_decod.o [1]
    .bss             zero     0x2000'd468       0x1  hard_init.o [1]
    .bss             zero     0x2000'd469       0x1  hard_init.o [1]
    .bss             zero     0x2000'd46a       0x1  netif.o [1]
    .bss             zero     0x2000'd46b       0x1  port.o [1]
    .bss             zero     0x2000'd46c       0x1  tcp.o [1]
    .bss             zero     0x2000'd46d       0x1  tcp.o [1]
    .bss             zero     0x2000'd46e       0x1  tcp.o [1]
    .bss             zero     0x2000'd46f       0x1  tcp_in.o [1]
    .bss             zero     0x2000'd470       0x1  tcp_in.o [1]
                            - 0x2000'd474    0xd2d4

"P5":                                        0xffff
  HEAP                        0x2000'd478    0xffff  <Block>
    HEAP             uninit   0x2000'd478    0xffff  <Block tail>
                            - 0x2001'd477    0xffff

"P6":                                         0x600
  CSTACK                      0x2f00'fa00     0x600  <Block>
    CSTACK           uninit   0x2f00'fa00     0x600  <Block tail>
                            - 0x2f01'0000     0x600

Unused ranges:

         From           To      Size
         ----           --      ----
  0x1001'86b9  0x1004'042f  0x2'7d77
  0x1004'0450  0x100f'ffff  0xb'fbb0
  0x2000'019d  0x2000'019f       0x3
  0x2000'd474  0x2000'd477       0x4
  0x2001'd477  0x2001'ffff    0x2b89
  0x2f00'0000  0x2f00'f9ff    0xfa00


*******************************************************************************
*** INIT TABLE
***

          Address      Size
          -------      ----
Zero (__iar_zero_init3)
    1 destination range, total size 0xd2d1:
          0x2000'01a0  0xd2d1

Copy/packbits (__iar_packbits_init3)
    1 source range, total size 0xf5 (59% of destination):
          0x1001'85c4    0xf5
    1 destination range, total size 0x19d:
          0x2000'0000   0x19d



*******************************************************************************
*** MODULE SUMMARY
***

    Module                   ro code  ro data  rw data  ro data
                                                         (abs)
    ------                   -------  -------  -------  -------
command line/config:
    -----------------------------------------------------------
    Total:

D:\Projects\MainLDrv20\lamp_app\SDK_2.0_TWR-KV58F220M2\boards\twrkv58f220m\demo_apps\lwip\lwip_udpecho\freertos\iar\debug\obj: [1]
    api_lib.o                    840      324
    api_msg.o                  3'476      876
    app.o                      2'146       16    1'112
    board.o                       14        1       22
    clock_config.o               164       28
    def.o                         70
    dhcp.o                     3'328      800       12
    etharp.o                   3'060      468      241
    ethernet.o                   192       16
    ethernetif.o                 956       44   13'856
    event_groups.o               652
    frame_decod.o              3'116       82    8'507       32
    fsl_clock.o                1'444      144       12
    fsl_common.o                  28       44
    fsl_crc.o                    344
    fsl_debug_console.o        1'748                20
    fsl_dmamux.o                 108      120
    fsl_dspi.o                 1'376      356       20
    fsl_dspi_edma.o            2'228      360       24
    fsl_edma.o                 2'528      292      128
    fsl_enet.o                 3'076      711       16
    fsl_flexcan.o                156      156       16
    fsl_ftfx_cache.o             112       28       64
    fsl_ftfx_controller.o      1'036       16       64
    fsl_ftfx_flash.o           1'410       32
    fsl_ftm.o                  1'440      208
    fsl_gpio.o                   100      100
    fsl_hsadc.o                   96
    fsl_i2c.o                  1'444      304       16
    fsl_phy.o                    660      148
    fsl_pwm.o                    894      148
    fsl_sim.o                     32
    fsl_uart.o                   176                28
    fsl_xbara.o                   68
    hard_init.o                2'996      474    1'029
    heap_3.o                     724       44       24
    icmp.o                       744      284
    inet_chksum.o                496
    init.o                        32
    ip.o                                            24
    ip4.o                      1'168       60        2
    ip4_addr.o                    80        8
    ip_frag.o                  2'204      376        6
[...]
s_dspiBases             0x1001'81ac     0xc  Data  Lc  fsl_dspi.o [1]
s_dspiClock             0x1001'81b8     0xc  Data  Lc  fsl_dspi.o [1]
s_dspiMasterEdmaPrivateHandle
                        0x2000'5e74    0x18  Data  Lc  fsl_dspi_edma.o [1]
s_dspiMasterIsr         0x2000'5e6c     0x4  Data  Lc  fsl_dspi.o [1]
s_dspiSlaveIsr          0x2000'5e70     0x4  Data  Lc  fsl_dspi.o [1]
s_edmaBases             0x1001'8594     0x4  Data  Lc  fsl_edma.o [1]
s_edmaClockName         0x1001'8598     0x4  Data  Lc  fsl_edma.o [1]
s_edmaIRQNumber         0x1001'71b4    0x20  Data  Lc  fsl_edma.o [1]
s_enetBases             0x1001'85a0     0x4  Data  Lc  fsl_enet.o [1]
s_enetClock             0x1001'859c     0x4  Data  Gb  fsl_enet.o [1]
s_enetErrIrqId          0x1001'85c0     0x1  Data  Lc  fsl_enet.o [1]
s_enetErrIsr            0x2000'5f18     0x4  Data  Lc  fsl_enet.o [1]
s_enetRxIrqId           0x1001'85bf     0x1  Data  Lc  fsl_enet.o [1]
s_enetRxIsr             0x2000'5f14     0x4  Data  Lc  fsl_enet.o [1]
s_enetTxIrqId           0x1001'85be     0x1  Data  Lc  fsl_enet.o [1]
s_enetTxIsr             0x2000'5f10     0x4  Data  Lc  fsl_enet.o [1]
s_fastIrcFreq           0x2000'001c     0x4  Data  Lc  fsl_clock.o [1]
s_flashDriver           0x2000'cbcc    0x64  Data  Lc  pflash.o [1]
s_flexcanHandle         0x2000'5f1c     0xc  Data  Lc  fsl_flexcan.o [1]
s_flexcanIsr            0x2000'5f28     0x4  Data  Lc  fsl_flexcan.o [1]
s_ftfxCommonBitOperation
                        0x2000'5f2c    0x40  Data  Lc  fsl_ftfx_cache.o [1]
s_ftfxCommonBitOperationFunctionCode
                        0x1001'7614    0x1c  Data  Lc  fsl_ftfx_cache.o [1]
s_ftfxRunCommand        0x2000'5f6c    0x40  Data  Lc  fsl_ftfx_controller.o [1]
s_ftfxRunCommandFunctionCode
                        0x1001'8218     0xc  Data  Lc  fsl_ftfx_controller.o [1]
s_ftmBases              0x1001'7f14    0x10  Data  Lc  fsl_ftm.o [1]
s_ftmClocks             0x1001'7f24    0x10  Data  Lc  fsl_ftm.o [1]
s_i2cBases              0x1001'836c     0x8  Data  Lc  fsl_i2c.o [1]
s_i2cClocks             0x1001'8374     0x8  Data  Lc  fsl_i2c.o [1]
s_i2cDividerTable       0x1001'5228    0x80  Data  Lc  fsl_i2c.o [1]
s_i2cHandle             0x2000'5fac     0x8  Data  Lc  fsl_i2c.o [1]
s_i2cMasterIsr          0x2000'5fb4     0x4  Data  Lc  fsl_i2c.o [1]
s_i2cSlaveIsr           0x2000'5fb8     0x4  Data  Lc  fsl_i2c.o [1]
s_slowIrcFreq           0x2000'0018     0x4  Data  Lc  fsl_clock.o [1]
s_uartHandle            0x2000'5fbc    0x18  Data  Lc  fsl_uart.o [1]
s_uartIsr               0x2000'5fd4     0x4  Data  Lc  fsl_uart.o [1]
sec_hand                0x2000'd328     0x4  Data  Lc  xfail_s.o [2]
sector_buffer           0x2000'3e48  0x2000  Data  Gb  frame_decod.o [1]
sent_tcp                0x1001'2507    0x70  Code  Lc  api_msg.o [1]
seqno                   0x2000'd2d0     0x4  Data  Lc  tcp_in.o [1]
set_adress_drv          0x1000'9aa1    0x46  Code  Gb  app.o [1]
set_data_drv            0x1000'9b31    0xe2  Code  Gb  app.o [1]
set_xlat_drv            0x1000'9ae7    0x22  Code  Gb  app.o [1]
set_xlat_mode_drv       0x1000'9b09    0x28  Code  Gb  app.o [1]
setup_tcp               0x1001'26b5    0x3a  Code  Lc  api_msg.o [1]
simConfig_BOARD_BootClockRUN
                        0x1001'82fc     0x8  Data  Gb  clock_config.o [1]
srcClock_Hz             0x2000'6370     0x4  Data  Gb  hard_init.o [1]
ssd1306_I2C_Init        0x1001'0c11    0x20  Code  Gb  ssd1306_i2c.o [1]
ssd1306_I2C_IsDeviceConnected
                        0x1001'0ce3    0x3a  Code  Gb  ssd1306_i2c.o [1]
ssd1306_I2C_Write       0x1001'0c95    0x4e  Code  Gb  ssd1306_i2c.o [1]
ssd1306_I2C_WriteMulti  0x1001'0c31    0x5a  Code  Gb  ssd1306_i2c.o [1]
start_ethernet          0x1000'87e1     0xe  Code  Gb  lwip_udpecho_freertos.o [1]
stop_DCDC               0x1000'a925    0x28  Code  Gb  hard_init.o [1]
strchr                  0x1001'3271          Code  Gb  strchr.o [4]
strlen                  0x1000'7a71          Code  Gb  strlen.o [4]
sys_arch_mbox_fetch     0x1000'25c5    0x9c  Code  Gb  sys_arch.o [1]
sys_arch_mbox_tryfetch  0x1000'2661    0x28  Code  Gb  sys_arch.o [1]
sys_arch_protect        0x1000'2809    0x2a  Code  Gb  sys_arch.o [1]
sys_arch_sem_wait       0x1000'26d5    0x8e  Code  Gb  sys_arch.o [1]
sys_arch_unprotect      0x1000'2833    0x18  Code  Gb  sys_arch.o [1]
sys_assert              0x1000'24d5    0x16  Code  Gb  sys_arch.o [1]
sys_init                0x1000'27cb     0x2  Code  Gb  sys_arch.o [1]
sys_mbox_free           0x1000'2511    0x28  Code  Gb  sys_arch.o [1]
sys_mbox_new            0x1000'24eb    0x26  Code  Gb  sys_arch.o [1]
sys_mbox_post           0x1000'2539    0x18  Code  Gb  sys_arch.o [1]
sys_mbox_trypost        0x1000'2551    0x6a  Code  Gb  sys_arch.o [1]
sys_mutex_lock          0x1000'2783    0x18  Code  Gb  sys_arch.o [1]
sys_mutex_new           0x1000'2763    0x20  Code  Gb  sys_arch.o [1]
sys_mutex_unlock        0x1000'279b    0x12  Code  Gb  sys_arch.o [1]
sys_sem_free            0x1000'27bf     0xc  Code  Gb  sys_arch.o [1]
sys_sem_new             0x1000'2689    0x4c  Code  Gb  sys_arch.o [1]
sys_sem_signal          0x1000'27ad    0x12  Code  Gb  sys_arch.o [1]
sys_thread_new          0x1000'27cd    0x3c  Code  Gb  sys_arch.o [1]
sys_timeout             0x1000'4b3b    0x96  Code  Gb  lwip_timers.o [1]
sys_timeouts_init       0x1000'4b1d    0x1e  Code  Gb  lwip_timers.o [1]
sys_timeouts_mbox_fetch
                        0x1000'4bd1    0x98  Code  Gb  lwip_timers.o [1]
system_heap             0x2000'63d8    0x18  Data  Gb  heap_3.o [1]
tcp_abandon             0x1000'2b41    0xec  Code  Gb  tcp.o [1]
tcp_abort               0x1000'2c2d     0xe  Code  Gb  tcp.o [1]
tcp_accept              0x1000'35c9    0x10  Code  Gb  tcp.o [1]
tcp_active_pcbs         0x2000'd2ac     0x4  Data  Gb  tcp.o [1]
tcp_active_pcbs_changed
                        0x2000'd46c     0x1  Data  Gb  tcp.o [1]
tcp_alloc               0x1000'3491    0xca  Code  Gb  tcp.o [1]
tcp_arg                 0x1000'3565     0x8  Code  Gb  tcp.o [1]
tcp_backlog_accepted    0x1000'28bb    0x42  Code  Gb  tcp.o [1]
tcp_backoff             0x1001'80d4    0x10  Data  Gb  tcp.o [1]
tcp_bind                0x1000'2c3b    0xd0  Code  Gb  tcp.o [1]
tcp_bound_pcbs          0x2000'd2a4     0x4  Data  Gb  tcp.o [1]
tcp_close               0x1000'2abf    0x1c  Code  Gb  tcp.o [1]
tcp_close_shutdown      0x1000'28fd   0x1c2  Code  Lc  tcp.o [1]
tcp_create_segment      0x1000'3a33    0xdc  Code  Lc  tcp_out.o [1]
tcp_eff_send_mss_impl   0x1000'36dd    0x3e  Code  Gb  tcp.o [1]
tcp_enqueue_flags       0x1000'41c3   0x174  Code  Gb  tcp_out.o [1]
tcp_err                 0x1000'35ad    0x1c  Code  Gb  tcp.o [1]
tcp_fasttmr             0x1000'321d    0x66  Code  Gb  tcp.o [1]
tcp_getoptbyte          0x1000'182f    0x42  Code  Lc  tcp_in.o [1]
tcp_init                0x1000'284d     0x2  Code  Gb  tcp.o [1]
tcp_input               0x1000'0411   0x5ac  Code  Gb  tcp_in.o [1]
tcp_input_pcb           0x2000'd2dc     0x4  Data  Gb  tcp_in.o [1]
tcp_keepalive           0x1000'4957    0x6e  Code  Gb  tcp_out.o [1]
tcp_kill_prio           0x1000'3399    0x5c  Code  Lc  tcp.o [1]
tcp_kill_state          0x1000'33f5    0x5e  Code  Lc  tcp.o [1]
tcp_kill_timewait       0x1000'3453    0x38  Code  Lc  tcp.o [1]
tcp_listen_closed       0x1000'2881    0x3a  Code  Lc  tcp.o [1]
tcp_listen_input        0x1000'09bd   0x130  Code  Lc  tcp_in.o [1]
tcp_listen_pcbs         0x2000'd2a8     0x4  Data  Gb  tcp.o [1]
tcp_netif_ipv4_addr_changed
                        0x1000'3741    0x4e  Code  Gb  tcp.o [1]
tcp_netif_ipv4_addr_changed_pcblist
                        0x1000'371b    0x26  Code  Lc  tcp.o [1]
tcp_new                 0x1000'355b     0xa  Code  Gb  tcp.o [1]
tcp_new_port            0x1000'2dd5    0x66  Code  Lc  tcp.o [1]
tcp_next_iss            0x1000'36c7    0x10  Code  Gb  tcp.o [1]
tcp_next_iss::iss       0x2000'0050     0x4  Data  Lc  tcp.o [1]
tcp_optidx              0x2000'd460     0x2  Data  Lc  tcp_in.o [1]
tcp_output              0x1000'43db   0x260  Code  Gb  tcp_out.o [1]
tcp_output_alloc_header
                        0x1000'394d    0x9c  Code  Lc  tcp_out.o [1]
tcp_output_segment      0x1000'463b    0xe0  Code  Lc  tcp_out.o [1]
tcp_parseopt            0x1000'1871    0xaa  Code  Lc  tcp_in.o [1]
tcp_pbuf_prealloc       0x1000'3b0f    0xa8  Code  Lc  tcp_out.o [1]
tcp_pcb_lists           0x1001'80e4    0x10  Data  Gb  tcp.o [1]
tcp_pcb_purge           0x1000'35f5    0x56  Code  Gb  tcp.o [1]
tcp_pcb_remove          0x1000'364b    0x7c  Code  Gb  tcp.o [1]
tcp_persist_backoff     0x1001'83cc     0x8  Data  Gb  tcp.o [1]
tcp_poll                0x1000'35d9    0x1c  Code  Gb  tcp.o [1]
tcp_port                0x2000'0196     0x2  Data  Lc  tcp.o [1]
tcp_process             0x1000'0b85   0x546  Code  Lc  tcp_in.o [1]
tcp_process_refused_data
                        0x1000'32a1    0x92  Code  Gb  tcp.o [1]
tcp_receive             0x1000'1125   0x70a  Code  Lc  tcp_in.o [1]
tcp_recv                0x1000'356d    0x1a  Code  Gb  tcp.o [1]
tcp_recv_null           0x1000'3367    0x32  Code  Gb  tcp.o [1]
tcp_recved              0x1000'2d67    0x6e  Code  Gb  tcp.o [1]
tcp_remove_listener     0x1000'286b    0x16  Code  Lc  tcp.o [1]
tcp_rexmit              0x1000'4889    0x5a  Code  Gb  tcp_out.o [1]
tcp_rexmit_fast         0x1000'48e3    0x74  Code  Gb  tcp_out.o [1]
tcp_rexmit_rto          0x1000'4845    0x44  Code  Gb  tcp_out.o [1]
tcp_rst                 0x1000'4721    0xbe  Code  Gb  tcp_out.o [1]
tcp_seg_free            0x1000'3349    0x1e  Code  Gb  tcp.o [1]
tcp_segs_free           0x1000'3333    0x16  Code  Gb  tcp.o [1]
tcp_send_empty_ack      0x1000'433d    0x9e  Code  Gb  tcp_out.o [1]
tcp_send_fin            0x1000'39e9    0x4a  Code  Gb  tcp_out.o [1]
tcp_sent                0x1000'358d    0x1a  Code  Gb  tcp.o [1]
tcp_shutdown            0x1000'2adb    0x66  Code  Gb  tcp.o [1]
tcp_slowtmr             0x1000'2e49   0x3cc  Code  Gb  tcp.o [1]
tcp_ticks               0x2000'd2a0     0x4  Data  Gb  tcp.o [1]
tcp_timer               0x2000'd46d     0x1  Data  Lc  tcp.o [1]
tcp_timer_ctr           0x2000'd46e     0x1  Data  Lc  tcp.o [1]
tcp_timer_needed        0x1000'4add    0x2a  Code  Gb  lwip_timers.o [1]
tcp_timewait_input      0x1000'0aed    0x88  Code  Lc  tcp_in.o [1]
tcp_tmr                 0x1000'284f    0x1c  Code  Gb  tcp.o [1]
tcp_trigger_input_pcb_close
                        0x1000'1921     0xc  Code  Gb  tcp_in.o [1]
tcp_tw_pcbs             0x2000'd2b0     0x4  Data  Gb  tcp.o [1]
tcp_update_rcv_ann_wnd  0x1000'2d0b    0x5c  Code  Gb  tcp.o [1]
tcp_write               0x1000'3c59   0x56a  Code  Gb  tcp_out.o [1]
tcp_write_checks        0x1000'3bb7    0xa2  Code  Lc  tcp_out.o [1]
tcp_zero_window_probe   0x1000'49c5    0xec  Code  Gb  tcp_out.o [1]
tcphdr                  0x2000'd2c8     0x4  Data  Lc  tcp_in.o [1]
tcphdr_opt1len          0x2000'd45e     0x2  Data  Lc  tcp_in.o [1]
tcphdr_opt2             0x2000'd2cc     0x4  Data  Lc  tcp_in.o [1]
tcphdr_optlen           0x2000'd45c     0x2  Data  Lc  tcp_in.o [1]
tcpip_init              0x1000'e51b    0x38  Code  Gb  tcpip.o [1]
tcpip_init_done         0x2000'd2e0     0x4  Data  Lc  tcpip.o [1]
tcpip_init_done_arg     0x2000'd2e4     0x4  Data  Lc  tcpip.o [1]
tcpip_inpkt             0x1000'e457    0x58  Code  Gb  tcpip.o [1]
tcpip_input             0x1000'e4af    0x28  Code  Gb  tcpip.o [1]
tcpip_send_msg_wait_sem
                        0x1000'e4d7    0x44  Code  Gb  tcpip.o [1]
tcpip_tcp_timer         0x1000'4ab1    0x2c  Code  Lc  lwip_timers.o [1]
tcpip_tcp_timer_active  0x2000'6410     0x4  Data  Lc  lwip_timers.o [1]
tcpip_thread            0x1000'e3b1    0xa6  Code  Lc  tcpip.o [1]
tcplen                  0x2000'd462     0x2  Data  Lc  tcp_in.o [1]
ucMaxSysCallPriority    0x2000'd46b     0x1  Data  Lc  port.o [1]
udp_bind                0x1000'958d    0xaa  Code  Gb  udp.o [1]
udp_init                0x1000'9179     0x2  Code  Gb  udp.o [1]
udp_input               0x1000'921f   0x19a  Code  Gb  udp.o [1]
udp_input_local_match   0x1000'91c9    0x56  Code  Lc  udp.o [1]
udp_netif_ipv4_addr_changed
                        0x1000'9663    0x34  Code  Gb  udp.o [1]
udp_new                 0x1000'963d    0x26  Code  Gb  udp.o [1]
udp_new_port            0x1000'917b    0x4e  Code  Lc  udp.o [1]
udp_pcbs                0x2000'd324     0x4  Data  Gb  udp.o [1]
udp_port                0x2000'0198     0x2  Data  Lc  udp.o [1]
udp_recv                0x1000'9637     0x6  Code  Gb  udp.o [1]
udp_send                0x1000'93b9    0x1e  Code  Gb  udp.o [1]
udp_sendto              0x1000'93d7    0x42  Code  Gb  udp.o [1]
udp_sendto_if           0x1000'9419    0x64  Code  Gb  udp.o [1]
udp_sendto_if_src       0x1000'947d   0x110  Code  Gb  udp.o [1]
udpecho_init            0x1000'e7ab    0x16  Code  Gb  udpecho.o [1]
udpecho_thread          0x1000'e6e5    0xc6  Code  Lc  udpecho.o [1]
ulMaxPRIGROUPValue      0x2000'cc44     0x4  Data  Lc  port.o [1]
ulStoppedTimerCompensation
                        0x2000'cc40     0x4  Data  Lc  port.o [1]
ulTaskSwitchedInTime    0x2000'd298     0x4  Data  Lc  tasks.o [1]
ulTimerCountsForOneTick
                        0x2000'cc38     0x4  Data  Lc  port.o [1]
ulTotalRunTime          0x2000'd29c     0x4  Data  Lc  tasks.o [1]
updatedDutycycle        0x2000'019c     0x1  Data  Gb  hard_init.o [1]
uxCriticalNesting       0x2000'0048     0x4  Data  Lc  port.o [1]
uxCurrentNumberOfTasks  0x2000'd270     0x4  Data  Lc  tasks.o [1]
uxListRemove            0x1000'7c0f    0x28  Code  Gb  list.o [1]
uxPendedTicks           0x2000'd280     0x4  Data  Lc  tasks.o [1]
uxQueueMessagesWaiting  0x1000'61ab    0x26  Code  Gb  queue.o [1]
uxSchedulerSuspended    0x2000'd294     0x4  Data  Lc  tasks.o [1]
uxTaskNumber            0x2000'd28c     0x4  Data  Lc  tasks.o [1]
uxTaskResetEventItemValue
                        0x1000'727d    0x16  Code  Gb  tasks.o [1]
uxTasksDeleted          0x2000'd254     0x4  Data  Lc  tasks.o [1]
uxTopReadyPriority      0x2000'd278     0x4  Data  Lc  tasks.o [1]
vApplicationIdleHook    0x1000'72c9     0x2  Code  Gb  tasks.o [1]
vApplicationStackOverflowHook
                        0x1000'83a9    0x12  Code  Gb  lwip_udpecho_freertos.o [1]
vEventGroupSetBitsCallback
                        0x1001'4533    0x10  Code  Gb  event_groups.o [1]
vListInitialise         0x1000'7b9d    0x1e  Code  Gb  list.o [1]
vListInitialiseItem     0x1000'7bbb     0x6  Code  Gb  list.o [1]
vListInsert             0x1000'7bd9    0x36  Code  Gb  list.o [1]
vListInsertEnd          0x1000'7bc1    0x18  Code  Gb  list.o [1]
vPortEnableVFP          0x1000'7b81          Code  Gb  portasm.o [1]
vPortEnterCritical      0x1000'59cf    0x34  Code  Gb  port.o [1]
vPortExitCritical       0x1000'5a03    0x2c  Code  Gb  port.o [1]
vPortFree               0x1000'7c97     0xe  Code  Gb  heap_3.o [1]
vPortStartFirstTask     0x1000'7b69          Code  Gb  portasm.o [1]
vPortSuppressTicksAndSleep
                        0x1000'5add   0x14c  Code  Wk  port.o [1]
vPortValidateInterruptPriority
                        0x1000'5a5d    0x4e  Code  Gb  port.o [1]
vQueueAddToRegistry     0x1000'6395    0x26  Code  Gb  queue.o [1]
vQueueDelete            0x1000'61d1    0x28  Code  Gb  queue.o [1]
vQueueUnregisterQueue   0x1000'63bb    0x20  Code  Gb  queue.o [1]
vQueueWaitForMessageRestricted
                        0x1000'63e5    0x44  Code  Gb  queue.o [1]
vTaskDelay              0x1000'657b    0x78  Code  Gb  tasks.o [1]
vTaskMissedYield        0x1000'6e55     0xa  Code  Gb  tasks.o [1]
vTaskPlaceOnEventList   0x1000'6afd    0x6a  Code  Gb  tasks.o [1]
vTaskPlaceOnEventListRestricted
                        0x1000'6c09    0x76  Code  Gb  tasks.o [1]
vTaskPlaceOnUnorderedEventList
                        0x1000'6b69    0x9a  Code  Gb  tasks.o [1]
vTaskPriorityInherit    0x1000'7129    0x9a  Code  Gb  tasks.o [1]
vTaskResume             0x1000'6701    0x82  Code  Gb  tasks.o [1]
vTaskSetTimeOutState    0x1000'6dad    0x26  Code  Gb  tasks.o [1]
vTaskStartScheduler     0x1000'6783    0x78  Code  Gb  tasks.o [1]
vTaskStepTick           0x1000'6915    0x2a  Code  Gb  tasks.o [1]
vTaskSuspend            0x1000'65f3    0xd0  Code  Gb  tasks.o [1]
vTaskSuspendAll         0x1000'67fb     0xc  Code  Gb  tasks.o [1]
vTaskSwitchContext      0x1000'6a45    0xb4  Code  Gb  tasks.o [1]
xActiveTimerList1       0x2000'd2ec    0x14  Data  Lc  timers.o [1]
xActiveTimerList2       0x2000'd300    0x14  Data  Lc  timers.o [1]
xDelayedTaskList1       0x2000'd1fc    0x14  Data  Lc  tasks.o [1]
xDelayedTaskList2       0x2000'd210    0x14  Data  Lc  tasks.o [1]
xEventGroupCreate       0x1001'42fd    0x1c  Code  Gb  event_groups.o [1]
xEventGroupSetBits      0x1001'445d    0xd6  Code  Gb  event_groups.o [1]
xEventGroupSetBitsFromISR
                        0x1001'4567    0x16  Code  Gb  event_groups.o [1]
xEventGroupWaitBits     0x1001'4319   0x144  Code  Gb  event_groups.o [1]
xHandle_start_convert   0x2000'637c     0x4  Data  Gb  hard_init.o [1]
xHandle_start_ethernet  0x2000'6380     0x4  Data  Gb  hard_init.o [1]
xHandle_timeout_frame   0x2000'5e4c     0x4  Data  Gb  fsl_debug_console.o [1]
xIdleTaskHandle         0x2000'd26c     0x4  Data  Lc  tasks.o [1]
xMaximumPossibleSuppressedTicks
                        0x2000'cc3c     0x4  Data  Lc  port.o [1]
xNextTaskUnblockTime    0x2000'd290     0x4  Data  Lc  tasks.o [1]
xNumOfOverflows         0x2000'd288     0x4  Data  Lc  tasks.o [1]
xPendingReadyList       0x2000'd22c    0x14  Data  Lc  tasks.o [1]
xPortStartScheduler     0x1000'591b    0xb4  Code  Gb  port.o [1]
xQueueCreateMutex       0x1000'5d33    0x58  Code  Gb  queue.o [1]
xQueueGenericCreate     0x1000'5cb9    0x7a  Code  Gb  queue.o [1]
xQueueGenericReceive    0x1000'5fff   0x1ac  Code  Gb  queue.o [1]
xQueueGenericReset      0x1000'5c29    0x90  Code  Gb  queue.o [1]
xQueueGenericSend       0x1000'5d8b   0x19e  Code  Gb  queue.o [1]
xQueueGenericSendFromISR
                        0x1000'5f29    0xd6  Code  Gb  queue.o [1]
xQueueIsQueueFullFromISR
                        0x1000'636f    0x26  Code  Gb  queue.o [1]
xQueueRegistry          0x2000'cc48    0x40  Data  Gb  queue.o [1]
xSchedulerRunning       0x2000'd27c     0x4  Data  Lc  tasks.o [1]
xSuspendedTaskList      0x2000'd258    0x14  Data  Lc  tasks.o [1]
xTaskCheckForTimeOut    0x1000'6dd3    0x82  Code  Gb  tasks.o [1]
xTaskGenericCreate      0x1000'6429   0x152  Code  Gb  tasks.o [1]
xTaskGetSchedulerState  0x1000'7109    0x20  Code  Gb  tasks.o [1]
xTaskGetTickCount       0x1000'690d     0x8  Code  Gb  tasks.o [1]
xTaskIncrementTick      0x1000'693f    0xf2  Code  Gb  tasks.o [1]
xTaskPriorityDisinherit
                        0x1000'71c9    0xac  Code  Gb  tasks.o [1]
xTaskRemoveFromEventList
                        0x1000'6c89    0x8a  Code  Gb  tasks.o [1]
xTaskRemoveFromUnorderedEventList
                        0x1000'6d19    0x8a  Code  Gb  tasks.o [1]
xTaskResumeAll          0x1000'6833    0xda  Code  Gb  tasks.o [1]
xTasksWaitingTermination
                        0x2000'd240    0x14  Data  Lc  tasks.o [1]
xTickCount              0x2000'd274     0x4  Data  Lc  tasks.o [1]
xTimerCreateTimerTask   0x1000'7f0d    0x4e  Code  Gb  timers.o [1]
xTimerGenericCommand    0x1000'7f5b    0x82  Code  Gb  timers.o [1]
xTimerPendFunctionCallFromISR
                        0x1000'8357    0x2a  Code  Gb  timers.o [1]
xTimerQueue             0x2000'd31c     0x4  Data  Lc  timers.o [1]
xYieldPending           0x2000'd284     0x4  Data  Lc  tasks.o [1]


[1] = D:\Projects\MainLDrv20\lamp_app\SDK_2.0_TWR-KV58F220M2\boards\twrkv58f220m\demo_apps\lwip\lwip_udpecho\freertos\iar\debug\obj
[2] = dl7M_tlf.a
[3] = m7M_tls.a
[4] = rt7M_tl.a
[5] = shb_l.a

   87'354 bytes of readonly  code memory
   12'671 bytes of readonly  data memory (+ 32 absolute)
  121'453 bytes of readwrite data memory

Errors: none
Warnings: none
